2025-12-27T05:08:33.4385847Z Current runner version: '2.330.0'
2025-12-27T05:08:33.4410071Z ##[group]Runner Image Provisioner
2025-12-27T05:08:33.4410873Z Hosted Compute Agent
2025-12-27T05:08:33.4411413Z Version: 20251211.462
2025-12-27T05:08:33.4411948Z Commit: 6cbad8c2bb55d58165063d031ccabf57e2d2db61
2025-12-27T05:08:33.4412725Z Build Date: 2025-12-11T16:28:49Z
2025-12-27T05:08:33.4413339Z Worker ID: {c83a0190-b93c-4598-a90c-efbddeef153e}
2025-12-27T05:08:33.4414017Z ##[endgroup]
2025-12-27T05:08:33.4414603Z ##[group]Operating System
2025-12-27T05:08:33.4415126Z Ubuntu
2025-12-27T05:08:33.4415575Z 24.04.3
2025-12-27T05:08:33.4416055Z LTS
2025-12-27T05:08:33.4416495Z ##[endgroup]
2025-12-27T05:08:33.4416967Z ##[group]Runner Image
2025-12-27T05:08:33.4417913Z Image: ubuntu-24.04
2025-12-27T05:08:33.4418405Z Version: 20251215.174.1
2025-12-27T05:08:33.4419417Z Included Software: https://github.com/actions/runner-images/blob/ubuntu24/20251215.174/images/ubuntu/Ubuntu2404-Readme.md
2025-12-27T05:08:33.4420998Z Image Release: https://github.com/actions/runner-images/releases/tag/ubuntu24%2F20251215.174
2025-12-27T05:08:33.4421998Z ##[endgroup]
2025-12-27T05:08:33.4423119Z ##[group]GITHUB_TOKEN Permissions
2025-12-27T05:08:33.4424831Z Contents: read
2025-12-27T05:08:33.4425465Z Metadata: read
2025-12-27T05:08:33.4425981Z Packages: read
2025-12-27T05:08:33.4426469Z ##[endgroup]
2025-12-27T05:08:33.4428792Z Secret source: Actions
2025-12-27T05:08:33.4429481Z Prepare workflow directory
2025-12-27T05:08:33.4824061Z Prepare all required actions
2025-12-27T05:08:33.4862464Z Getting action download info
2025-12-27T05:08:33.8395439Z Download action repository 'actions/checkout@v4' (SHA:34e114876b0b11c390a56381ad16ebd13914f8d5)
2025-12-27T05:08:33.9629890Z Download action repository 'actions/setup-node@v4' (SHA:49933ea5288caeca8642d1e84afbd3f7d6820020)
2025-12-27T05:08:34.1049031Z Download action repository 'actions/upload-artifact@v4' (SHA:ea165f8d65b6e75b540449e92b4886f43607fa02)
2025-12-27T05:08:34.3200711Z Complete job name: full-core
2025-12-27T05:08:34.3891398Z ##[group]Run actions/checkout@v4
2025-12-27T05:08:34.3892199Z with:
2025-12-27T05:08:34.3892565Z   path: interface
2025-12-27T05:08:34.3892992Z   repository: bitres-labs/interface
2025-12-27T05:08:34.3893641Z   token: ***
2025-12-27T05:08:34.3894014Z   ssh-strict: true
2025-12-27T05:08:34.3894453Z   ssh-user: git
2025-12-27T05:08:34.3894835Z   persist-credentials: true
2025-12-27T05:08:34.3895261Z   clean: true
2025-12-27T05:08:34.3895637Z   sparse-checkout-cone-mode: true
2025-12-27T05:08:34.3896094Z   fetch-depth: 1
2025-12-27T05:08:34.3896457Z   fetch-tags: false
2025-12-27T05:08:34.3896846Z   show-progress: true
2025-12-27T05:08:34.3897231Z   lfs: false
2025-12-27T05:08:34.3897740Z   submodules: false
2025-12-27T05:08:34.3898137Z   set-safe-directory: true
2025-12-27T05:08:34.3898788Z env:
2025-12-27T05:08:34.3899129Z   CI: true
2025-12-27T05:08:34.3899468Z   TEST_SUITE: full
2025-12-27T05:08:34.3899850Z   WALLET_PROVIDER: okx
2025-12-27T05:08:34.3900234Z ##[endgroup]
2025-12-27T05:08:34.5062445Z Syncing repository: bitres-labs/interface
2025-12-27T05:08:34.5065119Z ##[group]Getting Git version info
2025-12-27T05:08:34.5066390Z Working directory is '/home/runner/work/interface/interface/interface'
2025-12-27T05:08:34.5068556Z [command]/usr/bin/git version
2025-12-27T05:08:34.5127202Z git version 2.52.0
2025-12-27T05:08:34.5153419Z ##[endgroup]
2025-12-27T05:08:34.5167810Z Temporarily overriding HOME='/home/runner/work/_temp/1d17d5c5-a82a-4837-a211-e4653f3a5603' before making global git config changes
2025-12-27T05:08:34.5169165Z Adding repository directory to the temporary git global config as a safe directory
2025-12-27T05:08:34.5173258Z [command]/usr/bin/git config --global --add safe.directory /home/runner/work/interface/interface/interface
2025-12-27T05:08:34.5212282Z ##[group]Initializing the repository
2025-12-27T05:08:34.5217037Z [command]/usr/bin/git init /home/runner/work/interface/interface/interface
2025-12-27T05:08:34.5326926Z hint: Using 'master' as the name for the initial branch. This default branch name
2025-12-27T05:08:34.5329020Z hint: will change to "main" in Git 3.0. To configure the initial branch name
2025-12-27T05:08:34.5330502Z hint: to use in all of your new repositories, which will suppress this warning,
2025-12-27T05:08:34.5331610Z hint: call:
2025-12-27T05:08:34.5332217Z hint:
2025-12-27T05:08:34.5332935Z hint: 	git config --global init.defaultBranch <name>
2025-12-27T05:08:34.5333645Z hint:
2025-12-27T05:08:34.5334174Z hint: Names commonly chosen instead of 'master' are 'main', 'trunk' and
2025-12-27T05:08:34.5335046Z hint: 'development'. The just-created branch can be renamed via this command:
2025-12-27T05:08:34.5335720Z hint:
2025-12-27T05:08:34.5336089Z hint: 	git branch -m <name>
2025-12-27T05:08:34.5336517Z hint:
2025-12-27T05:08:34.5337205Z hint: Disable this message with "git config set advice.defaultBranchName false"
2025-12-27T05:08:34.5339115Z Initialized empty Git repository in /home/runner/work/interface/interface/interface/.git/
2025-12-27T05:08:34.5342781Z [command]/usr/bin/git remote add origin https://github.com/bitres-labs/interface
2025-12-27T05:08:34.5378180Z ##[endgroup]
2025-12-27T05:08:34.5378876Z ##[group]Disabling automatic garbage collection
2025-12-27T05:08:34.5382455Z [command]/usr/bin/git config --local gc.auto 0
2025-12-27T05:08:34.5411075Z ##[endgroup]
2025-12-27T05:08:34.5411714Z ##[group]Setting up auth
2025-12-27T05:08:34.5417140Z [command]/usr/bin/git config --local --name-only --get-regexp core\.sshCommand
2025-12-27T05:08:34.5446083Z [command]/usr/bin/git submodule foreach --recursive sh -c "git config --local --name-only --get-regexp 'core\.sshCommand' && git config --local --unset-all 'core.sshCommand' || :"
2025-12-27T05:08:34.5790609Z [command]/usr/bin/git config --local --name-only --get-regexp http\.https\:\/\/github\.com\/\.extraheader
2025-12-27T05:08:34.5822026Z [command]/usr/bin/git submodule foreach --recursive sh -c "git config --local --name-only --get-regexp 'http\.https\:\/\/github\.com\/\.extraheader' && git config --local --unset-all 'http.https://github.com/.extraheader' || :"
2025-12-27T05:08:34.6044371Z [command]/usr/bin/git config --local --name-only --get-regexp ^includeIf\.gitdir:
2025-12-27T05:08:34.6081367Z [command]/usr/bin/git submodule foreach --recursive git config --local --show-origin --name-only --get-regexp remote.origin.url
2025-12-27T05:08:34.6305274Z [command]/usr/bin/git config --local http.https://github.com/.extraheader AUTHORIZATION: basic ***
2025-12-27T05:08:34.6340322Z ##[endgroup]
2025-12-27T05:08:34.6341076Z ##[group]Fetching the repository
2025-12-27T05:08:34.6350080Z [command]/usr/bin/git -c protocol.version=2 fetch --no-tags --prune --no-recurse-submodules --depth=1 origin +927faaa0c3b39ad4567ba59e36786b92c2c883a5:refs/remotes/origin/main
2025-12-27T05:08:35.0597870Z From https://github.com/bitres-labs/interface
2025-12-27T05:08:35.0599748Z  * [new ref]         927faaa0c3b39ad4567ba59e36786b92c2c883a5 -> origin/main
2025-12-27T05:08:35.0634231Z ##[endgroup]
2025-12-27T05:08:35.0635665Z ##[group]Determining the checkout info
2025-12-27T05:08:35.0637326Z ##[endgroup]
2025-12-27T05:08:35.0642786Z [command]/usr/bin/git sparse-checkout disable
2025-12-27T05:08:35.0689642Z [command]/usr/bin/git config --local --unset-all extensions.worktreeConfig
2025-12-27T05:08:35.0721205Z ##[group]Checking out the ref
2025-12-27T05:08:35.0723325Z [command]/usr/bin/git checkout --progress --force -B main refs/remotes/origin/main
2025-12-27T05:08:35.0956770Z Switched to a new branch 'main'
2025-12-27T05:08:35.0958646Z branch 'main' set up to track 'origin/main'.
2025-12-27T05:08:35.0966862Z ##[endgroup]
2025-12-27T05:08:35.1006102Z [command]/usr/bin/git log -1 --format=%H
2025-12-27T05:08:35.1028074Z 927faaa0c3b39ad4567ba59e36786b92c2c883a5
2025-12-27T05:08:35.1347455Z ##[group]Run actions/checkout@v4
2025-12-27T05:08:35.1348761Z with:
2025-12-27T05:08:35.1349598Z   repository: bitres-labs/bitres
2025-12-27T05:08:35.1350676Z   path: bitres
2025-12-27T05:08:35.1351534Z   submodules: recursive
2025-12-27T05:08:35.1352751Z   token: ***
2025-12-27T05:08:35.1353799Z   ssh-strict: true
2025-12-27T05:08:35.1354662Z   ssh-user: git
2025-12-27T05:08:35.1355553Z   persist-credentials: true
2025-12-27T05:08:35.1356569Z   clean: true
2025-12-27T05:08:35.1357466Z   sparse-checkout-cone-mode: true
2025-12-27T05:08:35.1358709Z   fetch-depth: 1
2025-12-27T05:08:35.1359579Z   fetch-tags: false
2025-12-27T05:08:35.1360476Z   show-progress: true
2025-12-27T05:08:35.1361398Z   lfs: false
2025-12-27T05:08:35.1362262Z   set-safe-directory: true
2025-12-27T05:08:35.1363291Z env:
2025-12-27T05:08:35.1364043Z   CI: true
2025-12-27T05:08:35.1364839Z   TEST_SUITE: full
2025-12-27T05:08:35.1365718Z   WALLET_PROVIDER: okx
2025-12-27T05:08:35.1366644Z ##[endgroup]
2025-12-27T05:08:35.2308838Z Syncing repository: bitres-labs/bitres
2025-12-27T05:08:35.2402163Z ##[group]Getting Git version info
2025-12-27T05:08:35.2405271Z Working directory is '/home/runner/work/interface/interface/bitres'
2025-12-27T05:08:35.2410325Z [command]/usr/bin/git version
2025-12-27T05:08:35.2419287Z git version 2.52.0
2025-12-27T05:08:35.2447169Z ##[endgroup]
2025-12-27T05:08:35.2462115Z Temporarily overriding HOME='/home/runner/work/_temp/69b54a17-e7ac-4ee5-967e-d81dd8c44f80' before making global git config changes
2025-12-27T05:08:35.2465361Z Adding repository directory to the temporary git global config as a safe directory
2025-12-27T05:08:35.2475175Z [command]/usr/bin/git config --global --add safe.directory /home/runner/work/interface/interface/bitres
2025-12-27T05:08:35.2506230Z ##[group]Initializing the repository
2025-12-27T05:08:35.2511454Z [command]/usr/bin/git init /home/runner/work/interface/interface/bitres
2025-12-27T05:08:35.2547042Z hint: Using 'master' as the name for the initial branch. This default branch name
2025-12-27T05:08:35.2550022Z hint: will change to "main" in Git 3.0. To configure the initial branch name
2025-12-27T05:08:35.2552022Z hint: to use in all of your new repositories, which will suppress this warning,
2025-12-27T05:08:35.2553562Z hint: call:
2025-12-27T05:08:35.2554302Z hint:
2025-12-27T05:08:35.2555237Z hint: 	git config --global init.defaultBranch <name>
2025-12-27T05:08:35.2556460Z hint:
2025-12-27T05:08:35.2557958Z hint: Names commonly chosen instead of 'master' are 'main', 'trunk' and
2025-12-27T05:08:35.2560543Z hint: 'development'. The just-created branch can be renamed via this command:
2025-12-27T05:08:35.2562084Z hint:
2025-12-27T05:08:35.2562829Z hint: 	git branch -m <name>
2025-12-27T05:08:35.2563743Z hint:
2025-12-27T05:08:35.2565042Z hint: Disable this message with "git config set advice.defaultBranchName false"
2025-12-27T05:08:35.2567277Z Initialized empty Git repository in /home/runner/work/interface/interface/bitres/.git/
2025-12-27T05:08:35.2570999Z [command]/usr/bin/git remote add origin https://github.com/bitres-labs/bitres
2025-12-27T05:08:35.2592468Z ##[endgroup]
2025-12-27T05:08:35.2593989Z ##[group]Disabling automatic garbage collection
2025-12-27T05:08:35.2595767Z [command]/usr/bin/git config --local gc.auto 0
2025-12-27T05:08:35.2624777Z ##[endgroup]
2025-12-27T05:08:35.2626122Z ##[group]Setting up auth
2025-12-27T05:08:35.2630752Z [command]/usr/bin/git config --local --name-only --get-regexp core\.sshCommand
2025-12-27T05:08:35.2660059Z [command]/usr/bin/git submodule foreach --recursive sh -c "git config --local --name-only --get-regexp 'core\.sshCommand' && git config --local --unset-all 'core.sshCommand' || :"
2025-12-27T05:08:35.2879867Z [command]/usr/bin/git config --local --name-only --get-regexp http\.https\:\/\/github\.com\/\.extraheader
2025-12-27T05:08:35.2909802Z [command]/usr/bin/git submodule foreach --recursive sh -c "git config --local --name-only --get-regexp 'http\.https\:\/\/github\.com\/\.extraheader' && git config --local --unset-all 'http.https://github.com/.extraheader' || :"
2025-12-27T05:08:35.3130703Z [command]/usr/bin/git config --local --name-only --get-regexp ^includeIf\.gitdir:
2025-12-27T05:08:35.3160904Z [command]/usr/bin/git submodule foreach --recursive git config --local --show-origin --name-only --get-regexp remote.origin.url
2025-12-27T05:08:35.3388491Z [command]/usr/bin/git config --local http.https://github.com/.extraheader AUTHORIZATION: basic ***
2025-12-27T05:08:35.3421709Z ##[endgroup]
2025-12-27T05:08:35.3423163Z ##[group]Determining the default branch
2025-12-27T05:08:35.3424745Z Retrieving the default branch name
2025-12-27T05:08:35.5885271Z Default branch 'main'
2025-12-27T05:08:35.5887260Z ##[endgroup]
2025-12-27T05:08:35.5889155Z ##[group]Fetching the repository
2025-12-27T05:08:35.5894149Z [command]/usr/bin/git -c protocol.version=2 fetch --no-tags --prune --no-recurse-submodules --depth=1 origin +refs/heads/main:refs/remotes/origin/main
2025-12-27T05:08:36.0591601Z From https://github.com/bitres-labs/bitres
2025-12-27T05:08:36.0593613Z  * [new branch]      main       -> origin/main
2025-12-27T05:08:36.0622310Z ##[endgroup]
2025-12-27T05:08:36.0623015Z ##[group]Determining the checkout info
2025-12-27T05:08:36.0623984Z ##[endgroup]
2025-12-27T05:08:36.0630544Z [command]/usr/bin/git sparse-checkout disable
2025-12-27T05:08:36.0670695Z [command]/usr/bin/git config --local --unset-all extensions.worktreeConfig
2025-12-27T05:08:36.0699167Z ##[group]Checking out the ref
2025-12-27T05:08:36.0704252Z [command]/usr/bin/git checkout --progress --force -B main refs/remotes/origin/main
2025-12-27T05:08:36.0867981Z Switched to a new branch 'main'
2025-12-27T05:08:36.0870304Z branch 'main' set up to track 'origin/main'.
2025-12-27T05:08:36.0878668Z ##[endgroup]
2025-12-27T05:08:36.0879459Z ##[group]Setting up auth for fetching submodules
2025-12-27T05:08:36.0884817Z [command]/usr/bin/git config --global http.https://github.com/.extraheader AUTHORIZATION: basic ***
2025-12-27T05:08:36.0924594Z [command]/usr/bin/git config --global --unset-all url.https://github.com/.insteadOf
2025-12-27T05:08:36.0956382Z [command]/usr/bin/git config --global --add url.https://github.com/.insteadOf git@github.com:
2025-12-27T05:08:36.0987940Z [command]/usr/bin/git config --global --add url.https://github.com/.insteadOf org-249517881@github.com:
2025-12-27T05:08:36.1017467Z ##[endgroup]
2025-12-27T05:08:36.1018351Z ##[group]Fetching submodules
2025-12-27T05:08:36.1022087Z [command]/usr/bin/git submodule sync --recursive
2025-12-27T05:08:36.1270512Z [command]/usr/bin/git -c protocol.version=2 submodule update --init --force --depth=1 --recursive
2025-12-27T05:08:36.1509947Z Submodule 'lib/forge-std' (https://github.com/foundry-rs/forge-std) registered for path 'lib/forge-std'
2025-12-27T05:08:36.1539611Z Cloning into '/home/runner/work/interface/interface/bitres/lib/forge-std'...
2025-12-27T05:08:37.1744152Z From https://github.com/foundry-rs/forge-std
2025-12-27T05:08:37.1745439Z  * branch            7117c90c8cf6c68e5acce4f09a6b24715cea4de6 -> FETCH_HEAD
2025-12-27T05:08:37.1874470Z Submodule path 'lib/forge-std': checked out '7117c90c8cf6c68e5acce4f09a6b24715cea4de6'
2025-12-27T05:08:37.1913094Z [command]/usr/bin/git submodule foreach --recursive git config --local gc.auto 0
2025-12-27T05:08:37.2132354Z Entering 'lib/forge-std'
2025-12-27T05:08:37.2179889Z ##[endgroup]
2025-12-27T05:08:37.2181746Z ##[group]Persisting credentials for submodules
2025-12-27T05:08:37.2187383Z [command]/usr/bin/git submodule foreach --recursive sh -c "git config --local --name-only --get-regexp 'url\.https\:\/\/github\.com\/\.insteadOf' && git config --local --unset-all 'url.https://github.com/.insteadOf' || :"
2025-12-27T05:08:37.2411168Z Entering 'lib/forge-std'
2025-12-27T05:08:37.2468150Z [command]/usr/bin/git submodule foreach --recursive sh -c "git config --local 'http.https://github.com/.extraheader' 'AUTHORIZATION: basic ***' && git config --local --show-origin --name-only --get-regexp remote.origin.url"
2025-12-27T05:08:37.2671619Z Entering 'lib/forge-std'
2025-12-27T05:08:37.2709545Z file:/home/runner/work/interface/interface/bitres/.git/modules/lib/forge-std/config	remote.origin.url
2025-12-27T05:08:37.2748396Z [command]/usr/bin/git submodule foreach --recursive git config --local --add 'url.https://github.com/.insteadOf' 'git@github.com:'
2025-12-27T05:08:37.2952364Z Entering 'lib/forge-std'
2025-12-27T05:08:37.3000891Z [command]/usr/bin/git submodule foreach --recursive git config --local --add 'url.https://github.com/.insteadOf' 'org-249517881@github.com:'
2025-12-27T05:08:37.3213685Z Entering 'lib/forge-std'
2025-12-27T05:08:37.3258400Z ##[endgroup]
2025-12-27T05:08:37.3293713Z [command]/usr/bin/git log -1 --format=%H
2025-12-27T05:08:37.3315747Z 741a4b962a4313a543f20234e77c48b4bb40fa2d
2025-12-27T05:08:37.3491819Z ##[group]Run actions/setup-node@v4
2025-12-27T05:08:37.3492065Z with:
2025-12-27T05:08:37.3492237Z   node-version: 22
2025-12-27T05:08:37.3492409Z   cache: npm
2025-12-27T05:08:37.3492731Z   cache-dependency-path: interface/package-lock.json
bitres/package-lock.json

2025-12-27T05:08:37.3493118Z   always-auth: false
2025-12-27T05:08:37.3493304Z   check-latest: false
2025-12-27T05:08:37.3493604Z   token: ***
2025-12-27T05:08:37.3493766Z env:
2025-12-27T05:08:37.3493919Z   CI: true
2025-12-27T05:08:37.3494072Z   TEST_SUITE: full
2025-12-27T05:08:37.3494272Z   WALLET_PROVIDER: okx
2025-12-27T05:08:37.3494451Z ##[endgroup]
2025-12-27T05:08:37.5517279Z Found in cache @ /opt/hostedtoolcache/node/22.21.1/x64
2025-12-27T05:08:37.5523842Z ##[group]Environment details
2025-12-27T05:08:39.8223171Z node: v22.21.1
2025-12-27T05:08:39.8223504Z npm: 10.9.4
2025-12-27T05:08:39.8223762Z yarn: 1.22.22
2025-12-27T05:08:39.8224425Z ##[endgroup]
2025-12-27T05:08:39.8246175Z [command]/opt/hostedtoolcache/node/22.21.1/x64/bin/npm config get cache
2025-12-27T05:08:40.0657109Z /home/runner/.npm
2025-12-27T05:08:40.2213328Z Cache hit for: node-cache-Linux-x64-npm-8d734e393d317590153bbd64dd7479e6328f0370fb0eec0f6116b90b8b370db4
2025-12-27T05:08:41.3492566Z Received 127528005 of 131722309 (96.8%), 121.5 MBs/sec
2025-12-27T05:08:41.4466812Z Received 131722309 of 131722309 (100.0%), 114.4 MBs/sec
2025-12-27T05:08:41.4468997Z Cache Size: ~126 MB (131722309 B)
2025-12-27T05:08:41.4504724Z [command]/usr/bin/tar -xf /home/runner/work/_temp/2beabddd-9f2e-49bd-a0b4-229f66635b40/cache.tzst -P -C /home/runner/work/interface/interface --use-compress-program unzstd
2025-12-27T05:08:41.9904958Z Cache restored successfully
2025-12-27T05:08:42.0175858Z Cache restored from key: node-cache-Linux-x64-npm-8d734e393d317590153bbd64dd7479e6328f0370fb0eec0f6116b90b8b370db4
2025-12-27T05:08:42.0324620Z ##[group]Run npm ci
2025-12-27T05:08:42.0324884Z [36;1mnpm ci[0m
2025-12-27T05:08:42.0367423Z shell: /usr/bin/bash -e {0}
2025-12-27T05:08:42.0367801Z env:
2025-12-27T05:08:42.0367962Z   CI: true
2025-12-27T05:08:42.0368127Z   TEST_SUITE: full
2025-12-27T05:08:42.0368315Z   WALLET_PROVIDER: okx
2025-12-27T05:08:42.0368516Z ##[endgroup]
2025-12-27T05:08:44.0351585Z npm warn ERESOLVE overriding peer dependency
2025-12-27T05:08:44.0352253Z npm warn While resolving: @synthetixio/synpress-phantom@0.0.13
2025-12-27T05:08:44.0352713Z npm warn Found: @playwright/test@1.57.0
2025-12-27T05:08:44.0353078Z npm warn node_modules/@playwright/test
2025-12-27T05:08:44.0353512Z npm warn   dev @playwright/test@"^1.57.0" from the root project
2025-12-27T05:08:44.0354030Z npm warn   4 more (@synthetixio/ethereum-wallet-mock, ...)
2025-12-27T05:08:44.0354363Z npm warn
2025-12-27T05:08:44.0354624Z npm warn Could not resolve dependency:
2025-12-27T05:08:44.0355210Z npm warn peer @playwright/test@"1.48.2" from @synthetixio/synpress-phantom@0.0.13
2025-12-27T05:08:44.0355907Z npm warn node_modules/@synthetixio/synpress/node_modules/@synthetixio/synpress-phantom
2025-12-27T05:08:44.0356523Z npm warn   @synthetixio/synpress-phantom@"0.0.13" from @synthetixio/synpress@4.1.1
2025-12-27T05:08:44.0356973Z npm warn   node_modules/@synthetixio/synpress
2025-12-27T05:08:44.0357233Z npm warn
2025-12-27T05:08:44.0357809Z npm warn Conflicting peer dependency: @playwright/test@1.48.2
2025-12-27T05:08:44.0358214Z npm warn node_modules/@playwright/test
2025-12-27T05:08:44.0358665Z npm warn   peer @playwright/test@"1.48.2" from @synthetixio/synpress-phantom@0.0.13
2025-12-27T05:08:44.0359548Z npm warn   node_modules/@synthetixio/synpress/node_modules/@synthetixio/synpress-phantom
2025-12-27T05:08:44.0360484Z npm warn     @synthetixio/synpress-phantom@"0.0.13" from @synthetixio/synpress@4.1.1
2025-12-27T05:08:44.0361264Z npm warn     node_modules/@synthetixio/synpress
2025-12-27T05:08:44.1447023Z npm warn ERESOLVE overriding peer dependency
2025-12-27T05:08:44.1448241Z npm warn While resolving: use-sync-external-store@1.2.0
2025-12-27T05:08:44.1449039Z npm warn Found: react@19.2.0
2025-12-27T05:08:44.1449456Z npm warn node_modules/react
2025-12-27T05:08:44.1449967Z npm warn   react@"^19.2.0" from the root project
2025-12-27T05:08:44.1450605Z npm warn   34 more (@floating-ui/react, @floating-ui/react-dom, ...)
2025-12-27T05:08:44.1450956Z npm warn
2025-12-27T05:08:44.1451206Z npm warn Could not resolve dependency:
2025-12-27T05:08:44.1451660Z npm warn peer react@"^16.8.0 || ^17.0.0 || ^18.0.0" from use-sync-external-store@1.2.0
2025-12-27T05:08:44.1452177Z npm warn node_modules/valtio/node_modules/use-sync-external-store
2025-12-27T05:08:44.1452641Z npm warn   use-sync-external-store@"1.2.0" from valtio@1.13.2
2025-12-27T05:08:44.1452993Z npm warn   node_modules/valtio
2025-12-27T05:08:44.1453215Z npm warn
2025-12-27T05:08:44.1453493Z npm warn Conflicting peer dependency: react@18.3.1
2025-12-27T05:08:44.1453801Z npm warn node_modules/react
2025-12-27T05:08:44.1454221Z npm warn   peer react@"^16.8.0 || ^17.0.0 || ^18.0.0" from use-sync-external-store@1.2.0
2025-12-27T05:08:44.1454723Z npm warn   node_modules/valtio/node_modules/use-sync-external-store
2025-12-27T05:08:44.1455185Z npm warn     use-sync-external-store@"1.2.0" from valtio@1.13.2
2025-12-27T05:08:44.1455533Z npm warn     node_modules/valtio
2025-12-27T05:08:49.0110141Z npm warn deprecated inflight@1.0.6: This module is not supported, and leaks memory. Do not use it. Check out lru-cache if you want a good and tested way to coalesce async requests by a key value, which is much more comprehensive and powerful.
2025-12-27T05:08:49.1764559Z npm warn deprecated rimraf@2.7.1: Rimraf versions prior to v4 are no longer supported
2025-12-27T05:08:49.2123211Z npm warn deprecated @humanwhocodes/config-array@0.13.0: Use @eslint/config-array instead
2025-12-27T05:08:49.2368231Z npm warn deprecated rimraf@3.0.2: Rimraf versions prior to v4 are no longer supported
2025-12-27T05:08:49.4270697Z npm warn deprecated glob@7.2.3: Glob versions prior to v9 are no longer supported
2025-12-27T05:08:49.4455712Z npm warn deprecated @humanwhocodes/object-schema@2.0.3: Use @eslint/object-schema instead
2025-12-27T05:08:50.1203232Z npm warn deprecated fstream@1.0.12: This package is no longer supported.
2025-12-27T05:08:50.1482982Z npm warn deprecated @paulmillr/qr@0.2.1: The package is now available as "qr": npm install qr
2025-12-27T05:08:50.2302703Z npm warn deprecated source-map@0.8.0-beta.0: The work that was done in this beta branch won't be included in future versions
2025-12-27T05:08:52.8289070Z npm warn deprecated @walletconnect/sign-client@2.21.1: Reliability and performance improvements. See: https://github.com/WalletConnect/walletconnect-monorepo/releases
2025-12-27T05:08:52.8332804Z npm warn deprecated @walletconnect/sign-client@2.21.0: Reliability and performance improvements. See: https://github.com/WalletConnect/walletconnect-monorepo/releases
2025-12-27T05:08:52.8335855Z npm warn deprecated @walletconnect/sign-client@2.21.0: Reliability and performance improvements. See: https://github.com/WalletConnect/walletconnect-monorepo/releases
2025-12-27T05:08:52.8349076Z npm warn deprecated @walletconnect/sign-client@2.21.0: Reliability and performance improvements. See: https://github.com/WalletConnect/walletconnect-monorepo/releases
2025-12-27T05:08:52.9945221Z npm warn deprecated @walletconnect/universal-provider@2.21.1: Reliability and performance improvements. See: https://github.com/WalletConnect/walletconnect-monorepo/releases
2025-12-27T05:08:52.9979112Z npm warn deprecated @walletconnect/universal-provider@2.21.0: Reliability and performance improvements. See: https://github.com/WalletConnect/walletconnect-monorepo/releases
2025-12-27T05:08:52.9985128Z npm warn deprecated @walletconnect/universal-provider@2.21.0: Reliability and performance improvements. See: https://github.com/WalletConnect/walletconnect-monorepo/releases
2025-12-27T05:08:52.9987642Z npm warn deprecated @walletconnect/universal-provider@2.21.0: Reliability and performance improvements. See: https://github.com/WalletConnect/walletconnect-monorepo/releases
2025-12-27T05:08:54.1661829Z npm warn deprecated @walletconnect/ethereum-provider@2.21.1: Reliability and performance improvements. See: https://github.com/WalletConnect/walletconnect-monorepo/releases
2025-12-27T05:08:55.4715090Z npm warn deprecated eslint@8.57.1: This version is no longer supported. Please see https://eslint.org/version-support for other options.
2025-12-27T05:09:10.8331283Z 
2025-12-27T05:09:10.8331815Z > brs-interface@1.0.0 prepare
2025-12-27T05:09:10.8332306Z > husky
2025-12-27T05:09:10.8332485Z 
2025-12-27T05:09:10.9105417Z 
2025-12-27T05:09:10.9106220Z added 1227 packages, and audited 1228 packages in 29s
2025-12-27T05:09:10.9106744Z 
2025-12-27T05:09:10.9106989Z 309 packages are looking for funding
2025-12-27T05:09:10.9107371Z   run `npm fund` for details
2025-12-27T05:09:10.9495176Z 
2025-12-27T05:09:10.9495842Z 12 vulnerabilities (3 moderate, 9 high)
2025-12-27T05:09:10.9496252Z 
2025-12-27T05:09:10.9496592Z To address issues that do not require attention, run:
2025-12-27T05:09:10.9497191Z   npm audit fix
2025-12-27T05:09:10.9497446Z 
2025-12-27T05:09:10.9498186Z To address all issues possible (including breaking changes), run:
2025-12-27T05:09:10.9498951Z   npm audit fix --force
2025-12-27T05:09:10.9499248Z 
2025-12-27T05:09:10.9499726Z Some issues need review, and may require choosing
2025-12-27T05:09:10.9500373Z a different dependency.
2025-12-27T05:09:10.9500610Z 
2025-12-27T05:09:10.9500793Z Run `npm audit` for details.
2025-12-27T05:09:11.1058347Z ##[group]Run npx playwright install --with-deps chromium
2025-12-27T05:09:11.1058779Z [36;1mnpx playwright install --with-deps chromium[0m
2025-12-27T05:09:11.1059117Z [36;1mls -la ~/.cache/ms-playwright/ || true[0m
2025-12-27T05:09:11.1092074Z shell: /usr/bin/bash -e {0}
2025-12-27T05:09:11.1092290Z env:
2025-12-27T05:09:11.1092453Z   CI: true
2025-12-27T05:09:11.1092619Z   TEST_SUITE: full
2025-12-27T05:09:11.1092802Z   WALLET_PROVIDER: okx
2025-12-27T05:09:11.1092997Z ##[endgroup]
2025-12-27T05:09:11.9306299Z Installing dependencies...
2025-12-27T05:09:11.9371654Z Switching to root user to install dependencies...
2025-12-27T05:09:12.0462247Z Get:1 file:/etc/apt/apt-mirrors.txt Mirrorlist [144 B]
2025-12-27T05:09:12.0915439Z Hit:6 https://packages.microsoft.com/repos/azure-cli noble InRelease
2025-12-27T05:09:12.0920754Z Get:7 https://packages.microsoft.com/ubuntu/24.04/prod noble InRelease [3600 B]
2025-12-27T05:09:12.1777397Z Hit:2 http://azure.archive.ubuntu.com/ubuntu noble InRelease
2025-12-27T05:09:12.1790177Z Get:3 http://azure.archive.ubuntu.com/ubuntu noble-updates InRelease [126 kB]
2025-12-27T05:09:12.1859483Z Get:4 http://azure.archive.ubuntu.com/ubuntu noble-backports InRelease [126 kB]
2025-12-27T05:09:12.1980942Z Get:5 http://azure.archive.ubuntu.com/ubuntu noble-security InRelease [126 kB]
2025-12-27T05:09:12.2548595Z Get:8 https://packages.microsoft.com/ubuntu/24.04/prod noble/main amd64 Packages [77.1 kB]
2025-12-27T05:09:12.2693247Z Get:9 https://packages.microsoft.com/ubuntu/24.04/prod noble/main armhf Packages [11.4 kB]
2025-12-27T05:09:12.2721946Z Get:10 https://packages.microsoft.com/ubuntu/24.04/prod noble/main arm64 Packages [58.8 kB]
2025-12-27T05:09:12.3669330Z Get:11 http://azure.archive.ubuntu.com/ubuntu noble-updates/main amd64 Packages [1684 kB]
2025-12-27T05:09:12.3760490Z Get:12 http://azure.archive.ubuntu.com/ubuntu noble-updates/main Translation-en [311 kB]
2025-12-27T05:09:12.3787042Z Get:13 http://azure.archive.ubuntu.com/ubuntu noble-updates/main amd64 Components [175 kB]
2025-12-27T05:09:12.3805380Z Get:14 http://azure.archive.ubuntu.com/ubuntu noble-updates/main amd64 c-n-f Metadata [15.8 kB]
2025-12-27T05:09:12.3824699Z Get:15 http://azure.archive.ubuntu.com/ubuntu noble-updates/universe amd64 Packages [1506 kB]
2025-12-27T05:09:12.3905562Z Get:16 http://azure.archive.ubuntu.com/ubuntu noble-updates/universe Translation-en [306 kB]
2025-12-27T05:09:12.3932397Z Get:17 http://azure.archive.ubuntu.com/ubuntu noble-updates/universe amd64 Components [377 kB]
2025-12-27T05:09:12.3959618Z Get:18 http://azure.archive.ubuntu.com/ubuntu noble-updates/universe amd64 c-n-f Metadata [31.4 kB]
2025-12-27T05:09:12.3975368Z Get:19 http://azure.archive.ubuntu.com/ubuntu noble-updates/restricted amd64 Packages [2413 kB]
2025-12-27T05:09:12.4094783Z Get:20 http://azure.archive.ubuntu.com/ubuntu noble-updates/restricted Translation-en [550 kB]
2025-12-27T05:09:12.4544362Z Get:21 http://azure.archive.ubuntu.com/ubuntu noble-updates/restricted amd64 Components [212 B]
2025-12-27T05:09:12.4555739Z Get:22 http://azure.archive.ubuntu.com/ubuntu noble-updates/restricted amd64 c-n-f Metadata [516 B]
2025-12-27T05:09:12.4563357Z Get:23 http://azure.archive.ubuntu.com/ubuntu noble-updates/multiverse amd64 Packages [30.3 kB]
2025-12-27T05:09:12.4575367Z Get:24 http://azure.archive.ubuntu.com/ubuntu noble-updates/multiverse Translation-en [6048 B]
2025-12-27T05:09:12.4593853Z Get:25 http://azure.archive.ubuntu.com/ubuntu noble-updates/multiverse amd64 Components [940 B]
2025-12-27T05:09:12.4614723Z Get:26 http://azure.archive.ubuntu.com/ubuntu noble-updates/multiverse amd64 c-n-f Metadata [488 B]
2025-12-27T05:09:12.4626163Z Get:27 http://azure.archive.ubuntu.com/ubuntu noble-backports/main amd64 Packages [40.4 kB]
2025-12-27T05:09:12.4639689Z Get:28 http://azure.archive.ubuntu.com/ubuntu noble-backports/main amd64 Components [7316 B]
2025-12-27T05:09:12.4660607Z Get:29 http://azure.archive.ubuntu.com/ubuntu noble-backports/main amd64 c-n-f Metadata [368 B]
2025-12-27T05:09:12.4669941Z Get:30 http://azure.archive.ubuntu.com/ubuntu noble-backports/universe amd64 Packages [29.5 kB]
2025-12-27T05:09:12.4681458Z Get:31 http://azure.archive.ubuntu.com/ubuntu noble-backports/universe Translation-en [17.9 kB]
2025-12-27T05:09:12.4694533Z Get:32 http://azure.archive.ubuntu.com/ubuntu noble-backports/universe amd64 Components [10.5 kB]
2025-12-27T05:09:12.4706976Z Get:33 http://azure.archive.ubuntu.com/ubuntu noble-backports/universe amd64 c-n-f Metadata [1444 B]
2025-12-27T05:09:12.4721722Z Get:34 http://azure.archive.ubuntu.com/ubuntu noble-backports/restricted amd64 Components [216 B]
2025-12-27T05:09:12.5141442Z Get:35 http://azure.archive.ubuntu.com/ubuntu noble-backports/multiverse amd64 Components [212 B]
2025-12-27T05:09:12.5158713Z Get:36 http://azure.archive.ubuntu.com/ubuntu noble-security/main Translation-en [225 kB]
2025-12-27T05:09:12.5177999Z Get:37 http://azure.archive.ubuntu.com/ubuntu noble-security/main amd64 Components [21.5 kB]
2025-12-27T05:09:12.5189229Z Get:38 http://azure.archive.ubuntu.com/ubuntu noble-security/main amd64 c-n-f Metadata [9504 B]
2025-12-27T05:09:12.5201676Z Get:39 http://azure.archive.ubuntu.com/ubuntu noble-security/universe amd64 Components [71.5 kB]
2025-12-27T05:09:12.5215220Z Get:40 http://azure.archive.ubuntu.com/ubuntu noble-security/restricted amd64 Components [212 B]
2025-12-27T05:09:12.5227878Z Get:41 http://azure.archive.ubuntu.com/ubuntu noble-security/multiverse amd64 Components [212 B]
2025-12-27T05:09:23.7531787Z Fetched 8374 kB in 1s (7014 kB/s)
2025-12-27T05:09:24.5240104Z Reading package lists...
2025-12-27T05:09:24.5499557Z Reading package lists...
2025-12-27T05:09:24.7249219Z Building dependency tree...
2025-12-27T05:09:24.7256679Z Reading state information...
2025-12-27T05:09:24.8877864Z libasound2t64 is already the newest version (1.2.11-1ubuntu0.1).
2025-12-27T05:09:24.8878540Z libasound2t64 set to manually installed.
2025-12-27T05:09:24.8879118Z libatk-bridge2.0-0t64 is already the newest version (2.52.0-1build1).
2025-12-27T05:09:24.8879712Z libatk-bridge2.0-0t64 set to manually installed.
2025-12-27T05:09:24.8880241Z libatk1.0-0t64 is already the newest version (2.52.0-1build1).
2025-12-27T05:09:24.8881194Z libatk1.0-0t64 set to manually installed.
2025-12-27T05:09:24.8881717Z libatspi2.0-0t64 is already the newest version (2.52.0-1build1).
2025-12-27T05:09:24.8882153Z libatspi2.0-0t64 set to manually installed.
2025-12-27T05:09:24.8882616Z libcairo2 is already the newest version (1.18.0-3build1).
2025-12-27T05:09:24.8883148Z libcairo2 set to manually installed.
2025-12-27T05:09:24.8883583Z libcups2t64 is already the newest version (2.4.7-1.2ubuntu7.9).
2025-12-27T05:09:24.8884026Z libcups2t64 set to manually installed.
2025-12-27T05:09:24.8884449Z libdbus-1-3 is already the newest version (1.14.10-4ubuntu4.1).
2025-12-27T05:09:24.8884849Z libdbus-1-3 set to manually installed.
2025-12-27T05:09:24.8885278Z libdrm2 is already the newest version (2.4.122-1~ubuntu0.24.04.2).
2025-12-27T05:09:24.8885694Z libdrm2 set to manually installed.
2025-12-27T05:09:24.8886110Z libgbm1 is already the newest version (25.0.7-0ubuntu0.24.04.2).
2025-12-27T05:09:24.8886512Z libgbm1 set to manually installed.
2025-12-27T05:09:24.8886956Z libnspr4 is already the newest version (2:4.35-1.1build1).
2025-12-27T05:09:24.8887343Z libnspr4 set to manually installed.
2025-12-27T05:09:24.8887900Z libnss3 is already the newest version (2:3.98-1build1).
2025-12-27T05:09:24.8888289Z libnss3 set to manually installed.
2025-12-27T05:09:24.8888920Z libpango-1.0-0 is already the newest version (1.52.1+ds-1build1).
2025-12-27T05:09:24.8889355Z libpango-1.0-0 set to manually installed.
2025-12-27T05:09:24.8889781Z libx11-6 is already the newest version (2:1.8.7-1build1).
2025-12-27T05:09:24.8890163Z libx11-6 set to manually installed.
2025-12-27T05:09:24.8890543Z libxcb1 is already the newest version (1.15-1ubuntu2).
2025-12-27T05:09:24.8890910Z libxcb1 set to manually installed.
2025-12-27T05:09:24.8891534Z libxcomposite1 is already the newest version (1:0.4.5-1build3).
2025-12-27T05:09:24.8891983Z libxcomposite1 set to manually installed.
2025-12-27T05:09:24.8892416Z libxdamage1 is already the newest version (1:1.1.6-1build1).
2025-12-27T05:09:24.8892791Z libxdamage1 set to manually installed.
2025-12-27T05:09:24.8893139Z libxext6 is already the newest version (2:1.3.4-1build2).
2025-12-27T05:09:24.8893474Z libxext6 set to manually installed.
2025-12-27T05:09:24.8893823Z libxfixes3 is already the newest version (1:6.0.0-2build1).
2025-12-27T05:09:24.8894169Z libxfixes3 set to manually installed.
2025-12-27T05:09:24.8894525Z libxkbcommon0 is already the newest version (1.6.0-1build1).
2025-12-27T05:09:24.8894877Z libxkbcommon0 set to manually installed.
2025-12-27T05:09:24.8895248Z libxrandr2 is already the newest version (2:1.5.2-2build1).
2025-12-27T05:09:24.8895592Z libxrandr2 set to manually installed.
2025-12-27T05:09:24.8895943Z xvfb is already the newest version (2:21.1.12-1ubuntu1.5).
2025-12-27T05:09:24.8896435Z fonts-noto-color-emoji is already the newest version (2.047-0ubuntu0.24.04.1).
2025-12-27T05:09:24.8896948Z libfontconfig1 is already the newest version (2.15.0-1.1ubuntu2).
2025-12-27T05:09:24.8897333Z libfontconfig1 set to manually installed.
2025-12-27T05:09:24.8897842Z libfreetype6 is already the newest version (2.13.2+dfsg-1build3).
2025-12-27T05:09:24.8898214Z libfreetype6 set to manually installed.
2025-12-27T05:09:24.8898598Z fonts-liberation is already the newest version (1:2.1.5-3).
2025-12-27T05:09:24.8898978Z fonts-liberation set to manually installed.
2025-12-27T05:09:24.8899346Z The following additional packages will be installed:
2025-12-27T05:09:24.8899788Z   gir1.2-glib-2.0 libglib2.0-bin libglib2.0-data xfonts-encodings xfonts-utils
2025-12-27T05:09:24.8900168Z Suggested packages:
2025-12-27T05:09:24.8900373Z   low-memory-monitor
2025-12-27T05:09:24.8900588Z Recommended packages:
2025-12-27T05:09:24.8900832Z   fonts-ipafont-mincho fonts-tlwg-loma
2025-12-27T05:09:24.9392318Z The following NEW packages will be installed:
2025-12-27T05:09:24.9393058Z   fonts-freefont-ttf fonts-ipafont-gothic fonts-tlwg-loma-otf fonts-unifont
2025-12-27T05:09:24.9401089Z   fonts-wqy-zenhei xfonts-cyrillic xfonts-encodings xfonts-scalable
2025-12-27T05:09:24.9401925Z   xfonts-utils
2025-12-27T05:09:24.9405249Z The following packages will be upgraded:
2025-12-27T05:09:24.9411614Z   gir1.2-glib-2.0 libglib2.0-0t64 libglib2.0-bin libglib2.0-data
2025-12-27T05:09:24.9584949Z 4 upgraded, 9 newly installed, 0 to remove and 65 not upgraded.
2025-12-27T05:09:24.9585386Z Need to get 23.0 MB of archives.
2025-12-27T05:09:24.9585886Z After this operation, 79.5 MB of additional disk space will be used.
2025-12-27T05:09:24.9586671Z Get:1 file:/etc/apt/apt-mirrors.txt Mirrorlist [144 B]
2025-12-27T05:09:25.0380952Z Get:2 http://azure.archive.ubuntu.com/ubuntu noble/universe amd64 fonts-ipafont-gothic all 00303-21ubuntu1 [3513 kB]
2025-12-27T05:09:25.3160328Z Get:3 http://azure.archive.ubuntu.com/ubuntu noble-updates/main amd64 libglib2.0-data all 2.80.0-6ubuntu3.5 [48.8 kB]
2025-12-27T05:09:25.3476768Z Get:4 http://azure.archive.ubuntu.com/ubuntu noble-updates/main amd64 libglib2.0-bin amd64 2.80.0-6ubuntu3.5 [97.9 kB]
2025-12-27T05:09:25.3810736Z Get:5 http://azure.archive.ubuntu.com/ubuntu noble-updates/main amd64 gir1.2-glib-2.0 amd64 2.80.0-6ubuntu3.5 [183 kB]
2025-12-27T05:09:25.4149770Z Get:6 http://azure.archive.ubuntu.com/ubuntu noble-updates/main amd64 libglib2.0-0t64 amd64 2.80.0-6ubuntu3.5 [1544 kB]
2025-12-27T05:09:25.4617773Z Get:7 http://azure.archive.ubuntu.com/ubuntu noble/main amd64 fonts-freefont-ttf all 20211204+svn4273-2 [5641 kB]
2025-12-27T05:09:25.5537201Z Get:8 http://azure.archive.ubuntu.com/ubuntu noble/universe amd64 fonts-tlwg-loma-otf all 1:0.7.3-1 [107 kB]
2025-12-27T05:09:25.5863351Z Get:9 http://azure.archive.ubuntu.com/ubuntu noble/universe amd64 fonts-unifont all 1:15.1.01-1build1 [2993 kB]
2025-12-27T05:09:25.6467676Z Get:10 http://azure.archive.ubuntu.com/ubuntu noble/universe amd64 fonts-wqy-zenhei all 0.9.45-8 [7472 kB]
2025-12-27T05:09:25.7588941Z Get:11 http://azure.archive.ubuntu.com/ubuntu noble/main amd64 xfonts-encodings all 1:1.0.5-0ubuntu2 [578 kB]
2025-12-27T05:09:25.7956199Z Get:12 http://azure.archive.ubuntu.com/ubuntu noble/main amd64 xfonts-utils amd64 1:7.7+6build3 [94.4 kB]
2025-12-27T05:09:25.8282813Z Get:13 http://azure.archive.ubuntu.com/ubuntu noble/universe amd64 xfonts-cyrillic all 1:1.0.5+nmu1 [384 kB]
2025-12-27T05:09:25.8649271Z Get:14 http://azure.archive.ubuntu.com/ubuntu noble/main amd64 xfonts-scalable all 1:1.0.3-1.3 [304 kB]
2025-12-27T05:09:26.1325385Z Fetched 23.0 MB in 1s (25.0 MB/s)
2025-12-27T05:09:26.1890124Z Selecting previously unselected package fonts-ipafont-gothic.
2025-12-27T05:09:26.2550770Z (Reading database ... 
2025-12-27T05:09:26.2551265Z (Reading database ... 5%
2025-12-27T05:09:26.2551663Z (Reading database ... 10%
2025-12-27T05:09:26.2552076Z (Reading database ... 15%
2025-12-27T05:09:26.2552474Z (Reading database ... 20%
2025-12-27T05:09:26.2552868Z (Reading database ... 25%
2025-12-27T05:09:26.2553275Z (Reading database ... 30%
2025-12-27T05:09:26.2553602Z (Reading database ... 35%
2025-12-27T05:09:26.2553854Z (Reading database ... 40%
2025-12-27T05:09:26.2554123Z (Reading database ... 45%
2025-12-27T05:09:26.2554375Z (Reading database ... 50%
2025-12-27T05:09:26.3051416Z (Reading database ... 55%
2025-12-27T05:09:26.6153968Z (Reading database ... 60%
2025-12-27T05:09:26.7584034Z (Reading database ... 65%
2025-12-27T05:09:26.8476587Z (Reading database ... 70%
2025-12-27T05:09:27.0109733Z (Reading database ... 75%
2025-12-27T05:09:27.4796593Z (Reading database ... 80%
2025-12-27T05:09:28.0291102Z (Reading database ... 85%
2025-12-27T05:09:28.7039508Z (Reading database ... 90%
2025-12-27T05:09:29.2363423Z (Reading database ... 95%
2025-12-27T05:09:29.2363913Z (Reading database ... 100%
2025-12-27T05:09:29.2364380Z (Reading database ... 217374 files and directories currently installed.)
2025-12-27T05:09:29.2408407Z Preparing to unpack .../00-fonts-ipafont-gothic_00303-21ubuntu1_all.deb ...
2025-12-27T05:09:29.2506428Z Unpacking fonts-ipafont-gothic (00303-21ubuntu1) ...
2025-12-27T05:09:29.4910767Z Preparing to unpack .../01-libglib2.0-data_2.80.0-6ubuntu3.5_all.deb ...
2025-12-27T05:09:29.4938361Z Unpacking libglib2.0-data (2.80.0-6ubuntu3.5) over (2.80.0-6ubuntu3.4) ...
2025-12-27T05:09:29.5319501Z Preparing to unpack .../02-libglib2.0-bin_2.80.0-6ubuntu3.5_amd64.deb ...
2025-12-27T05:09:29.5339960Z Unpacking libglib2.0-bin (2.80.0-6ubuntu3.5) over (2.80.0-6ubuntu3.4) ...
2025-12-27T05:09:29.6416834Z Preparing to unpack .../03-gir1.2-glib-2.0_2.80.0-6ubuntu3.5_amd64.deb ...
2025-12-27T05:09:29.6439290Z Unpacking gir1.2-glib-2.0:amd64 (2.80.0-6ubuntu3.5) over (2.80.0-6ubuntu3.4) ...
2025-12-27T05:09:29.6848736Z Preparing to unpack .../04-libglib2.0-0t64_2.80.0-6ubuntu3.5_amd64.deb ...
2025-12-27T05:09:29.6921342Z Unpacking libglib2.0-0t64:amd64 (2.80.0-6ubuntu3.5) over (2.80.0-6ubuntu3.4) ...
2025-12-27T05:09:29.7381279Z Selecting previously unselected package fonts-freefont-ttf.
2025-12-27T05:09:29.7519389Z Preparing to unpack .../05-fonts-freefont-ttf_20211204+svn4273-2_all.deb ...
2025-12-27T05:09:29.7527426Z Unpacking fonts-freefont-ttf (20211204+svn4273-2) ...
2025-12-27T05:09:29.8359975Z Selecting previously unselected package fonts-tlwg-loma-otf.
2025-12-27T05:09:29.8493251Z Preparing to unpack .../06-fonts-tlwg-loma-otf_1%3a0.7.3-1_all.deb ...
2025-12-27T05:09:29.8500856Z Unpacking fonts-tlwg-loma-otf (1:0.7.3-1) ...
2025-12-27T05:09:29.8708215Z Selecting previously unselected package fonts-unifont.
2025-12-27T05:09:29.8839988Z Preparing to unpack .../07-fonts-unifont_1%3a15.1.01-1build1_all.deb ...
2025-12-27T05:09:29.8875843Z Unpacking fonts-unifont (1:15.1.01-1build1) ...
2025-12-27T05:09:30.0056393Z Selecting previously unselected package fonts-wqy-zenhei.
2025-12-27T05:09:30.0189173Z Preparing to unpack .../08-fonts-wqy-zenhei_0.9.45-8_all.deb ...
2025-12-27T05:09:30.0333456Z Unpacking fonts-wqy-zenhei (0.9.45-8) ...
2025-12-27T05:09:30.4902264Z Selecting previously unselected package xfonts-encodings.
2025-12-27T05:09:30.5032587Z Preparing to unpack .../09-xfonts-encodings_1%3a1.0.5-0ubuntu2_all.deb ...
2025-12-27T05:09:30.5040250Z Unpacking xfonts-encodings (1:1.0.5-0ubuntu2) ...
2025-12-27T05:09:30.5335181Z Selecting previously unselected package xfonts-utils.
2025-12-27T05:09:30.5466610Z Preparing to unpack .../10-xfonts-utils_1%3a7.7+6build3_amd64.deb ...
2025-12-27T05:09:30.5473875Z Unpacking xfonts-utils (1:7.7+6build3) ...
2025-12-27T05:09:30.6199001Z Selecting previously unselected package xfonts-cyrillic.
2025-12-27T05:09:30.6331572Z Preparing to unpack .../11-xfonts-cyrillic_1%3a1.0.5+nmu1_all.deb ...
2025-12-27T05:09:30.6339996Z Unpacking xfonts-cyrillic (1:1.0.5+nmu1) ...
2025-12-27T05:09:30.6694495Z Selecting previously unselected package xfonts-scalable.
2025-12-27T05:09:30.6825187Z Preparing to unpack .../12-xfonts-scalable_1%3a1.0.3-1.3_all.deb ...
2025-12-27T05:09:30.6833159Z Unpacking xfonts-scalable (1:1.0.3-1.3) ...
2025-12-27T05:09:30.7261390Z Setting up fonts-wqy-zenhei (0.9.45-8) ...
2025-12-27T05:09:30.7379968Z Setting up fonts-freefont-ttf (20211204+svn4273-2) ...
2025-12-27T05:09:30.7404260Z Setting up libglib2.0-0t64:amd64 (2.80.0-6ubuntu3.5) ...
2025-12-27T05:09:30.7679935Z Setting up libglib2.0-data (2.80.0-6ubuntu3.5) ...
2025-12-27T05:09:30.7719267Z Setting up fonts-tlwg-loma-otf (1:0.7.3-1) ...
2025-12-27T05:09:30.7739943Z Setting up xfonts-encodings (1:1.0.5-0ubuntu2) ...
2025-12-27T05:09:30.7758871Z Setting up gir1.2-glib-2.0:amd64 (2.80.0-6ubuntu3.5) ...
2025-12-27T05:09:30.7778713Z Setting up fonts-ipafont-gothic (00303-21ubuntu1) ...
2025-12-27T05:09:30.7844793Z update-alternatives: using /usr/share/fonts/opentype/ipafont-gothic/ipag.ttf to provide /usr/share/fonts/truetype/fonts-japanese-gothic.ttf (fonts-japanese-gothic.ttf) in auto mode
2025-12-27T05:09:30.7866385Z Setting up fonts-unifont (1:15.1.01-1build1) ...
2025-12-27T05:09:30.7890221Z Setting up libglib2.0-bin (2.80.0-6ubuntu3.5) ...
2025-12-27T05:09:30.7911577Z Setting up xfonts-utils (1:7.7+6build3) ...
2025-12-27T05:09:30.7953372Z Setting up xfonts-cyrillic (1:1.0.5+nmu1) ...
2025-12-27T05:09:30.8402871Z Setting up xfonts-scalable (1:1.0.3-1.3) ...
2025-12-27T05:09:30.8783369Z Processing triggers for libc-bin (2.39-0ubuntu8.6) ...
2025-12-27T05:09:30.9539270Z Processing triggers for man-db (2.12.0-4build2) ...
2025-12-27T05:09:30.9683866Z Not building database; man-db/auto-update is not 'true'.
2025-12-27T05:09:30.9698579Z Processing triggers for fontconfig (2.15.0-1.1ubuntu2) ...
2025-12-27T05:09:32.1913371Z 
2025-12-27T05:09:32.1913933Z Running kernel seems to be up-to-date.
2025-12-27T05:09:32.1914202Z 
2025-12-27T05:09:32.2335563Z Restarting services...
2025-12-27T05:09:32.2336200Z  systemctl restart packagekit.service php8.3-fpm.service polkit.service udisks2.service
2025-12-27T05:09:32.3668761Z 
2025-12-27T05:09:32.3669510Z Service restarts being deferred:
2025-12-27T05:09:32.3670036Z  systemctl restart ModemManager.service
2025-12-27T05:09:32.3670557Z  systemctl restart networkd-dispatcher.service
2025-12-27T05:09:32.3670909Z 
2025-12-27T05:09:32.3671138Z No containers need to be restarted.
2025-12-27T05:09:32.3671395Z 
2025-12-27T05:09:32.3671673Z No user sessions are running outdated binaries.
2025-12-27T05:09:32.3671973Z 
2025-12-27T05:09:32.3672389Z No VM guests are running outdated hypervisor (qemu) binaries on this host.
2025-12-27T05:09:33.2998154Z Downloading Chromium 143.0.7499.4 (playwright build v1200) from https://cdn.playwright.dev/dbazure/download/playwright/builds/chromium/1200/chromium-linux.zip
2025-12-27T05:09:33.5544869Z |                                                                                |   0% of 164.7 MiB
2025-12-27T05:09:33.8142731Z |■■■■■■■■                                                                        |  10% of 164.7 MiB
2025-12-27T05:09:33.9259543Z |■■■■■■■■■■■■■■■■                                                                |  20% of 164.7 MiB
2025-12-27T05:09:34.0406960Z |■■■■■■■■■■■■■■■■■■■■■■■■                                                        |  30% of 164.7 MiB
2025-12-27T05:09:34.1442672Z |■■■■■■■■■■■■■■■■■■■■■■■■■■■■■■■■                                                |  40% of 164.7 MiB
2025-12-27T05:09:34.2377097Z |■■■■■■■■■■■■■■■■■■■■■■■■■■■■■■■■■■■■■■■■                                        |  50% of 164.7 MiB
2025-12-27T05:09:34.3252322Z |■■■■■■■■■■■■■■■■■■■■■■■■■■■■■■■■■■■■■■■■■■■■■■■■                                |  60% of 164.7 MiB
2025-12-27T05:09:34.4072264Z |■■■■■■■■■■■■■■■■■■■■■■■■■■■■■■■■■■■■■■■■■■■■■■■■■■■■■■■■                        |  70% of 164.7 MiB
2025-12-27T05:09:34.4894843Z |■■■■■■■■■■■■■■■■■■■■■■■■■■■■■■■■■■■■■■■■■■■■■■■■■■■■■■■■■■■■■■■■                |  80% of 164.7 MiB
2025-12-27T05:09:34.5719311Z |■■■■■■■■■■■■■■■■■■■■■■■■■■■■■■■■■■■■■■■■■■■■■■■■■■■■■■■■■■■■■■■■■■■■■■■■        |  90% of 164.7 MiB
2025-12-27T05:09:34.6545022Z |■■■■■■■■■■■■■■■■■■■■■■■■■■■■■■■■■■■■■■■■■■■■■■■■■■■■■■■■■■■■■■■■■■■■■■■■■■■■■■■■| 100% of 164.7 MiB
2025-12-27T05:09:37.1014715Z Chromium 143.0.7499.4 (playwright build v1200) downloaded to /home/runner/.cache/ms-playwright/chromium-1200
2025-12-27T05:09:37.1018526Z Downloading FFMPEG playwright build v1011 from https://cdn.playwright.dev/dbazure/download/playwright/builds/ffmpeg/1011/ffmpeg-linux.zip
2025-12-27T05:09:37.2755366Z |                                                                                |   0% of 2.3 MiB
2025-12-27T05:09:37.3013532Z |■■■■■■■■                                                                        |  10% of 2.3 MiB
2025-12-27T05:09:37.3128896Z |■■■■■■■■■■■■■■■■                                                                |  20% of 2.3 MiB
2025-12-27T05:09:37.3225808Z |■■■■■■■■■■■■■■■■■■■■■■■■                                                        |  30% of 2.3 MiB
2025-12-27T05:09:37.3250839Z |■■■■■■■■■■■■■■■■■■■■■■■■■■■■■■■■                                                |  40% of 2.3 MiB
2025-12-27T05:09:37.3273158Z |■■■■■■■■■■■■■■■■■■■■■■■■■■■■■■■■■■■■■■■■                                        |  50% of 2.3 MiB
2025-12-27T05:09:37.3342189Z |■■■■■■■■■■■■■■■■■■■■■■■■■■■■■■■■■■■■■■■■■■■■■■■■                                |  60% of 2.3 MiB
2025-12-27T05:09:37.3361653Z |■■■■■■■■■■■■■■■■■■■■■■■■■■■■■■■■■■■■■■■■■■■■■■■■■■■■■■■■                        |  70% of 2.3 MiB
2025-12-27T05:09:37.3378245Z |■■■■■■■■■■■■■■■■■■■■■■■■■■■■■■■■■■■■■■■■■■■■■■■■■■■■■■■■■■■■■■■■                |  80% of 2.3 MiB
2025-12-27T05:09:37.3398741Z |■■■■■■■■■■■■■■■■■■■■■■■■■■■■■■■■■■■■■■■■■■■■■■■■■■■■■■■■■■■■■■■■■■■■■■■■        |  90% of 2.3 MiB
2025-12-27T05:09:37.3407921Z |■■■■■■■■■■■■■■■■■■■■■■■■■■■■■■■■■■■■■■■■■■■■■■■■■■■■■■■■■■■■■■■■■■■■■■■■■■■■■■■■| 100% of 2.3 MiB
2025-12-27T05:09:37.4000745Z FFMPEG playwright build v1011 downloaded to /home/runner/.cache/ms-playwright/ffmpeg-1011
2025-12-27T05:09:37.4004146Z Downloading Chromium Headless Shell 143.0.7499.4 (playwright build v1200) from https://cdn.playwright.dev/dbazure/download/playwright/builds/chromium/1200/chromium-headless-shell-linux.zip
2025-12-27T05:09:37.6272828Z |                                                                                |   0% of 109.7 MiB
2025-12-27T05:09:37.8920181Z |■■■■■■■■                                                                        |  10% of 109.7 MiB
2025-12-27T05:09:37.9662327Z |■■■■■■■■■■■■■■■■                                                                |  20% of 109.7 MiB
2025-12-27T05:09:38.0358186Z |■■■■■■■■■■■■■■■■■■■■■■■■                                                        |  30% of 109.7 MiB
2025-12-27T05:09:38.1156764Z |■■■■■■■■■■■■■■■■■■■■■■■■■■■■■■■■                                                |  40% of 109.7 MiB
2025-12-27T05:09:38.1867746Z |■■■■■■■■■■■■■■■■■■■■■■■■■■■■■■■■■■■■■■■■                                        |  50% of 109.7 MiB
2025-12-27T05:09:38.2568490Z |■■■■■■■■■■■■■■■■■■■■■■■■■■■■■■■■■■■■■■■■■■■■■■■■                                |  60% of 109.7 MiB
2025-12-27T05:09:38.3274643Z |■■■■■■■■■■■■■■■■■■■■■■■■■■■■■■■■■■■■■■■■■■■■■■■■■■■■■■■■                        |  70% of 109.7 MiB
2025-12-27T05:09:38.3986234Z |■■■■■■■■■■■■■■■■■■■■■■■■■■■■■■■■■■■■■■■■■■■■■■■■■■■■■■■■■■■■■■■■                |  80% of 109.7 MiB
2025-12-27T05:09:38.4673021Z |■■■■■■■■■■■■■■■■■■■■■■■■■■■■■■■■■■■■■■■■■■■■■■■■■■■■■■■■■■■■■■■■■■■■■■■■        |  90% of 109.7 MiB
2025-12-27T05:09:38.5339193Z |■■■■■■■■■■■■■■■■■■■■■■■■■■■■■■■■■■■■■■■■■■■■■■■■■■■■■■■■■■■■■■■■■■■■■■■■■■■■■■■■| 100% of 109.7 MiB
2025-12-27T05:09:40.4145346Z Chromium Headless Shell 143.0.7499.4 (playwright build v1200) downloaded to /home/runner/.cache/ms-playwright/chromium_headless_shell-1200
2025-12-27T05:09:40.4339958Z total 24
2025-12-27T05:09:40.4340356Z drwxr-xr-x 6 runner runner 4096 Dec 27 05:09 .
2025-12-27T05:09:40.4340777Z drwxr-xr-x 3 runner runner 4096 Dec 27 05:09 ..
2025-12-27T05:09:40.4341280Z drwxr-xr-x 2 runner runner 4096 Dec 27 05:09 .links
2025-12-27T05:09:40.4341970Z drwxr-xr-x 3 runner runner 4096 Dec 27 05:09 chromium-1200
2025-12-27T05:09:40.4342769Z drwxr-xr-x 3 runner runner 4096 Dec 27 05:09 chromium_headless_shell-1200
2025-12-27T05:09:40.4343539Z drwxr-xr-x 2 runner runner 4096 Dec 27 05:09 ffmpeg-1011
2025-12-27T05:09:40.4371623Z ##[group]Run npm install --legacy-peer-deps
2025-12-27T05:09:40.4371966Z [36;1mnpm install --legacy-peer-deps[0m
2025-12-27T05:09:40.4405078Z shell: /usr/bin/bash -e {0}
2025-12-27T05:09:40.4405300Z env:
2025-12-27T05:09:40.4405460Z   CI: true
2025-12-27T05:09:40.4405621Z   TEST_SUITE: full
2025-12-27T05:09:40.4405801Z   WALLET_PROVIDER: okx
2025-12-27T05:09:40.4405996Z ##[endgroup]
2025-12-27T05:09:42.6605564Z npm warn skipping integrity check for git dependency ssh://git@github.com/matter-labs/era-contracts.git
2025-12-27T05:09:44.2493487Z npm warn deprecated inflight@1.0.6: This module is not supported, and leaks memory. Do not use it. Check out lru-cache if you want a good and tested way to coalesce async requests by a key value, which is much more comprehensive and powerful.
2025-12-27T05:09:44.3669194Z npm warn deprecated rimraf@2.7.1: Rimraf versions prior to v4 are no longer supported
2025-12-27T05:09:44.3824527Z npm warn deprecated @humanwhocodes/config-array@0.13.0: Use @eslint/config-array instead
2025-12-27T05:09:44.4065271Z npm warn deprecated rimraf@3.0.2: Rimraf versions prior to v4 are no longer supported
2025-12-27T05:09:44.5157867Z npm warn deprecated @humanwhocodes/object-schema@2.0.3: Use @eslint/object-schema instead
2025-12-27T05:09:44.5419771Z npm warn deprecated glob@7.2.3: Glob versions prior to v9 are no longer supported
2025-12-27T05:09:44.5421100Z npm warn deprecated glob@7.2.3: Glob versions prior to v9 are no longer supported
2025-12-27T05:09:44.5422194Z npm warn deprecated glob@7.2.3: Glob versions prior to v9 are no longer supported
2025-12-27T05:09:44.5424092Z npm warn deprecated glob@7.2.3: Glob versions prior to v9 are no longer supported
2025-12-27T05:09:46.8822968Z npm warn deprecated glob@8.1.0: Glob versions prior to v9 are no longer supported
2025-12-27T05:09:46.9997419Z npm warn deprecated glob@8.1.0: Glob versions prior to v9 are no longer supported
2025-12-27T05:09:47.0213847Z npm warn deprecated glob@5.0.15: Glob versions prior to v9 are no longer supported
2025-12-27T05:09:51.4017805Z npm warn deprecated eslint@8.57.1: This version is no longer supported. Please see https://eslint.org/version-support for other options.
2025-12-27T05:11:12.1848187Z 
2025-12-27T05:11:12.1848894Z added 1126 packages, and audited 1156 packages in 2m
2025-12-27T05:11:12.1852923Z 
2025-12-27T05:11:12.1853280Z 165 packages are looking for funding
2025-12-27T05:11:12.1853823Z   run `npm fund` for details
2025-12-27T05:11:12.2173005Z 
2025-12-27T05:11:12.2173767Z 33 vulnerabilities (5 low, 4 moderate, 16 high, 8 critical)
2025-12-27T05:11:12.2174115Z 
2025-12-27T05:11:12.2174378Z To address issues that do not require attention, run:
2025-12-27T05:11:12.2174748Z   npm audit fix
2025-12-27T05:11:12.2174895Z 
2025-12-27T05:11:12.2175154Z To address all issues (including breaking changes), run:
2025-12-27T05:11:12.2175542Z   npm audit fix --force
2025-12-27T05:11:12.2175712Z 
2025-12-27T05:11:12.2175846Z Run `npm audit` for details.
2025-12-27T05:11:12.2540637Z ##[group]Run set -e
2025-12-27T05:11:12.2540897Z [36;1mset -e[0m
2025-12-27T05:11:12.2541179Z [36;1mnpx hardhat node --hostname 0.0.0.0 > /tmp/hardhat.log 2>&1 &[0m
2025-12-27T05:11:12.2541699Z [36;1mHARDHAT_PID=$![0m
2025-12-27T05:11:12.2541956Z [36;1mecho "Started Hardhat node (PID: $HARDHAT_PID)"[0m
2025-12-27T05:11:12.2542227Z [36;1m[0m
2025-12-27T05:11:12.2542418Z [36;1mecho "Waiting for Hardhat node..."[0m
2025-12-27T05:11:12.2542671Z [36;1mfor i in {1..60}; do[0m
2025-12-27T05:11:12.2542913Z [36;1m  if nc -z 127.0.0.1 8545 2>/dev/null; then[0m
2025-12-27T05:11:12.2543175Z [36;1m    echo "Hardhat node ready"[0m
2025-12-27T05:11:12.2543404Z [36;1m    break[0m
2025-12-27T05:11:12.2543576Z [36;1m  fi[0m
2025-12-27T05:11:12.2543742Z [36;1m  sleep 1[0m
2025-12-27T05:11:12.2543914Z [36;1mdone[0m
2025-12-27T05:11:12.2544074Z [36;1m[0m
2025-12-27T05:11:12.2544255Z [36;1mif ! nc -z 127.0.0.1 8545 2>/dev/null; then[0m
2025-12-27T05:11:12.2544564Z [36;1m  echo "Hardhat node failed to start"[0m
2025-12-27T05:11:12.2544822Z [36;1m  tail -50 /tmp/hardhat.log[0m
2025-12-27T05:11:12.2545046Z [36;1m  exit 1[0m
2025-12-27T05:11:12.2545218Z [36;1mfi[0m
2025-12-27T05:11:12.2545373Z [36;1m[0m
2025-12-27T05:11:12.2545543Z [36;1mecho "Deploying contracts..."[0m
2025-12-27T05:11:12.2545812Z [36;1mrm -rf ignition/deployments/chain-31337[0m
2025-12-27T05:11:12.2546363Z [36;1mecho "y" | npx hardhat ignition deploy ignition/modules/FullSystem.ts --network localhost 2>&1 | tee /tmp/ignition-deploy.log[0m
2025-12-27T05:11:12.2546861Z [36;1m[0m
2025-12-27T05:11:12.2547034Z [36;1mecho "Initializing system..."[0m
2025-12-27T05:11:12.2547694Z [36;1mnpx hardhat run scripts/main/init-full-system.mjs --network localhost 2>&1 | tee /tmp/init-full-system.log[0m
2025-12-27T05:11:12.2580615Z shell: /usr/bin/bash -e {0}
2025-12-27T05:11:12.2580839Z env:
2025-12-27T05:11:12.2580995Z   CI: true
2025-12-27T05:11:12.2581159Z   TEST_SUITE: full
2025-12-27T05:11:12.2581351Z   WALLET_PROVIDER: okx
2025-12-27T05:11:12.2581541Z ##[endgroup]
2025-12-27T05:11:12.2634978Z Started Hardhat node (PID: 5149)
2025-12-27T05:11:12.2635469Z Waiting for Hardhat node...
2025-12-27T05:11:15.2795795Z Hardhat node ready
2025-12-27T05:11:15.2809938Z Deploying contracts...
2025-12-27T05:11:15.7671363Z Loading Hardhat config...
2025-12-27T05:11:15.7677809Z [dotenv@17.2.3] injecting env (0) from .env -- tip: 🗂️ backup and recover secrets: https://dotenvx.com/ops
2025-12-27T05:11:17.8316577Z Downloading solc 0.8.30
2025-12-27T05:11:18.2333377Z Downloading solc 0.8.30 (WASM build)
2025-12-27T05:11:26.7187793Z 
2025-12-27T05:11:26.7189134Z 
2025-12-27T05:11:26.7189192Z 
2025-12-27T05:11:26.7189266Z 
2025-12-27T05:11:26.7193277Z 
2025-12-27T05:11:26.7193291Z 
2025-12-27T05:11:26.7198963Z Warning: SPDX license identifier not provided in source file. Before publishing, consider adding a comment containing "SPDX-License-Identifier: <SPDX-License>" to each source file. Use "SPDX-License-Identifier: UNLICENSED" for non-open-source code. Please see https://spdx.org for more information.
2025-12-27T05:11:26.7201242Z --> ./node_modules/@uniswap/v2-core/contracts/interfaces/IUniswapV2Pair.sol
2025-12-27T05:11:26.7201782Z 
2025-12-27T05:11:26.7201792Z 
2025-12-27T05:11:26.7201800Z 
2025-12-27T05:11:26.7201807Z 
2025-12-27T05:11:26.7202491Z Warning: Unused function parameter. Remove or comment out the variable name to silence this warning.
2025-12-27T05:11:26.7203383Z   --> ./contracts/InterestPool.sol:90:9:
2025-12-27T05:11:26.7203816Z    |
2025-12-27T05:11:26.7204165Z 90 |         address _rateOracle
2025-12-27T05:11:26.7204583Z    |         ^^^^^^^^^^^^^^^^^^^
2025-12-27T05:11:26.7204829Z 
2025-12-27T05:11:26.7204838Z 
2025-12-27T05:11:26.7204846Z 
2025-12-27T05:11:26.7204854Z 
2025-12-27T05:11:26.7204876Z 
2025-12-27T05:11:26.7204885Z 
2025-12-27T05:11:26.7204893Z 
2025-12-27T05:11:26.7204901Z 
2025-12-27T05:11:26.7204908Z 
2025-12-27T05:11:26.7204916Z 
2025-12-27T05:11:26.7204923Z 
2025-12-27T05:11:26.7204931Z 
2025-12-27T05:11:26.7205245Z 
2025-12-27T05:11:26.7205257Z 
2025-12-27T05:11:26.7205273Z 
2025-12-27T05:11:26.7205282Z 
2025-12-27T05:11:26.7205290Z 
2025-12-27T05:11:26.7205481Z 
2025-12-27T05:11:26.7205489Z 
2025-12-27T05:11:26.7205497Z 
2025-12-27T05:11:26.7205505Z 
2025-12-27T05:11:26.7205513Z 
2025-12-27T05:11:26.7205521Z 
2025-12-27T05:11:26.7205528Z 
2025-12-27T05:11:26.7205536Z 
2025-12-27T05:11:26.7205544Z 
2025-12-27T05:11:26.7205552Z 
2025-12-27T05:11:26.7205560Z 
2025-12-27T05:11:26.7205568Z 
2025-12-27T05:11:26.7205575Z 
2025-12-27T05:11:26.7205583Z 
2025-12-27T05:11:26.7205591Z 
2025-12-27T05:11:26.7205599Z 
2025-12-27T05:11:26.7208054Z 
2025-12-27T05:11:26.7208063Z 
2025-12-27T05:11:26.7208820Z Warning: Unused function parameter. Remove or comment out the variable name to silence this warning.
2025-12-27T05:11:26.7209728Z   --> ./contracts/local/MockPriceOracle.sol:89:23:
2025-12-27T05:11:26.7210195Z    |
2025-12-27T05:11:26.7210875Z 89 |     function getPrice(address token) external view override returns (uint256) {
2025-12-27T05:11:26.7211574Z    |                       ^^^^^^^^^^^^^
2025-12-27T05:11:26.7211857Z 
2025-12-27T05:11:26.7212242Z Warning: Function state mutability can be restricted to pure
2025-12-27T05:11:26.7212920Z   --> ./contracts/local/MockPriceOracle.sol:89:5:
2025-12-27T05:11:26.7213370Z    |
2025-12-27T05:11:26.7214018Z 89 |     function getPrice(address token) external view override returns (uint256) {
2025-12-27T05:11:26.7214911Z    |     ^ (Relevant source part starts here and spans across multiple lines).
2025-12-27T05:11:26.7215381Z 
2025-12-27T05:11:26.7215389Z 
2025-12-27T05:11:26.7215398Z 
2025-12-27T05:11:26.7215406Z 
2025-12-27T05:11:26.7215414Z 
2025-12-27T05:11:26.7215422Z 
2025-12-27T05:11:26.7215430Z 
2025-12-27T05:11:26.7215438Z 
2025-12-27T05:11:26.7216100Z Warning: Unused function parameter. Remove or comment out the variable name to silence this warning.
2025-12-27T05:11:26.7216958Z   --> ./contracts/local/UniswapV2Pair.sol:81:52:
2025-12-27T05:11:26.7217413Z    |
2025-12-27T05:11:26.7218395Z 81 |     function _update(uint balance0, uint balance1, uint112 _reserve0, uint112 _reserve1) private {
2025-12-27T05:11:26.7219199Z    |                                                    ^^^^^^^^^^^^^^^^^
2025-12-27T05:11:26.7219519Z 
2025-12-27T05:11:26.7220158Z Warning: Unused function parameter. Remove or comment out the variable name to silence this warning.
2025-12-27T05:11:26.7221000Z   --> ./contracts/local/UniswapV2Pair.sol:81:71:
2025-12-27T05:11:26.7221426Z    |
2025-12-27T05:11:26.7222182Z 81 |     function _update(uint balance0, uint balance1, uint112 _reserve0, uint112 _reserve1) private {
2025-12-27T05:11:26.7223000Z    |                                                                       ^^^^^^^^^^^^^^^^^
2025-12-27T05:11:26.7223373Z 
2025-12-27T05:11:26.7223384Z 
2025-12-27T05:11:26.7223391Z 
2025-12-27T05:11:26.7223400Z 
2025-12-27T05:11:27.5318603Z Hardhat Ignition starting for [ FullSystemV2 ]...[2K[1GHardhat Ignition 🚀
2025-12-27T05:11:27.5319150Z 
2025-12-27T05:11:27.5319363Z Deploying [ FullSystemV2 ]
2025-12-27T05:11:27.5319630Z 
2025-12-27T05:11:28.6882976Z Batch #1
2025-12-27T05:11:28.6883420Z   Executing FullSystemV2#BRS...
2025-12-27T05:11:28.6883923Z   Executing FullSystemV2#BTB...
2025-12-27T05:11:28.6884328Z   Executing FullSystemV2#BTD...
2025-12-27T05:11:28.6884782Z   Executing FullSystemV2#ChainlinkBTCUSD...
2025-12-27T05:11:28.6885304Z   Executing FullSystemV2#ChainlinkWBTCBTC...
2025-12-27T05:11:28.6885794Z   Executing FullSystemV2#ConfigGov...
2025-12-27T05:11:28.6886160Z   Executing FullSystemV2#MockPyth...
2025-12-27T05:11:28.6886468Z   Executing FullSystemV2#MockRedstone...
2025-12-27T05:11:28.6886767Z   Executing FullSystemV2#PairBRSBTD...
2025-12-27T05:11:28.6887061Z   Executing FullSystemV2#PairBTBBTD...
2025-12-27T05:11:28.6887333Z   Executing FullSystemV2#PairBTDUSDC...
2025-12-27T05:11:28.6887765Z   Executing FullSystemV2#PairWBTCUSDC...
2025-12-27T05:11:28.6888046Z   Executing FullSystemV2#TWAPOracle...
2025-12-27T05:11:28.6888617Z   Executing FullSystemV2#USDC...
2025-12-27T05:11:28.6888898Z   Executing FullSystemV2#USDT...
2025-12-27T05:11:28.6889140Z   Executing FullSystemV2#WBTC...
2025-12-27T05:11:28.6889539Z   Executing FullSystemV2#WETH...
2025-12-27T05:11:28.6889690Z 
2025-12-27T05:11:29.1756729Z [19A[0JBatch #1
2025-12-27T05:11:29.1757135Z   Executing FullSystemV2#BRS...
2025-12-27T05:11:29.1757726Z   Executing FullSystemV2#BTB...
2025-12-27T05:11:29.1758091Z   Executing FullSystemV2#BTD...
2025-12-27T05:11:29.1758528Z   Executing FullSystemV2#ChainlinkBTCUSD...
2025-12-27T05:11:29.1759053Z   Executing FullSystemV2#ChainlinkWBTCBTC...
2025-12-27T05:11:29.1759550Z   Executing FullSystemV2#ConfigGov...
2025-12-27T05:11:29.1759987Z   Executing FullSystemV2#MockPyth...
2025-12-27T05:11:29.1760413Z   Executing FullSystemV2#MockRedstone...
2025-12-27T05:11:29.1760841Z   Executing FullSystemV2#PairBRSBTD...
2025-12-27T05:11:29.1761262Z   Executing FullSystemV2#PairBTBBTD...
2025-12-27T05:11:29.1761737Z   Executing FullSystemV2#PairBTDUSDC...
2025-12-27T05:11:29.1762197Z   Executing FullSystemV2#PairWBTCUSDC...
2025-12-27T05:11:29.1762662Z   Executing FullSystemV2#TWAPOracle...
2025-12-27T05:11:29.1763139Z   Executing FullSystemV2#USDC...
2025-12-27T05:11:29.1763564Z   Executing FullSystemV2#USDT...
2025-12-27T05:11:29.1763970Z   Executing FullSystemV2#WBTC...
2025-12-27T05:11:29.1764375Z   Executing FullSystemV2#WETH...
2025-12-27T05:11:29.1764619Z 
2025-12-27T05:11:30.2910014Z [19A[0JBatch #1
2025-12-27T05:11:30.2910453Z   Executed FullSystemV2#BRS
2025-12-27T05:11:30.2910899Z   Executing FullSystemV2#BTB...
2025-12-27T05:11:30.2911322Z   Executing FullSystemV2#BTD...
2025-12-27T05:11:30.2911770Z   Executing FullSystemV2#ChainlinkBTCUSD...
2025-12-27T05:11:30.2912292Z   Executing FullSystemV2#ChainlinkWBTCBTC...
2025-12-27T05:11:30.2912788Z   Executing FullSystemV2#ConfigGov...
2025-12-27T05:11:30.2913282Z   Executing FullSystemV2#MockPyth...
2025-12-27T05:11:30.2913605Z   Executing FullSystemV2#MockRedstone...
2025-12-27T05:11:30.2913964Z   Executing FullSystemV2#PairBRSBTD...
2025-12-27T05:11:30.2914396Z   Executing FullSystemV2#PairBTBBTD...
2025-12-27T05:11:30.2914746Z   Executing FullSystemV2#PairBTDUSDC...
2025-12-27T05:11:30.2915243Z   Executing FullSystemV2#PairWBTCUSDC...
2025-12-27T05:11:30.2915709Z   Executing FullSystemV2#TWAPOracle...
2025-12-27T05:11:30.2916066Z   Executing FullSystemV2#USDC...
2025-12-27T05:11:30.2916468Z   Executing FullSystemV2#USDT...
2025-12-27T05:11:30.2916862Z   Executing FullSystemV2#WBTC...
2025-12-27T05:11:30.2917108Z   Executing FullSystemV2#WETH...
2025-12-27T05:11:30.2917262Z 
2025-12-27T05:11:30.2967617Z [19A[0JBatch #1
2025-12-27T05:11:30.2968034Z   Executed FullSystemV2#BRS
2025-12-27T05:11:30.2968474Z   Executing FullSystemV2#BTB...
2025-12-27T05:11:30.2968913Z   Executing FullSystemV2#BTD...
2025-12-27T05:11:30.2969362Z   Executing FullSystemV2#ChainlinkBTCUSD...
2025-12-27T05:11:30.2969886Z   Executing FullSystemV2#ChainlinkWBTCBTC...
2025-12-27T05:11:30.2970394Z   Executing FullSystemV2#ConfigGov...
2025-12-27T05:11:30.2970854Z   Executing FullSystemV2#MockPyth...
2025-12-27T05:11:30.2971316Z   Executing FullSystemV2#MockRedstone...
2025-12-27T05:11:30.2971651Z   Executing FullSystemV2#PairBRSBTD...
2025-12-27T05:11:30.2971949Z   Executing FullSystemV2#PairBTBBTD...
2025-12-27T05:11:30.2972238Z   Executing FullSystemV2#PairBTDUSDC...
2025-12-27T05:11:30.2972518Z   Executing FullSystemV2#PairWBTCUSDC...
2025-12-27T05:11:30.2972799Z   Executing FullSystemV2#TWAPOracle...
2025-12-27T05:11:30.2973066Z   Executing FullSystemV2#USDC...
2025-12-27T05:11:30.2973314Z   Executing FullSystemV2#USDT...
2025-12-27T05:11:30.2973553Z   Executing FullSystemV2#WBTC...
2025-12-27T05:11:30.2973790Z   Executing FullSystemV2#WETH...
2025-12-27T05:11:30.2973938Z 
2025-12-27T05:11:30.4693919Z [19A[0JBatch #1
2025-12-27T05:11:30.4694386Z   Executed FullSystemV2#BRS
2025-12-27T05:11:30.4694799Z   Executed FullSystemV2#BTB
2025-12-27T05:11:30.4695201Z   Executing FullSystemV2#BTD...
2025-12-27T05:11:30.4695966Z   Executing FullSystemV2#ChainlinkBTCUSD...
2025-12-27T05:11:30.4696524Z   Executing FullSystemV2#ChainlinkWBTCBTC...
2025-12-27T05:11:30.4696921Z   Executing FullSystemV2#ConfigGov...
2025-12-27T05:11:30.4697807Z   Executing FullSystemV2#MockPyth...
2025-12-27T05:11:30.4698272Z   Executing FullSystemV2#MockRedstone...
2025-12-27T05:11:30.4698737Z   Executing FullSystemV2#PairBRSBTD...
2025-12-27T05:11:30.4699252Z   Executing FullSystemV2#PairBTBBTD...
2025-12-27T05:11:30.4699564Z   Executing FullSystemV2#PairBTDUSDC...
2025-12-27T05:11:30.4699972Z   Executing FullSystemV2#PairWBTCUSDC...
2025-12-27T05:11:30.4700520Z   Executing FullSystemV2#TWAPOracle...
2025-12-27T05:11:30.4701053Z   Executing FullSystemV2#USDC...
2025-12-27T05:11:30.4701415Z   Executing FullSystemV2#USDT...
2025-12-27T05:11:30.4701803Z   Executing FullSystemV2#WBTC...
2025-12-27T05:11:30.4702190Z   Executing FullSystemV2#WETH...
2025-12-27T05:11:30.4702355Z 
2025-12-27T05:11:30.4746374Z [19A[0JBatch #1
2025-12-27T05:11:30.4746751Z   Executed FullSystemV2#BRS
2025-12-27T05:11:30.4747150Z   Executed FullSystemV2#BTB
2025-12-27T05:11:30.4747732Z   Executing FullSystemV2#BTD...
2025-12-27T05:11:30.4748109Z   Executing FullSystemV2#ChainlinkBTCUSD...
2025-12-27T05:11:30.4748466Z   Executing FullSystemV2#ChainlinkWBTCBTC...
2025-12-27T05:11:30.4748779Z   Executing FullSystemV2#ConfigGov...
2025-12-27T05:11:30.4749071Z   Executing FullSystemV2#MockPyth...
2025-12-27T05:11:30.4749370Z   Executing FullSystemV2#MockRedstone...
2025-12-27T05:11:30.4749676Z   Executing FullSystemV2#PairBRSBTD...
2025-12-27T05:11:30.4749991Z   Executing FullSystemV2#PairBTBBTD...
2025-12-27T05:11:30.4750335Z   Executing FullSystemV2#PairBTDUSDC...
2025-12-27T05:11:30.4750756Z   Executing FullSystemV2#PairWBTCUSDC...
2025-12-27T05:11:30.4751062Z   Executing FullSystemV2#TWAPOracle...
2025-12-27T05:11:30.4751349Z   Executing FullSystemV2#USDC...
2025-12-27T05:11:30.4751626Z   Executing FullSystemV2#USDT...
2025-12-27T05:11:30.4751894Z   Executing FullSystemV2#WBTC...
2025-12-27T05:11:30.4752159Z   Executing FullSystemV2#WETH...
2025-12-27T05:11:30.4752317Z 
2025-12-27T05:11:30.5110517Z [19A[0JBatch #1
2025-12-27T05:11:30.5110997Z   Executed FullSystemV2#BRS
2025-12-27T05:11:30.5111389Z   Executed FullSystemV2#BTB
2025-12-27T05:11:30.5111753Z   Executed FullSystemV2#BTD
2025-12-27T05:11:30.5112211Z   Executing FullSystemV2#ChainlinkBTCUSD...
2025-12-27T05:11:30.5112637Z   Executing FullSystemV2#ChainlinkWBTCBTC...
2025-12-27T05:11:30.5113120Z   Executing FullSystemV2#ConfigGov...
2025-12-27T05:11:30.5113603Z   Executing FullSystemV2#MockPyth...
2025-12-27T05:11:30.5114163Z   Executing FullSystemV2#MockRedstone...
2025-12-27T05:11:30.5114627Z   Executing FullSystemV2#PairBRSBTD...
2025-12-27T05:11:30.5115068Z   Executing FullSystemV2#PairBTBBTD...
2025-12-27T05:11:30.5115594Z   Executing FullSystemV2#PairBTDUSDC...
2025-12-27T05:11:30.5115908Z   Executing FullSystemV2#PairWBTCUSDC...
2025-12-27T05:11:30.5116215Z   Executing FullSystemV2#TWAPOracle...
2025-12-27T05:11:30.5116525Z   Executing FullSystemV2#USDC...
2025-12-27T05:11:30.5116903Z   Executing FullSystemV2#USDT...
2025-12-27T05:11:30.5117270Z   Executing FullSystemV2#WBTC...
2025-12-27T05:11:30.5117820Z   Executing FullSystemV2#WETH...
2025-12-27T05:11:30.5117989Z 
2025-12-27T05:11:30.5133126Z [19A[0JBatch #1
2025-12-27T05:11:30.5133495Z   Executed FullSystemV2#BRS
2025-12-27T05:11:30.5133791Z   Executed FullSystemV2#BTB
2025-12-27T05:11:30.5134179Z   Executed FullSystemV2#BTD
2025-12-27T05:11:30.5134552Z   Executing FullSystemV2#ChainlinkBTCUSD...
2025-12-27T05:11:30.5135087Z   Executing FullSystemV2#ChainlinkWBTCBTC...
2025-12-27T05:11:30.5135410Z   Executing FullSystemV2#ConfigGov...
2025-12-27T05:11:30.5135722Z   Executing FullSystemV2#MockPyth...
2025-12-27T05:11:30.5136025Z   Executing FullSystemV2#MockRedstone...
2025-12-27T05:11:30.5136325Z   Executing FullSystemV2#PairBRSBTD...
2025-12-27T05:11:30.5136628Z   Executing FullSystemV2#PairBTBBTD...
2025-12-27T05:11:30.5137153Z   Executing FullSystemV2#PairBTDUSDC...
2025-12-27T05:11:30.5137693Z   Executing FullSystemV2#PairWBTCUSDC...
2025-12-27T05:11:30.5138058Z   Executing FullSystemV2#TWAPOracle...
2025-12-27T05:11:30.5138344Z   Executing FullSystemV2#USDC...
2025-12-27T05:11:30.5138788Z   Executing FullSystemV2#USDT...
2025-12-27T05:11:30.5139056Z   Executing FullSystemV2#WBTC...
2025-12-27T05:11:30.5139316Z   Executing FullSystemV2#WETH...
2025-12-27T05:11:30.5139469Z 
2025-12-27T05:11:30.5479304Z [19A[0JBatch #1
2025-12-27T05:11:30.5479698Z   Executed FullSystemV2#BRS
2025-12-27T05:11:30.5480032Z   Executed FullSystemV2#BTB
2025-12-27T05:11:30.5480373Z   Executed FullSystemV2#BTD
2025-12-27T05:11:30.5480741Z   Executed FullSystemV2#ChainlinkBTCUSD
2025-12-27T05:11:30.5481250Z   Executing FullSystemV2#ChainlinkWBTCBTC...
2025-12-27T05:11:30.5481647Z   Executing FullSystemV2#ConfigGov...
2025-12-27T05:11:30.5482032Z   Executing FullSystemV2#MockPyth...
2025-12-27T05:11:30.5482533Z   Executing FullSystemV2#MockRedstone...
2025-12-27T05:11:30.5483012Z   Executing FullSystemV2#PairBRSBTD...
2025-12-27T05:11:30.5483546Z   Executing FullSystemV2#PairBTBBTD...
2025-12-27T05:11:30.5484083Z   Executing FullSystemV2#PairBTDUSDC...
2025-12-27T05:11:30.5484461Z   Executing FullSystemV2#PairWBTCUSDC...
2025-12-27T05:11:30.5484806Z   Executing FullSystemV2#TWAPOracle...
2025-12-27T05:11:30.5485301Z   Executing FullSystemV2#USDC...
2025-12-27T05:11:30.5485719Z   Executing FullSystemV2#USDT...
2025-12-27T05:11:30.5486140Z   Executing FullSystemV2#WBTC...
2025-12-27T05:11:30.5486535Z   Executing FullSystemV2#WETH...
2025-12-27T05:11:30.5486697Z 
2025-12-27T05:11:30.5501051Z [19A[0JBatch #1
2025-12-27T05:11:30.5501429Z   Executed FullSystemV2#BRS
2025-12-27T05:11:30.5501723Z   Executed FullSystemV2#BTB
2025-12-27T05:11:30.5502079Z   Executed FullSystemV2#BTD
2025-12-27T05:11:30.5502507Z   Executed FullSystemV2#ChainlinkBTCUSD
2025-12-27T05:11:30.5502972Z   Executing FullSystemV2#ChainlinkWBTCBTC...
2025-12-27T05:11:30.5503286Z   Executing FullSystemV2#ConfigGov...
2025-12-27T05:11:30.5503599Z   Executing FullSystemV2#MockPyth...
2025-12-27T05:11:30.5503910Z   Executing FullSystemV2#MockRedstone...
2025-12-27T05:11:30.5504219Z   Executing FullSystemV2#PairBRSBTD...
2025-12-27T05:11:30.5504527Z   Executing FullSystemV2#PairBTBBTD...
2025-12-27T05:11:30.5504833Z   Executing FullSystemV2#PairBTDUSDC...
2025-12-27T05:11:30.5505136Z   Executing FullSystemV2#PairWBTCUSDC...
2025-12-27T05:11:30.5505430Z   Executing FullSystemV2#TWAPOracle...
2025-12-27T05:11:30.5505715Z   Executing FullSystemV2#USDC...
2025-12-27T05:11:30.5505984Z   Executing FullSystemV2#USDT...
2025-12-27T05:11:30.5506247Z   Executing FullSystemV2#WBTC...
2025-12-27T05:11:30.5506504Z   Executing FullSystemV2#WETH...
2025-12-27T05:11:30.5506659Z 
2025-12-27T05:11:30.5773807Z [19A[0JBatch #1
2025-12-27T05:11:30.5774081Z   Executed FullSystemV2#BRS
2025-12-27T05:11:30.5774361Z   Executed FullSystemV2#BTB
2025-12-27T05:11:30.5774773Z   Executed FullSystemV2#BTD
2025-12-27T05:11:30.5775134Z   Executed FullSystemV2#ChainlinkBTCUSD
2025-12-27T05:11:30.5775655Z   Executed FullSystemV2#ChainlinkWBTCBTC
2025-12-27T05:11:30.5776060Z   Executing FullSystemV2#ConfigGov...
2025-12-27T05:11:30.5776578Z   Executing FullSystemV2#MockPyth...
2025-12-27T05:11:30.5777005Z   Executing FullSystemV2#MockRedstone...
2025-12-27T05:11:30.5777652Z   Executing FullSystemV2#PairBRSBTD...
2025-12-27T05:11:30.5778171Z   Executing FullSystemV2#PairBTBBTD...
2025-12-27T05:11:30.5778632Z   Executing FullSystemV2#PairBTDUSDC...
2025-12-27T05:11:30.5779160Z   Executing FullSystemV2#PairWBTCUSDC...
2025-12-27T05:11:30.5779691Z   Executing FullSystemV2#TWAPOracle...
2025-12-27T05:11:30.5780050Z   Executing FullSystemV2#USDC...
2025-12-27T05:11:30.5780316Z   Executing FullSystemV2#USDT...
2025-12-27T05:11:30.5780740Z   Executing FullSystemV2#WBTC...
2025-12-27T05:11:30.5781181Z   Executing FullSystemV2#WETH...
2025-12-27T05:11:30.5781452Z 
2025-12-27T05:11:30.5798865Z [19A[0JBatch #1
2025-12-27T05:11:30.5799244Z   Executed FullSystemV2#BRS
2025-12-27T05:11:30.5799883Z   Executed FullSystemV2#BTB
2025-12-27T05:11:30.5800153Z   Executed FullSystemV2#BTD
2025-12-27T05:11:30.5800415Z   Executed FullSystemV2#ChainlinkBTCUSD
2025-12-27T05:11:30.5801056Z   Executed FullSystemV2#ChainlinkWBTCBTC
2025-12-27T05:11:30.5801355Z   Executing FullSystemV2#ConfigGov...
2025-12-27T05:11:30.5801642Z   Executing FullSystemV2#MockPyth...
2025-12-27T05:11:30.5801930Z   Executing FullSystemV2#MockRedstone...
2025-12-27T05:11:30.5802215Z   Executing FullSystemV2#PairBRSBTD...
2025-12-27T05:11:30.5802484Z   Executing FullSystemV2#PairBTBBTD...
2025-12-27T05:11:30.5802781Z   Executing FullSystemV2#PairBTDUSDC...
2025-12-27T05:11:30.5803074Z   Executing FullSystemV2#PairWBTCUSDC...
2025-12-27T05:11:30.5803357Z   Executing FullSystemV2#TWAPOracle...
2025-12-27T05:11:30.5803620Z   Executing FullSystemV2#USDC...
2025-12-27T05:11:30.5803882Z   Executing FullSystemV2#USDT...
2025-12-27T05:11:30.5804137Z   Executing FullSystemV2#WBTC...
2025-12-27T05:11:30.5804388Z   Executing FullSystemV2#WETH...
2025-12-27T05:11:30.5804531Z 
2025-12-27T05:11:30.6116699Z [19A[0JBatch #1
2025-12-27T05:11:30.6117137Z   Executed FullSystemV2#BRS
2025-12-27T05:11:30.6117787Z   Executed FullSystemV2#BTB
2025-12-27T05:11:30.6118235Z   Executed FullSystemV2#BTD
2025-12-27T05:11:30.6118711Z   Executed FullSystemV2#ChainlinkBTCUSD
2025-12-27T05:11:30.6119253Z   Executed FullSystemV2#ChainlinkWBTCBTC
2025-12-27T05:11:30.6119776Z   Executed FullSystemV2#ConfigGov
2025-12-27T05:11:30.6120249Z   Executing FullSystemV2#MockPyth...
2025-12-27T05:11:30.6120747Z   Executing FullSystemV2#MockRedstone...
2025-12-27T05:11:30.6121256Z   Executing FullSystemV2#PairBRSBTD...
2025-12-27T05:11:30.6121753Z   Executing FullSystemV2#PairBTBBTD...
2025-12-27T05:11:30.6122262Z   Executing FullSystemV2#PairBTDUSDC...
2025-12-27T05:11:30.6122784Z   Executing FullSystemV2#PairWBTCUSDC...
2025-12-27T05:11:30.6123312Z   Executing FullSystemV2#TWAPOracle...
2025-12-27T05:11:30.6123806Z   Executing FullSystemV2#USDC...
2025-12-27T05:11:30.6124288Z   Executing FullSystemV2#USDT...
2025-12-27T05:11:30.6125112Z   Executing FullSystemV2#WBTC...
2025-12-27T05:11:30.6125388Z   Executing FullSystemV2#WETH...
2025-12-27T05:11:30.6125554Z 
2025-12-27T05:11:30.6142771Z [19A[0JBatch #1
2025-12-27T05:11:30.6143116Z   Executed FullSystemV2#BRS
2025-12-27T05:11:30.6143506Z   Executed FullSystemV2#BTB
2025-12-27T05:11:30.6143909Z   Executed FullSystemV2#BTD
2025-12-27T05:11:30.6144261Z   Executed FullSystemV2#ChainlinkBTCUSD
2025-12-27T05:11:30.6144682Z   Executed FullSystemV2#ChainlinkWBTCBTC
2025-12-27T05:11:30.6144968Z   Executed FullSystemV2#ConfigGov
2025-12-27T05:11:30.6145233Z   Executing FullSystemV2#MockPyth...
2025-12-27T05:11:30.6145520Z   Executing FullSystemV2#MockRedstone...
2025-12-27T05:11:30.6145818Z   Executing FullSystemV2#PairBRSBTD...
2025-12-27T05:11:30.6146100Z   Executing FullSystemV2#PairBTBBTD...
2025-12-27T05:11:30.6146372Z   Executing FullSystemV2#PairBTDUSDC...
2025-12-27T05:11:30.6146646Z   Executing FullSystemV2#PairWBTCUSDC...
2025-12-27T05:11:30.6146934Z   Executing FullSystemV2#TWAPOracle...
2025-12-27T05:11:30.6147189Z   Executing FullSystemV2#USDC...
2025-12-27T05:11:30.6147433Z   Executing FullSystemV2#USDT...
2025-12-27T05:11:30.6147949Z   Executing FullSystemV2#WBTC...
2025-12-27T05:11:30.6148191Z   Executing FullSystemV2#WETH...
2025-12-27T05:11:30.6148334Z 
2025-12-27T05:11:30.6415380Z [19A[0JBatch #1
2025-12-27T05:11:30.6415802Z   Executed FullSystemV2#BRS
2025-12-27T05:11:30.6416238Z   Executed FullSystemV2#BTB
2025-12-27T05:11:30.6416622Z   Executed FullSystemV2#BTD
2025-12-27T05:11:30.6417055Z   Executed FullSystemV2#ChainlinkBTCUSD
2025-12-27T05:11:30.6417804Z   Executed FullSystemV2#ChainlinkWBTCBTC
2025-12-27T05:11:30.6420763Z   Executed FullSystemV2#ConfigGov
2025-12-27T05:11:30.6421198Z   Executed FullSystemV2#MockPyth
2025-12-27T05:11:30.6421539Z   Executing FullSystemV2#MockRedstone...
2025-12-27T05:11:30.6421995Z   Executing FullSystemV2#PairBRSBTD...
2025-12-27T05:11:30.6422560Z   Executing FullSystemV2#PairBTBBTD...
2025-12-27T05:11:30.6422874Z   Executing FullSystemV2#PairBTDUSDC...
2025-12-27T05:11:30.6423174Z   Executing FullSystemV2#PairWBTCUSDC...
2025-12-27T05:11:30.6423462Z   Executing FullSystemV2#TWAPOracle...
2025-12-27T05:11:30.6424171Z   Executing FullSystemV2#USDC...
2025-12-27T05:11:30.6424499Z   Executing FullSystemV2#USDT...
2025-12-27T05:11:30.6424755Z   Executing FullSystemV2#WBTC...
2025-12-27T05:11:30.6425183Z   Executing FullSystemV2#WETH...
2025-12-27T05:11:30.6425348Z 
2025-12-27T05:11:30.6441782Z [19A[0JBatch #1
2025-12-27T05:11:30.6442151Z   Executed FullSystemV2#BRS
2025-12-27T05:11:30.6442464Z   Executed FullSystemV2#BTB
2025-12-27T05:11:30.6442781Z   Executed FullSystemV2#BTD
2025-12-27T05:11:30.6443205Z   Executed FullSystemV2#ChainlinkBTCUSD
2025-12-27T05:11:30.6443638Z   Executed FullSystemV2#ChainlinkWBTCBTC
2025-12-27T05:11:30.6443923Z   Executed FullSystemV2#ConfigGov
2025-12-27T05:11:30.6444192Z   Executed FullSystemV2#MockPyth
2025-12-27T05:11:30.6444473Z   Executing FullSystemV2#MockRedstone...
2025-12-27T05:11:30.6444766Z   Executing FullSystemV2#PairBRSBTD...
2025-12-27T05:11:30.6445050Z   Executing FullSystemV2#PairBTBBTD...
2025-12-27T05:11:30.6445337Z   Executing FullSystemV2#PairBTDUSDC...
2025-12-27T05:11:30.6445615Z   Executing FullSystemV2#PairWBTCUSDC...
2025-12-27T05:11:30.6445891Z   Executing FullSystemV2#TWAPOracle...
2025-12-27T05:11:30.6446154Z   Executing FullSystemV2#USDC...
2025-12-27T05:11:30.6446407Z   Executing FullSystemV2#USDT...
2025-12-27T05:11:30.6446647Z   Executing FullSystemV2#WBTC...
2025-12-27T05:11:30.6446894Z   Executing FullSystemV2#WETH...
2025-12-27T05:11:30.6447047Z 
2025-12-27T05:11:30.6705132Z [19A[0JBatch #1
2025-12-27T05:11:30.6705516Z   Executed FullSystemV2#BRS
2025-12-27T05:11:30.6705885Z   Executed FullSystemV2#BTB
2025-12-27T05:11:30.6706266Z   Executed FullSystemV2#BTD
2025-12-27T05:11:30.6706714Z   Executed FullSystemV2#ChainlinkBTCUSD
2025-12-27T05:11:30.6707327Z   Executed FullSystemV2#ChainlinkWBTCBTC
2025-12-27T05:11:30.6708018Z   Executed FullSystemV2#ConfigGov
2025-12-27T05:11:30.6708690Z   Executed FullSystemV2#MockPyth
2025-12-27T05:11:30.6709166Z   Executed FullSystemV2#MockRedstone
2025-12-27T05:11:30.6709808Z   Executing FullSystemV2#PairBRSBTD...
2025-12-27T05:11:30.6710460Z   Executing FullSystemV2#PairBTBBTD...
2025-12-27T05:11:30.6711056Z   Executing FullSystemV2#PairBTDUSDC...
2025-12-27T05:11:30.6711577Z   Executing FullSystemV2#PairWBTCUSDC...
2025-12-27T05:11:30.6724208Z   Executing FullSystemV2#TWAPOracle...
2025-12-27T05:11:30.6724677Z   Executing FullSystemV2#USDC...
2025-12-27T05:11:30.6725092Z   Executing FullSystemV2#USDT...
2025-12-27T05:11:30.6725444Z   Executing FullSystemV2#WBTC...
2025-12-27T05:11:30.6725822Z   Executing FullSystemV2#WETH...
2025-12-27T05:11:30.6726073Z 
2025-12-27T05:11:30.6737946Z [19A[0JBatch #1
2025-12-27T05:11:30.6738283Z   Executed FullSystemV2#BRS
2025-12-27T05:11:30.6738585Z   Executed FullSystemV2#BTB
2025-12-27T05:11:30.6738891Z   Executed FullSystemV2#BTD
2025-12-27T05:11:30.6739176Z   Executed FullSystemV2#ChainlinkBTCUSD
2025-12-27T05:11:30.6739562Z   Executed FullSystemV2#ChainlinkWBTCBTC
2025-12-27T05:11:30.6739977Z   Executed FullSystemV2#ConfigGov
2025-12-27T05:11:30.6740439Z   Executed FullSystemV2#MockPyth
2025-12-27T05:11:30.6740746Z   Executed FullSystemV2#MockRedstone
2025-12-27T05:11:30.6741028Z   Executing FullSystemV2#PairBRSBTD...
2025-12-27T05:11:30.6741320Z   Executing FullSystemV2#PairBTBBTD...
2025-12-27T05:11:30.6741616Z   Executing FullSystemV2#PairBTDUSDC...
2025-12-27T05:11:30.6741910Z   Executing FullSystemV2#PairWBTCUSDC...
2025-12-27T05:11:30.6742198Z   Executing FullSystemV2#TWAPOracle...
2025-12-27T05:11:30.6742456Z   Executing FullSystemV2#USDC...
2025-12-27T05:11:30.6742703Z   Executing FullSystemV2#USDT...
2025-12-27T05:11:30.6742972Z   Executing FullSystemV2#WBTC...
2025-12-27T05:11:30.6743221Z   Executing FullSystemV2#WETH...
2025-12-27T05:11:30.6743367Z 
2025-12-27T05:11:30.7091624Z [19A[0JBatch #1
2025-12-27T05:11:30.7092455Z   Executed FullSystemV2#BRS
2025-12-27T05:11:30.7092955Z   Executed FullSystemV2#BTB
2025-12-27T05:11:30.7093383Z   Executed FullSystemV2#BTD
2025-12-27T05:11:30.7093850Z   Executed FullSystemV2#ChainlinkBTCUSD
2025-12-27T05:11:30.7094672Z   Executed FullSystemV2#ChainlinkWBTCBTC
2025-12-27T05:11:30.7095197Z   Executed FullSystemV2#ConfigGov
2025-12-27T05:11:30.7095668Z   Executed FullSystemV2#MockPyth
2025-12-27T05:11:30.7096148Z   Executed FullSystemV2#MockRedstone
2025-12-27T05:11:30.7096644Z   Executed FullSystemV2#PairBRSBTD
2025-12-27T05:11:30.7097140Z   Executing FullSystemV2#PairBTBBTD...
2025-12-27T05:11:30.7097893Z   Executing FullSystemV2#PairBTDUSDC...
2025-12-27T05:11:30.7098427Z   Executing FullSystemV2#PairWBTCUSDC...
2025-12-27T05:11:30.7098938Z   Executing FullSystemV2#TWAPOracle...
2025-12-27T05:11:30.7099391Z   Executing FullSystemV2#USDC...
2025-12-27T05:11:30.7099820Z   Executing FullSystemV2#USDT...
2025-12-27T05:11:30.7100265Z   Executing FullSystemV2#WBTC...
2025-12-27T05:11:30.7100714Z   Executing FullSystemV2#WETH...
2025-12-27T05:11:30.7100971Z 
2025-12-27T05:11:30.7125258Z [19A[0JBatch #1
2025-12-27T05:11:30.7125656Z   Executed FullSystemV2#BRS
2025-12-27T05:11:30.7126104Z   Executed FullSystemV2#BTB
2025-12-27T05:11:30.7126495Z   Executed FullSystemV2#BTD
2025-12-27T05:11:30.7126936Z   Executed FullSystemV2#ChainlinkBTCUSD
2025-12-27T05:11:30.7127434Z   Executed FullSystemV2#ChainlinkWBTCBTC
2025-12-27T05:11:30.7128263Z   Executed FullSystemV2#ConfigGov
2025-12-27T05:11:30.7128718Z   Executed FullSystemV2#MockPyth
2025-12-27T05:11:30.7129181Z   Executed FullSystemV2#MockRedstone
2025-12-27T05:11:30.7129646Z   Executed FullSystemV2#PairBRSBTD
2025-12-27T05:11:30.7130123Z   Executing FullSystemV2#PairBTBBTD...
2025-12-27T05:11:30.7130610Z   Executing FullSystemV2#PairBTDUSDC...
2025-12-27T05:11:30.7131099Z   Executing FullSystemV2#PairWBTCUSDC...
2025-12-27T05:11:30.7131598Z   Executing FullSystemV2#TWAPOracle...
2025-12-27T05:11:30.7132064Z   Executing FullSystemV2#USDC...
2025-12-27T05:11:30.7132513Z   Executing FullSystemV2#USDT...
2025-12-27T05:11:30.7132941Z   Executing FullSystemV2#WBTC...
2025-12-27T05:11:30.7133364Z   Executing FullSystemV2#WETH...
2025-12-27T05:11:30.7133633Z 
2025-12-27T05:11:30.7479025Z [19A[0JBatch #1
2025-12-27T05:11:30.7479488Z   Executed FullSystemV2#BRS
2025-12-27T05:11:30.7479955Z   Executed FullSystemV2#BTB
2025-12-27T05:11:30.7480391Z   Executed FullSystemV2#BTD
2025-12-27T05:11:30.7480912Z   Executed FullSystemV2#ChainlinkBTCUSD
2025-12-27T05:11:30.7481464Z   Executed FullSystemV2#ChainlinkWBTCBTC
2025-12-27T05:11:30.7482018Z   Executed FullSystemV2#ConfigGov
2025-12-27T05:11:30.7482349Z   Executed FullSystemV2#MockPyth
2025-12-27T05:11:30.7482846Z   Executed FullSystemV2#MockRedstone
2025-12-27T05:11:30.7483382Z   Executed FullSystemV2#PairBRSBTD
2025-12-27T05:11:30.7483741Z   Executed FullSystemV2#PairBTBBTD
2025-12-27T05:11:30.7484230Z   Executing FullSystemV2#PairBTDUSDC...
2025-12-27T05:11:30.7484761Z   Executing FullSystemV2#PairWBTCUSDC...
2025-12-27T05:11:30.7485310Z   Executing FullSystemV2#TWAPOracle...
2025-12-27T05:11:30.7485847Z   Executing FullSystemV2#USDC...
2025-12-27T05:11:30.7486336Z   Executing FullSystemV2#USDT...
2025-12-27T05:11:30.7486854Z   Executing FullSystemV2#WBTC...
2025-12-27T05:11:30.7487295Z   Executing FullSystemV2#WETH...
2025-12-27T05:11:30.7487733Z 
2025-12-27T05:11:30.7510142Z [19A[0JBatch #1
2025-12-27T05:11:30.7510569Z   Executed FullSystemV2#BRS
2025-12-27T05:11:30.7511034Z   Executed FullSystemV2#BTB
2025-12-27T05:11:30.7511465Z   Executed FullSystemV2#BTD
2025-12-27T05:11:30.7511931Z   Executed FullSystemV2#ChainlinkBTCUSD
2025-12-27T05:11:30.7512440Z   Executed FullSystemV2#ChainlinkWBTCBTC
2025-12-27T05:11:30.7512947Z   Executed FullSystemV2#ConfigGov
2025-12-27T05:11:30.7513419Z   Executed FullSystemV2#MockPyth
2025-12-27T05:11:30.7513895Z   Executed FullSystemV2#MockRedstone
2025-12-27T05:11:30.7514372Z   Executed FullSystemV2#PairBRSBTD
2025-12-27T05:11:30.7514844Z   Executed FullSystemV2#PairBTBBTD
2025-12-27T05:11:30.7515616Z   Executing FullSystemV2#PairBTDUSDC...
2025-12-27T05:11:30.7516171Z   Executing FullSystemV2#PairWBTCUSDC...
2025-12-27T05:11:30.7516689Z   Executing FullSystemV2#TWAPOracle...
2025-12-27T05:11:30.7517386Z   Executing FullSystemV2#USDC...
2025-12-27T05:11:30.7518101Z   Executing FullSystemV2#USDT...
2025-12-27T05:11:30.7518550Z   Executing FullSystemV2#WBTC...
2025-12-27T05:11:30.7518984Z   Executing FullSystemV2#WETH...
2025-12-27T05:11:30.7519257Z 
2025-12-27T05:11:30.7844616Z [19A[0JBatch #1
2025-12-27T05:11:30.7845017Z   Executed FullSystemV2#BRS
2025-12-27T05:11:30.7845396Z   Executed FullSystemV2#BTB
2025-12-27T05:11:30.7845639Z   Executed FullSystemV2#BTD
2025-12-27T05:11:30.7845906Z   Executed FullSystemV2#ChainlinkBTCUSD
2025-12-27T05:11:30.7846219Z   Executed FullSystemV2#ChainlinkWBTCBTC
2025-12-27T05:11:30.7846507Z   Executed FullSystemV2#ConfigGov
2025-12-27T05:11:30.7846772Z   Executed FullSystemV2#MockPyth
2025-12-27T05:11:30.7847041Z   Executed FullSystemV2#MockRedstone
2025-12-27T05:11:30.7847361Z   Executed FullSystemV2#PairBRSBTD
2025-12-27T05:11:30.7848024Z   Executed FullSystemV2#PairBTBBTD
2025-12-27T05:11:30.7848304Z   Executed FullSystemV2#PairBTDUSDC
2025-12-27T05:11:30.7848596Z   Executing FullSystemV2#PairWBTCUSDC...
2025-12-27T05:11:30.7848878Z   Executing FullSystemV2#TWAPOracle...
2025-12-27T05:11:30.7849147Z   Executing FullSystemV2#USDC...
2025-12-27T05:11:30.7849397Z   Executing FullSystemV2#USDT...
2025-12-27T05:11:30.7849636Z   Executing FullSystemV2#WBTC...
2025-12-27T05:11:30.7849875Z   Executing FullSystemV2#WETH...
2025-12-27T05:11:30.7850037Z 
2025-12-27T05:11:30.7873177Z [19A[0JBatch #1
2025-12-27T05:11:30.7873467Z   Executed FullSystemV2#BRS
2025-12-27T05:11:30.7873853Z   Executed FullSystemV2#BTB
2025-12-27T05:11:30.7874096Z   Executed FullSystemV2#BTD
2025-12-27T05:11:30.7874361Z   Executed FullSystemV2#ChainlinkBTCUSD
2025-12-27T05:11:30.7874782Z   Executed FullSystemV2#ChainlinkWBTCBTC
2025-12-27T05:11:30.7875110Z   Executed FullSystemV2#ConfigGov
2025-12-27T05:11:30.7875401Z   Executed FullSystemV2#MockPyth
2025-12-27T05:11:30.7875673Z   Executed FullSystemV2#MockRedstone
2025-12-27T05:11:30.7875960Z   Executed FullSystemV2#PairBRSBTD
2025-12-27T05:11:30.7876241Z   Executed FullSystemV2#PairBTBBTD
2025-12-27T05:11:30.7876521Z   Executed FullSystemV2#PairBTDUSDC
2025-12-27T05:11:30.7876825Z   Executing FullSystemV2#PairWBTCUSDC...
2025-12-27T05:11:30.7877133Z   Executing FullSystemV2#TWAPOracle...
2025-12-27T05:11:30.7877418Z   Executing FullSystemV2#USDC...
2025-12-27T05:11:30.7877903Z   Executing FullSystemV2#USDT...
2025-12-27T05:11:30.7878164Z   Executing FullSystemV2#WBTC...
2025-12-27T05:11:30.7878417Z   Executing FullSystemV2#WETH...
2025-12-27T05:11:30.8245276Z 
2025-12-27T05:11:30.8245829Z [19A[0JBatch #1
2025-12-27T05:11:30.8246189Z   Executed FullSystemV2#BRS
2025-12-27T05:11:30.8246524Z   Executed FullSystemV2#BTB
2025-12-27T05:11:30.8246741Z   Executed FullSystemV2#BTD
2025-12-27T05:11:30.8247005Z   Executed FullSystemV2#ChainlinkBTCUSD
2025-12-27T05:11:30.8247713Z   Executed FullSystemV2#ChainlinkWBTCBTC
2025-12-27T05:11:30.8248160Z   Executed FullSystemV2#ConfigGov
2025-12-27T05:11:30.8248455Z   Executed FullSystemV2#MockPyth
2025-12-27T05:11:30.8248854Z   Executed FullSystemV2#MockRedstone
2025-12-27T05:11:30.8249128Z   Executed FullSystemV2#PairBRSBTD
2025-12-27T05:11:30.8249397Z   Executed FullSystemV2#PairBTBBTD
2025-12-27T05:11:30.8249654Z   Executed FullSystemV2#PairBTDUSDC
2025-12-27T05:11:30.8249927Z   Executed FullSystemV2#PairWBTCUSDC
2025-12-27T05:11:30.8250413Z   Executing FullSystemV2#TWAPOracle...
2025-12-27T05:11:30.8250886Z   Executing FullSystemV2#USDC...
2025-12-27T05:11:30.8251282Z   Executing FullSystemV2#USDT...
2025-12-27T05:11:30.8251521Z   Executing FullSystemV2#WBTC...
2025-12-27T05:11:30.8251855Z   Executing FullSystemV2#WETH...
2025-12-27T05:11:30.8252157Z 
2025-12-27T05:11:30.8275858Z [19A[0JBatch #1
2025-12-27T05:11:30.8276232Z   Executed FullSystemV2#BRS
2025-12-27T05:11:30.8276578Z   Executed FullSystemV2#BTB
2025-12-27T05:11:30.8277216Z   Executed FullSystemV2#BTD
2025-12-27T05:11:30.8277871Z   Executed FullSystemV2#ChainlinkBTCUSD
2025-12-27T05:11:30.8278196Z   Executed FullSystemV2#ChainlinkWBTCBTC
2025-12-27T05:11:30.8278675Z   Executed FullSystemV2#ConfigGov
2025-12-27T05:11:30.8278942Z   Executed FullSystemV2#MockPyth
2025-12-27T05:11:30.8279211Z   Executed FullSystemV2#MockRedstone
2025-12-27T05:11:30.8279487Z   Executed FullSystemV2#PairBRSBTD
2025-12-27T05:11:30.8279758Z   Executed FullSystemV2#PairBTBBTD
2025-12-27T05:11:30.8280034Z   Executed FullSystemV2#PairBTDUSDC
2025-12-27T05:11:30.8280309Z   Executed FullSystemV2#PairWBTCUSDC
2025-12-27T05:11:30.8280595Z   Executing FullSystemV2#TWAPOracle...
2025-12-27T05:11:30.8280862Z   Executing FullSystemV2#USDC...
2025-12-27T05:11:30.8281110Z   Executing FullSystemV2#USDT...
2025-12-27T05:11:30.8281353Z   Executing FullSystemV2#WBTC...
2025-12-27T05:11:30.8281613Z   Executing FullSystemV2#WETH...
2025-12-27T05:11:30.8281769Z 
2025-12-27T05:11:30.8553377Z [19A[0JBatch #1
2025-12-27T05:11:30.8553644Z   Executed FullSystemV2#BRS
2025-12-27T05:11:30.8553910Z   Executed FullSystemV2#BTB
2025-12-27T05:11:30.8554139Z   Executed FullSystemV2#BTD
2025-12-27T05:11:30.8554417Z   Executed FullSystemV2#ChainlinkBTCUSD
2025-12-27T05:11:30.8554715Z   Executed FullSystemV2#ChainlinkWBTCBTC
2025-12-27T05:11:30.8555059Z   Executed FullSystemV2#ConfigGov
2025-12-27T05:11:30.8555466Z   Executed FullSystemV2#MockPyth
2025-12-27T05:11:30.8555894Z   Executed FullSystemV2#MockRedstone
2025-12-27T05:11:30.8556343Z   Executed FullSystemV2#PairBRSBTD
2025-12-27T05:11:30.8556624Z   Executed FullSystemV2#PairBTBBTD
2025-12-27T05:11:30.8556883Z   Executed FullSystemV2#PairBTDUSDC
2025-12-27T05:11:30.8557188Z   Executed FullSystemV2#PairWBTCUSDC
2025-12-27T05:11:30.8557838Z   Executed FullSystemV2#TWAPOracle
2025-12-27T05:11:30.8558315Z   Executing FullSystemV2#USDC...
2025-12-27T05:11:30.8558702Z   Executing FullSystemV2#USDT...
2025-12-27T05:11:30.8559146Z   Executing FullSystemV2#WBTC...
2025-12-27T05:11:30.8559414Z   Executing FullSystemV2#WETH...
2025-12-27T05:11:30.8559562Z 
2025-12-27T05:11:30.8606225Z [19A[0JBatch #1
2025-12-27T05:11:30.8606608Z   Executed FullSystemV2#BRS
2025-12-27T05:11:30.8607010Z   Executed FullSystemV2#BTB
2025-12-27T05:11:30.8607317Z   Executed FullSystemV2#BTD
2025-12-27T05:11:30.8607917Z   Executed FullSystemV2#ChainlinkBTCUSD
2025-12-27T05:11:30.8608291Z   Executed FullSystemV2#ChainlinkWBTCBTC
2025-12-27T05:11:30.8608583Z   Executed FullSystemV2#ConfigGov
2025-12-27T05:11:30.8608842Z   Executed FullSystemV2#MockPyth
2025-12-27T05:11:30.8609107Z   Executed FullSystemV2#MockRedstone
2025-12-27T05:11:30.8609389Z   Executed FullSystemV2#PairBRSBTD
2025-12-27T05:11:30.8609663Z   Executed FullSystemV2#PairBTBBTD
2025-12-27T05:11:30.8609929Z   Executed FullSystemV2#PairBTDUSDC
2025-12-27T05:11:30.8610211Z   Executed FullSystemV2#PairWBTCUSDC
2025-12-27T05:11:30.8610480Z   Executed FullSystemV2#TWAPOracle
2025-12-27T05:11:30.8610735Z   Executing FullSystemV2#USDC...
2025-12-27T05:11:30.8610990Z   Executing FullSystemV2#USDT...
2025-12-27T05:11:30.8611235Z   Executing FullSystemV2#WBTC...
2025-12-27T05:11:30.8611477Z   Executing FullSystemV2#WETH...
2025-12-27T05:11:30.8611629Z 
2025-12-27T05:11:30.8917914Z [19A[0JBatch #1
2025-12-27T05:11:30.8918322Z   Executed FullSystemV2#BRS
2025-12-27T05:11:30.8918705Z   Executed FullSystemV2#BTB
2025-12-27T05:11:30.8919090Z   Executed FullSystemV2#BTD
2025-12-27T05:11:30.8919453Z   Executed FullSystemV2#ChainlinkBTCUSD
2025-12-27T05:11:30.8919858Z   Executed FullSystemV2#ChainlinkWBTCBTC
2025-12-27T05:11:30.8920325Z   Executed FullSystemV2#ConfigGov
2025-12-27T05:11:30.8920727Z   Executed FullSystemV2#MockPyth
2025-12-27T05:11:30.8920999Z   Executed FullSystemV2#MockRedstone
2025-12-27T05:11:30.8921278Z   Executed FullSystemV2#PairBRSBTD
2025-12-27T05:11:30.8921742Z   Executed FullSystemV2#PairBTBBTD
2025-12-27T05:11:30.8922084Z   Executed FullSystemV2#PairBTDUSDC
2025-12-27T05:11:30.8922574Z   Executed FullSystemV2#PairWBTCUSDC
2025-12-27T05:11:30.8923219Z   Executed FullSystemV2#TWAPOracle
2025-12-27T05:11:30.8923716Z   Executed FullSystemV2#USDC
2025-12-27T05:11:30.8924166Z   Executing FullSystemV2#USDT...
2025-12-27T05:11:30.8924625Z   Executing FullSystemV2#WBTC...
2025-12-27T05:11:30.8924878Z   Executing FullSystemV2#WETH...
2025-12-27T05:11:30.8925108Z 
2025-12-27T05:11:30.8968382Z [19A[0JBatch #1
2025-12-27T05:11:30.8968739Z   Executed FullSystemV2#BRS
2025-12-27T05:11:30.8969116Z   Executed FullSystemV2#BTB
2025-12-27T05:11:30.8969359Z   Executed FullSystemV2#BTD
2025-12-27T05:11:30.8969825Z   Executed FullSystemV2#ChainlinkBTCUSD
2025-12-27T05:11:30.8970274Z   Executed FullSystemV2#ChainlinkWBTCBTC
2025-12-27T05:11:30.8970554Z   Executed FullSystemV2#ConfigGov
2025-12-27T05:11:30.8970807Z   Executed FullSystemV2#MockPyth
2025-12-27T05:11:30.8971069Z   Executed FullSystemV2#MockRedstone
2025-12-27T05:11:30.8971340Z   Executed FullSystemV2#PairBRSBTD
2025-12-27T05:11:30.8971602Z   Executed FullSystemV2#PairBTBBTD
2025-12-27T05:11:30.8971868Z   Executed FullSystemV2#PairBTDUSDC
2025-12-27T05:11:30.8972134Z   Executed FullSystemV2#PairWBTCUSDC
2025-12-27T05:11:30.8972393Z   Executed FullSystemV2#TWAPOracle
2025-12-27T05:11:30.8972640Z   Executed FullSystemV2#USDC
2025-12-27T05:11:30.8972879Z   Executing FullSystemV2#USDT...
2025-12-27T05:11:30.8973128Z   Executing FullSystemV2#WBTC...
2025-12-27T05:11:30.8973371Z   Executing FullSystemV2#WETH...
2025-12-27T05:11:30.8973513Z 
2025-12-27T05:11:30.9281245Z [19A[0JBatch #1
2025-12-27T05:11:30.9281652Z   Executed FullSystemV2#BRS
2025-12-27T05:11:30.9282051Z   Executed FullSystemV2#BTB
2025-12-27T05:11:30.9282433Z   Executed FullSystemV2#BTD
2025-12-27T05:11:30.9282888Z   Executed FullSystemV2#ChainlinkBTCUSD
2025-12-27T05:11:30.9283339Z   Executed FullSystemV2#ChainlinkWBTCBTC
2025-12-27T05:11:30.9283646Z   Executed FullSystemV2#ConfigGov
2025-12-27T05:11:30.9283946Z   Executed FullSystemV2#MockPyth
2025-12-27T05:11:30.9284353Z   Executed FullSystemV2#MockRedstone
2025-12-27T05:11:30.9284806Z   Executed FullSystemV2#PairBRSBTD
2025-12-27T05:11:30.9285277Z   Executed FullSystemV2#PairBTBBTD
2025-12-27T05:11:30.9285589Z   Executed FullSystemV2#PairBTDUSDC
2025-12-27T05:11:30.9286078Z   Executed FullSystemV2#PairWBTCUSDC
2025-12-27T05:11:30.9286598Z   Executed FullSystemV2#TWAPOracle
2025-12-27T05:11:30.9286940Z   Executed FullSystemV2#USDC
2025-12-27T05:11:30.9287178Z   Executed FullSystemV2#USDT
2025-12-27T05:11:30.9287444Z   Executing FullSystemV2#WBTC...
2025-12-27T05:11:30.9288081Z   Executing FullSystemV2#WETH...
2025-12-27T05:11:30.9288354Z 
2025-12-27T05:11:30.9323021Z [19A[0JBatch #1
2025-12-27T05:11:30.9323400Z   Executed FullSystemV2#BRS
2025-12-27T05:11:30.9323761Z   Executed FullSystemV2#BTB
2025-12-27T05:11:30.9324102Z   Executed FullSystemV2#BTD
2025-12-27T05:11:30.9324472Z   Executed FullSystemV2#ChainlinkBTCUSD
2025-12-27T05:11:30.9324793Z   Executed FullSystemV2#ChainlinkWBTCBTC
2025-12-27T05:11:30.9325094Z   Executed FullSystemV2#ConfigGov
2025-12-27T05:11:30.9325527Z   Executed FullSystemV2#MockPyth
2025-12-27T05:11:30.9325816Z   Executed FullSystemV2#MockRedstone
2025-12-27T05:11:30.9326122Z   Executed FullSystemV2#PairBRSBTD
2025-12-27T05:11:30.9326424Z   Executed FullSystemV2#PairBTBBTD
2025-12-27T05:11:30.9326702Z   Executed FullSystemV2#PairBTDUSDC
2025-12-27T05:11:30.9326989Z   Executed FullSystemV2#PairWBTCUSDC
2025-12-27T05:11:30.9327270Z   Executed FullSystemV2#TWAPOracle
2025-12-27T05:11:30.9327734Z   Executed FullSystemV2#USDC
2025-12-27T05:11:30.9327989Z   Executed FullSystemV2#USDT
2025-12-27T05:11:30.9328249Z   Executing FullSystemV2#WBTC...
2025-12-27T05:11:30.9328515Z   Executing FullSystemV2#WETH...
2025-12-27T05:11:30.9328671Z 
2025-12-27T05:11:30.9650814Z [19A[0JBatch #1
2025-12-27T05:11:30.9651195Z   Executed FullSystemV2#BRS
2025-12-27T05:11:30.9651476Z   Executed FullSystemV2#BTB
2025-12-27T05:11:30.9651718Z   Executed FullSystemV2#BTD
2025-12-27T05:11:30.9652010Z   Executed FullSystemV2#ChainlinkBTCUSD
2025-12-27T05:11:30.9652591Z   Executed FullSystemV2#ChainlinkWBTCBTC
2025-12-27T05:11:30.9652905Z   Executed FullSystemV2#ConfigGov
2025-12-27T05:11:30.9653197Z   Executed FullSystemV2#MockPyth
2025-12-27T05:11:30.9653482Z   Executed FullSystemV2#MockRedstone
2025-12-27T05:11:30.9653920Z   Executed FullSystemV2#PairBRSBTD
2025-12-27T05:11:30.9654206Z   Executed FullSystemV2#PairBTBBTD
2025-12-27T05:11:30.9654497Z   Executed FullSystemV2#PairBTDUSDC
2025-12-27T05:11:30.9654784Z   Executed FullSystemV2#PairWBTCUSDC
2025-12-27T05:11:30.9655068Z   Executed FullSystemV2#TWAPOracle
2025-12-27T05:11:30.9655320Z   Executed FullSystemV2#USDC
2025-12-27T05:11:30.9655566Z   Executed FullSystemV2#USDT
2025-12-27T05:11:30.9655812Z   Executed FullSystemV2#WBTC
2025-12-27T05:11:30.9656079Z   Executing FullSystemV2#WETH...
2025-12-27T05:11:30.9656239Z 
2025-12-27T05:11:30.9679249Z [19A[0JBatch #1
2025-12-27T05:11:30.9679597Z   Executed FullSystemV2#BRS
2025-12-27T05:11:30.9679976Z   Executed FullSystemV2#BTB
2025-12-27T05:11:30.9680317Z   Executed FullSystemV2#BTD
2025-12-27T05:11:30.9680618Z   Executed FullSystemV2#ChainlinkBTCUSD
2025-12-27T05:11:30.9680933Z   Executed FullSystemV2#ChainlinkWBTCBTC
2025-12-27T05:11:30.9681246Z   Executed FullSystemV2#ConfigGov
2025-12-27T05:11:30.9681536Z   Executed FullSystemV2#MockPyth
2025-12-27T05:11:30.9681817Z   Executed FullSystemV2#MockRedstone
2025-12-27T05:11:30.9682109Z   Executed FullSystemV2#PairBRSBTD
2025-12-27T05:11:30.9682396Z   Executed FullSystemV2#PairBTBBTD
2025-12-27T05:11:30.9682673Z   Executed FullSystemV2#PairBTDUSDC
2025-12-27T05:11:30.9682959Z   Executed FullSystemV2#PairWBTCUSDC
2025-12-27T05:11:30.9683241Z   Executed FullSystemV2#TWAPOracle
2025-12-27T05:11:30.9683490Z   Executed FullSystemV2#USDC
2025-12-27T05:11:30.9683732Z   Executed FullSystemV2#USDT
2025-12-27T05:11:30.9683978Z   Executed FullSystemV2#WBTC
2025-12-27T05:11:30.9684232Z   Executing FullSystemV2#WETH...
2025-12-27T05:11:30.9684394Z 
2025-12-27T05:11:30.9971805Z [19A[0JBatch #1
2025-12-27T05:11:30.9972181Z   Executed FullSystemV2#BRS
2025-12-27T05:11:30.9972490Z   Executed FullSystemV2#BTB
2025-12-27T05:11:30.9972746Z   Executed FullSystemV2#BTD
2025-12-27T05:11:30.9973029Z   Executed FullSystemV2#ChainlinkBTCUSD
2025-12-27T05:11:30.9973352Z   Executed FullSystemV2#ChainlinkWBTCBTC
2025-12-27T05:11:30.9973652Z   Executed FullSystemV2#ConfigGov
2025-12-27T05:11:30.9973933Z   Executed FullSystemV2#MockPyth
2025-12-27T05:11:30.9974222Z   Executed FullSystemV2#MockRedstone
2025-12-27T05:11:30.9974516Z   Executed FullSystemV2#PairBRSBTD
2025-12-27T05:11:30.9974808Z   Executed FullSystemV2#PairBTBBTD
2025-12-27T05:11:30.9975092Z   Executed FullSystemV2#PairBTDUSDC
2025-12-27T05:11:30.9975378Z   Executed FullSystemV2#PairWBTCUSDC
2025-12-27T05:11:30.9975659Z   Executed FullSystemV2#TWAPOracle
2025-12-27T05:11:30.9975902Z   Executed FullSystemV2#USDC
2025-12-27T05:11:30.9976143Z   Executed FullSystemV2#USDT
2025-12-27T05:11:30.9976385Z   Executed FullSystemV2#WBTC
2025-12-27T05:11:30.9976622Z   Executed FullSystemV2#WETH
2025-12-27T05:11:30.9976769Z 
2025-12-27T05:11:30.9980249Z [19A[0JBatch #1
2025-12-27T05:11:30.9980600Z   Executed FullSystemV2#BRS
2025-12-27T05:11:30.9980978Z   Executed FullSystemV2#BTB
2025-12-27T05:11:30.9981362Z   Executed FullSystemV2#BTD
2025-12-27T05:11:30.9981647Z   Executed FullSystemV2#ChainlinkBTCUSD
2025-12-27T05:11:30.9982001Z   Executed FullSystemV2#ChainlinkWBTCBTC
2025-12-27T05:11:30.9982521Z   Executed FullSystemV2#ConfigGov
2025-12-27T05:11:30.9983010Z   Executed FullSystemV2#MockPyth
2025-12-27T05:11:30.9983487Z   Executed FullSystemV2#MockRedstone
2025-12-27T05:11:30.9984085Z   Executed FullSystemV2#PairBRSBTD
2025-12-27T05:11:30.9984520Z   Executed FullSystemV2#PairBTBBTD
2025-12-27T05:11:30.9984846Z   Executed FullSystemV2#PairBTDUSDC
2025-12-27T05:11:30.9985368Z   Executed FullSystemV2#PairWBTCUSDC
2025-12-27T05:11:30.9985868Z   Executed FullSystemV2#TWAPOracle
2025-12-27T05:11:30.9986333Z   Executed FullSystemV2#USDC
2025-12-27T05:11:30.9986747Z   Executed FullSystemV2#USDT
2025-12-27T05:11:30.9987466Z   Executed FullSystemV2#WBTC
2025-12-27T05:11:30.9988245Z   Executed FullSystemV2#WETH
2025-12-27T05:11:30.9988521Z 
2025-12-27T05:11:30.9988601Z Batch #2
2025-12-27T05:11:30.9988973Z   Executing FullSystemV2#ConfigCore...
2025-12-27T05:11:30.9989853Z   Executing FullSystemV2#ConfigGovSetParams...
2025-12-27T05:11:30.9990438Z   Executing FullSystemV2#InitPairBRSBTD...
2025-12-27T05:11:30.9990987Z   Executing FullSystemV2#InitPairBTBBTD...
2025-12-27T05:11:30.9991571Z   Executing FullSystemV2#InitPairBTDUSDC...
2025-12-27T05:11:30.9992096Z   Executing FullSystemV2#InitPairWBTCUSDC...
2025-12-27T05:11:30.9992672Z   Executing FullSystemV2#SetPceFeed...
2025-12-27T05:11:30.9993187Z   Executing FullSystemV2#stBTB...
2025-12-27T05:11:30.9993664Z   Executing FullSystemV2#stBTD...
2025-12-27T05:11:30.9993947Z 
2025-12-27T05:11:31.0031879Z [11A[0JBatch #2
2025-12-27T05:11:31.0032288Z   Executing FullSystemV2#ConfigCore...
2025-12-27T05:11:31.0032692Z   Executing FullSystemV2#ConfigGovSetParams...
2025-12-27T05:11:31.0033303Z   Executing FullSystemV2#InitPairBRSBTD...
2025-12-27T05:11:31.0033920Z   Executing FullSystemV2#InitPairBTBBTD...
2025-12-27T05:11:31.0034462Z   Executing FullSystemV2#InitPairBTDUSDC...
2025-12-27T05:11:31.0035015Z   Executing FullSystemV2#InitPairWBTCUSDC...
2025-12-27T05:11:31.0035535Z   Executing FullSystemV2#SetPceFeed...
2025-12-27T05:11:31.0036012Z   Executing FullSystemV2#stBTB...
2025-12-27T05:11:31.0036468Z   Executing FullSystemV2#stBTD...
2025-12-27T05:11:31.0036748Z 
2025-12-27T05:11:31.0360249Z [11A[0JBatch #2
2025-12-27T05:11:31.0360743Z   Executed FullSystemV2#ConfigCore
2025-12-27T05:11:31.0361342Z   Executing FullSystemV2#ConfigGovSetParams...
2025-12-27T05:11:31.0361997Z   Executing FullSystemV2#InitPairBRSBTD...
2025-12-27T05:11:31.0362608Z   Executing FullSystemV2#InitPairBTBBTD...
2025-12-27T05:11:31.0363180Z   Executing FullSystemV2#InitPairBTDUSDC...
2025-12-27T05:11:31.0363784Z   Executing FullSystemV2#InitPairWBTCUSDC...
2025-12-27T05:11:31.0364278Z   Executing FullSystemV2#SetPceFeed...
2025-12-27T05:11:31.0364677Z   Executing FullSystemV2#stBTB...
2025-12-27T05:11:31.0365159Z   Executing FullSystemV2#stBTD...
2025-12-27T05:11:31.0365465Z 
2025-12-27T05:11:31.0374756Z [11A[0JBatch #2
2025-12-27T05:11:31.0375202Z   Executed FullSystemV2#ConfigCore
2025-12-27T05:11:31.0375746Z   Executing FullSystemV2#ConfigGovSetParams...
2025-12-27T05:11:31.0376403Z   Executing FullSystemV2#InitPairBRSBTD...
2025-12-27T05:11:31.0376980Z   Executing FullSystemV2#InitPairBTBBTD...
2025-12-27T05:11:31.0377803Z   Executing FullSystemV2#InitPairBTDUSDC...
2025-12-27T05:11:31.0378438Z   Executing FullSystemV2#InitPairWBTCUSDC...
2025-12-27T05:11:31.0378978Z   Executing FullSystemV2#SetPceFeed...
2025-12-27T05:11:31.0379474Z   Executing FullSystemV2#stBTB...
2025-12-27T05:11:31.0379952Z   Executing FullSystemV2#stBTD...
2025-12-27T05:11:31.0380231Z 
2025-12-27T05:11:31.0744875Z [11A[0JBatch #2
2025-12-27T05:11:31.0745429Z   Executed FullSystemV2#ConfigCore
2025-12-27T05:11:31.0745893Z   Executed FullSystemV2#ConfigGovSetParams
2025-12-27T05:11:31.0746536Z   Executing FullSystemV2#InitPairBRSBTD...
2025-12-27T05:11:31.0747006Z   Executing FullSystemV2#InitPairBTBBTD...
2025-12-27T05:11:31.0747822Z   Executing FullSystemV2#InitPairBTDUSDC...
2025-12-27T05:11:31.0748412Z   Executing FullSystemV2#InitPairWBTCUSDC...
2025-12-27T05:11:31.0748840Z   Executing FullSystemV2#SetPceFeed...
2025-12-27T05:11:31.0749462Z   Executing FullSystemV2#stBTB...
2025-12-27T05:11:31.0750027Z   Executing FullSystemV2#stBTD...
2025-12-27T05:11:31.0750355Z 
2025-12-27T05:11:31.0750663Z [11A[0JBatch #2
2025-12-27T05:11:31.0751146Z   Executed FullSystemV2#ConfigCore
2025-12-27T05:11:31.0751736Z   Executed FullSystemV2#ConfigGovSetParams
2025-12-27T05:11:31.0752144Z   Executing FullSystemV2#InitPairBRSBTD...
2025-12-27T05:11:31.0752530Z   Executing FullSystemV2#InitPairBTBBTD...
2025-12-27T05:11:31.0752917Z   Executing FullSystemV2#InitPairBTDUSDC...
2025-12-27T05:11:31.0753315Z   Executing FullSystemV2#InitPairWBTCUSDC...
2025-12-27T05:11:31.0753977Z   Executing FullSystemV2#SetPceFeed...
2025-12-27T05:11:31.0754378Z   Executing FullSystemV2#stBTB...
2025-12-27T05:11:31.0754737Z   Executing FullSystemV2#stBTD...
2025-12-27T05:11:31.0755057Z 
2025-12-27T05:11:31.1080389Z [11A[0JBatch #2
2025-12-27T05:11:31.1080721Z   Executed FullSystemV2#ConfigCore
2025-12-27T05:11:31.1081053Z   Executed FullSystemV2#ConfigGovSetParams
2025-12-27T05:11:31.1081376Z   Executed FullSystemV2#InitPairBRSBTD
2025-12-27T05:11:31.1081814Z   Executing FullSystemV2#InitPairBTBBTD...
2025-12-27T05:11:31.1082148Z   Executing FullSystemV2#InitPairBTDUSDC...
2025-12-27T05:11:31.1082471Z   Executing FullSystemV2#InitPairWBTCUSDC...
2025-12-27T05:11:31.1082883Z   Executing FullSystemV2#SetPceFeed...
2025-12-27T05:11:31.1083197Z   Executing FullSystemV2#stBTB...
2025-12-27T05:11:31.1083644Z   Executing FullSystemV2#stBTD...
2025-12-27T05:11:31.1083935Z 
2025-12-27T05:11:31.1085083Z [11A[0JBatch #2
2025-12-27T05:11:31.1085547Z   Executed FullSystemV2#ConfigCore
2025-12-27T05:11:31.1086132Z   Executed FullSystemV2#ConfigGovSetParams
2025-12-27T05:11:31.1086733Z   Executed FullSystemV2#InitPairBRSBTD
2025-12-27T05:11:31.1087281Z   Executing FullSystemV2#InitPairBTBBTD...
2025-12-27T05:11:31.1088060Z   Executing FullSystemV2#InitPairBTDUSDC...
2025-12-27T05:11:31.1088617Z   Executing FullSystemV2#InitPairWBTCUSDC...
2025-12-27T05:11:31.1089150Z   Executing FullSystemV2#SetPceFeed...
2025-12-27T05:11:31.1089656Z   Executing FullSystemV2#stBTB...
2025-12-27T05:11:31.1090124Z   Executing FullSystemV2#stBTD...
2025-12-27T05:11:31.1090399Z 
2025-12-27T05:11:31.1408310Z [11A[0JBatch #2
2025-12-27T05:11:31.1408639Z   Executed FullSystemV2#ConfigCore
2025-12-27T05:11:31.1408971Z   Executed FullSystemV2#ConfigGovSetParams
2025-12-27T05:11:31.1409370Z   Executed FullSystemV2#InitPairBRSBTD
2025-12-27T05:11:31.1409715Z   Executed FullSystemV2#InitPairBTBBTD
2025-12-27T05:11:31.1410023Z   Executing FullSystemV2#InitPairBTDUSDC...
2025-12-27T05:11:31.1410470Z   Executing FullSystemV2#InitPairWBTCUSDC...
2025-12-27T05:11:31.1410794Z   Executing FullSystemV2#SetPceFeed...
2025-12-27T05:11:31.1411172Z   Executing FullSystemV2#stBTB...
2025-12-27T05:11:31.1411555Z   Executing FullSystemV2#stBTD...
2025-12-27T05:11:31.1411717Z 
2025-12-27T05:11:31.1412413Z [11A[0JBatch #2
2025-12-27T05:11:31.1412663Z   Executed FullSystemV2#ConfigCore
2025-12-27T05:11:31.1413091Z   Executed FullSystemV2#ConfigGovSetParams
2025-12-27T05:11:31.1413444Z   Executed FullSystemV2#InitPairBRSBTD
2025-12-27T05:11:31.1413745Z   Executed FullSystemV2#InitPairBTBBTD
2025-12-27T05:11:31.1414047Z   Executing FullSystemV2#InitPairBTDUSDC...
2025-12-27T05:11:31.1414360Z   Executing FullSystemV2#InitPairWBTCUSDC...
2025-12-27T05:11:31.1414664Z   Executing FullSystemV2#SetPceFeed...
2025-12-27T05:11:31.1414953Z   Executing FullSystemV2#stBTB...
2025-12-27T05:11:31.1415224Z   Executing FullSystemV2#stBTD...
2025-12-27T05:11:31.1415382Z 
2025-12-27T05:11:31.1728408Z [11A[0JBatch #2
2025-12-27T05:11:31.1728751Z   Executed FullSystemV2#ConfigCore
2025-12-27T05:11:31.1729085Z   Executed FullSystemV2#ConfigGovSetParams
2025-12-27T05:11:31.1729411Z   Executed FullSystemV2#InitPairBRSBTD
2025-12-27T05:11:31.1729727Z   Executed FullSystemV2#InitPairBTBBTD
2025-12-27T05:11:31.1730145Z   Executed FullSystemV2#InitPairBTDUSDC
2025-12-27T05:11:31.1730452Z   Executing FullSystemV2#InitPairWBTCUSDC...
2025-12-27T05:11:31.1730761Z   Executing FullSystemV2#SetPceFeed...
2025-12-27T05:11:31.1731087Z   Executing FullSystemV2#stBTB...
2025-12-27T05:11:31.1731407Z   Executing FullSystemV2#stBTD...
2025-12-27T05:11:31.1731573Z 
2025-12-27T05:11:31.1733333Z [11A[0JBatch #2
2025-12-27T05:11:31.1733627Z   Executed FullSystemV2#ConfigCore
2025-12-27T05:11:31.1734087Z   Executed FullSystemV2#ConfigGovSetParams
2025-12-27T05:11:31.1734542Z   Executed FullSystemV2#InitPairBRSBTD
2025-12-27T05:11:31.1734985Z   Executed FullSystemV2#InitPairBTBBTD
2025-12-27T05:11:31.1735458Z   Executed FullSystemV2#InitPairBTDUSDC
2025-12-27T05:11:31.1736018Z   Executing FullSystemV2#InitPairWBTCUSDC...
2025-12-27T05:11:31.1736354Z   Executing FullSystemV2#SetPceFeed...
2025-12-27T05:11:31.1736637Z   Executing FullSystemV2#stBTB...
2025-12-27T05:11:31.1737047Z   Executing FullSystemV2#stBTD...
2025-12-27T05:11:31.1737218Z 
2025-12-27T05:11:31.2057810Z [11A[0JBatch #2
2025-12-27T05:11:31.2058238Z   Executed FullSystemV2#ConfigCore
2025-12-27T05:11:31.2058654Z   Executed FullSystemV2#ConfigGovSetParams
2025-12-27T05:11:31.2059317Z   Executed FullSystemV2#InitPairBRSBTD
2025-12-27T05:11:31.2059845Z   Executed FullSystemV2#InitPairBTBBTD
2025-12-27T05:11:31.2060445Z   Executed FullSystemV2#InitPairBTDUSDC
2025-12-27T05:11:31.2060846Z   Executed FullSystemV2#InitPairWBTCUSDC
2025-12-27T05:11:31.2061375Z   Executing FullSystemV2#SetPceFeed...
2025-12-27T05:11:31.2061668Z   Executing FullSystemV2#stBTB...
2025-12-27T05:11:31.2061977Z   Executing FullSystemV2#stBTD...
2025-12-27T05:11:31.2062259Z 
2025-12-27T05:11:31.2062495Z [11A[0JBatch #2
2025-12-27T05:11:31.2062790Z   Executed FullSystemV2#ConfigCore
2025-12-27T05:11:31.2063247Z   Executed FullSystemV2#ConfigGovSetParams
2025-12-27T05:11:31.2063676Z   Executed FullSystemV2#InitPairBRSBTD
2025-12-27T05:11:31.2064110Z   Executed FullSystemV2#InitPairBTBBTD
2025-12-27T05:11:31.2064566Z   Executed FullSystemV2#InitPairBTDUSDC
2025-12-27T05:11:31.2064870Z   Executed FullSystemV2#InitPairWBTCUSDC
2025-12-27T05:11:31.2065161Z   Executing FullSystemV2#SetPceFeed...
2025-12-27T05:11:31.2065449Z   Executing FullSystemV2#stBTB...
2025-12-27T05:11:31.2065728Z   Executing FullSystemV2#stBTD...
2025-12-27T05:11:31.2065886Z 
2025-12-27T05:11:31.2379755Z [11A[0JBatch #2
2025-12-27T05:11:31.2380642Z   Executed FullSystemV2#ConfigCore
2025-12-27T05:11:31.2381182Z   Executed FullSystemV2#ConfigGovSetParams
2025-12-27T05:11:31.2381621Z   Executed FullSystemV2#InitPairBRSBTD
2025-12-27T05:11:31.2382017Z   Executed FullSystemV2#InitPairBTBBTD
2025-12-27T05:11:31.2382324Z   Executed FullSystemV2#InitPairBTDUSDC
2025-12-27T05:11:31.2382649Z   Executed FullSystemV2#InitPairWBTCUSDC
2025-12-27T05:11:31.2382937Z   Executed FullSystemV2#SetPceFeed
2025-12-27T05:11:31.2383194Z   Executing FullSystemV2#stBTB...
2025-12-27T05:11:31.2383463Z   Executing FullSystemV2#stBTD...
2025-12-27T05:11:31.2383618Z 
2025-12-27T05:11:31.2422994Z [11A[0JBatch #2
2025-12-27T05:11:31.2423463Z   Executed FullSystemV2#ConfigCore
2025-12-27T05:11:31.2423997Z   Executed FullSystemV2#ConfigGovSetParams
2025-12-27T05:11:31.2424505Z   Executed FullSystemV2#InitPairBRSBTD
2025-12-27T05:11:31.2424897Z   Executed FullSystemV2#InitPairBTBBTD
2025-12-27T05:11:31.2425186Z   Executed FullSystemV2#InitPairBTDUSDC
2025-12-27T05:11:31.2425477Z   Executed FullSystemV2#InitPairWBTCUSDC
2025-12-27T05:11:31.2425760Z   Executed FullSystemV2#SetPceFeed
2025-12-27T05:11:31.2426026Z   Executing FullSystemV2#stBTB...
2025-12-27T05:11:31.2426284Z   Executing FullSystemV2#stBTD...
2025-12-27T05:11:31.2426437Z 
2025-12-27T05:11:31.2812619Z [11A[0JBatch #2
2025-12-27T05:11:31.2813193Z   Executed FullSystemV2#ConfigCore
2025-12-27T05:11:31.2813540Z   Executed FullSystemV2#ConfigGovSetParams
2025-12-27T05:11:31.2813864Z   Executed FullSystemV2#InitPairBRSBTD
2025-12-27T05:11:31.2814172Z   Executed FullSystemV2#InitPairBTBBTD
2025-12-27T05:11:31.2814463Z   Executed FullSystemV2#InitPairBTDUSDC
2025-12-27T05:11:31.2814778Z   Executed FullSystemV2#InitPairWBTCUSDC
2025-12-27T05:11:31.2815066Z   Executed FullSystemV2#SetPceFeed
2025-12-27T05:11:31.2815315Z   Executed FullSystemV2#stBTB
2025-12-27T05:11:31.2815755Z   Executing FullSystemV2#stBTD...
2025-12-27T05:11:31.2815920Z 
2025-12-27T05:11:31.2861714Z [11A[0JBatch #2
2025-12-27T05:11:31.2862135Z   Executed FullSystemV2#ConfigCore
2025-12-27T05:11:31.2862629Z   Executed FullSystemV2#ConfigGovSetParams
2025-12-27T05:11:31.2863146Z   Executed FullSystemV2#InitPairBRSBTD
2025-12-27T05:11:31.2863451Z   Executed FullSystemV2#InitPairBTBBTD
2025-12-27T05:11:31.2863728Z   Executed FullSystemV2#InitPairBTDUSDC
2025-12-27T05:11:31.2864246Z   Executed FullSystemV2#InitPairWBTCUSDC
2025-12-27T05:11:31.2864556Z   Executed FullSystemV2#SetPceFeed
2025-12-27T05:11:31.2864807Z   Executed FullSystemV2#stBTB
2025-12-27T05:11:31.2865061Z   Executing FullSystemV2#stBTD...
2025-12-27T05:11:31.2865360Z 
2025-12-27T05:11:31.3231703Z [11A[0JBatch #2
2025-12-27T05:11:31.3232232Z   Executed FullSystemV2#ConfigCore
2025-12-27T05:11:31.3232801Z   Executed FullSystemV2#ConfigGovSetParams
2025-12-27T05:11:31.3233364Z   Executed FullSystemV2#InitPairBRSBTD
2025-12-27T05:11:31.3233875Z   Executed FullSystemV2#InitPairBTBBTD
2025-12-27T05:11:31.3234392Z   Executed FullSystemV2#InitPairBTDUSDC
2025-12-27T05:11:31.3234920Z   Executed FullSystemV2#InitPairWBTCUSDC
2025-12-27T05:11:31.3235422Z   Executed FullSystemV2#SetPceFeed
2025-12-27T05:11:31.3235745Z   Executed FullSystemV2#stBTB
2025-12-27T05:11:31.3236091Z   Executed FullSystemV2#stBTD
2025-12-27T05:11:31.3236364Z 
2025-12-27T05:11:31.3239349Z [11A[0JBatch #2
2025-12-27T05:11:31.3239763Z   Executed FullSystemV2#ConfigCore
2025-12-27T05:11:31.3240298Z   Executed FullSystemV2#ConfigGovSetParams
2025-12-27T05:11:31.3240798Z   Executed FullSystemV2#InitPairBRSBTD
2025-12-27T05:11:31.3241283Z   Executed FullSystemV2#InitPairBTBBTD
2025-12-27T05:11:31.3241771Z   Executed FullSystemV2#InitPairBTDUSDC
2025-12-27T05:11:31.3242258Z   Executed FullSystemV2#InitPairWBTCUSDC
2025-12-27T05:11:31.3242731Z   Executed FullSystemV2#SetPceFeed
2025-12-27T05:11:31.3243156Z   Executed FullSystemV2#stBTB
2025-12-27T05:11:31.3243542Z   Executed FullSystemV2#stBTD
2025-12-27T05:11:31.3243792Z 
2025-12-27T05:11:31.3243910Z Batch #3
2025-12-27T05:11:31.3244273Z   Executing FullSystemV2#IdealUSDManager...
2025-12-27T05:11:31.3244740Z   Executing FullSystemV2#InterestPool...
2025-12-27T05:11:31.3245042Z   Executing FullSystemV2#Minter...
2025-12-27T05:11:31.3245329Z   Executing FullSystemV2#PriceOracle...
2025-12-27T05:11:31.3245620Z   Executing FullSystemV2#Treasury...
2025-12-27T05:11:31.3245783Z 
2025-12-27T05:11:31.3301669Z [7A[0JBatch #3
2025-12-27T05:11:31.3302161Z   Executing FullSystemV2#IdealUSDManager...
2025-12-27T05:11:31.3302749Z   Executing FullSystemV2#InterestPool...
2025-12-27T05:11:31.3303307Z   Executing FullSystemV2#Minter...
2025-12-27T05:11:31.3303825Z   Executing FullSystemV2#PriceOracle...
2025-12-27T05:11:31.3304315Z   Executing FullSystemV2#Treasury...
2025-12-27T05:11:31.3304655Z 
2025-12-27T05:11:31.3616810Z [7A[0JBatch #3
2025-12-27T05:11:31.3617345Z   Executed FullSystemV2#IdealUSDManager
2025-12-27T05:11:31.3618627Z   Executing FullSystemV2#InterestPool...
2025-12-27T05:11:31.3619204Z   Executing FullSystemV2#Minter...
2025-12-27T05:11:31.3619720Z   Executing FullSystemV2#PriceOracle...
2025-12-27T05:11:31.3620263Z   Executing FullSystemV2#Treasury...
2025-12-27T05:11:31.3620488Z 
2025-12-27T05:11:31.3663232Z [7A[0JBatch #3
2025-12-27T05:11:31.3663734Z   Executed FullSystemV2#IdealUSDManager
2025-12-27T05:11:31.3664309Z   Executing FullSystemV2#InterestPool...
2025-12-27T05:11:31.3664831Z   Executing FullSystemV2#Minter...
2025-12-27T05:11:31.3665363Z   Executing FullSystemV2#PriceOracle...
2025-12-27T05:11:31.3665852Z   Executing FullSystemV2#Treasury...
2025-12-27T05:11:31.3666136Z 
2025-12-27T05:11:31.4017467Z [7A[0JBatch #3
2025-12-27T05:11:31.4018197Z   Executed FullSystemV2#IdealUSDManager
2025-12-27T05:11:31.4018781Z   Executed FullSystemV2#InterestPool
2025-12-27T05:11:31.4019318Z   Executing FullSystemV2#Minter...
2025-12-27T05:11:31.4019803Z   Executing FullSystemV2#PriceOracle...
2025-12-27T05:11:31.4020329Z   Executing FullSystemV2#Treasury...
2025-12-27T05:11:31.4020616Z 
2025-12-27T05:11:31.4065986Z [7A[0JBatch #3
2025-12-27T05:11:31.4066457Z   Executed FullSystemV2#IdealUSDManager
2025-12-27T05:11:31.4066934Z   Executed FullSystemV2#InterestPool
2025-12-27T05:11:31.4067236Z   Executing FullSystemV2#Minter...
2025-12-27T05:11:31.4067757Z   Executing FullSystemV2#PriceOracle...
2025-12-27T05:11:31.4068064Z   Executing FullSystemV2#Treasury...
2025-12-27T05:11:31.4068239Z 
2025-12-27T05:11:31.4425155Z [7A[0JBatch #3
2025-12-27T05:11:31.4426077Z   Executed FullSystemV2#IdealUSDManager
2025-12-27T05:11:31.4426696Z   Executed FullSystemV2#InterestPool
2025-12-27T05:11:31.4427221Z   Executed FullSystemV2#Minter
2025-12-27T05:11:31.4428140Z   Executing FullSystemV2#PriceOracle...
2025-12-27T05:11:31.4428643Z   Executing FullSystemV2#Treasury...
2025-12-27T05:11:31.4428917Z 
2025-12-27T05:11:31.4477169Z [7A[0JBatch #3
2025-12-27T05:11:31.4477821Z   Executed FullSystemV2#IdealUSDManager
2025-12-27T05:11:31.4478263Z   Executed FullSystemV2#InterestPool
2025-12-27T05:11:31.4478567Z   Executed FullSystemV2#Minter
2025-12-27T05:11:31.4478905Z   Executing FullSystemV2#PriceOracle...
2025-12-27T05:11:31.4479325Z   Executing FullSystemV2#Treasury...
2025-12-27T05:11:31.4479494Z 
2025-12-27T05:11:31.4861372Z [7A[0JBatch #3
2025-12-27T05:11:31.4861845Z   Executed FullSystemV2#IdealUSDManager
2025-12-27T05:11:31.4862407Z   Executed FullSystemV2#InterestPool
2025-12-27T05:11:31.4862858Z   Executed FullSystemV2#Minter
2025-12-27T05:11:31.4863370Z   Executed FullSystemV2#PriceOracle
2025-12-27T05:11:31.4863871Z   Executing FullSystemV2#Treasury...
2025-12-27T05:11:31.4864187Z 
2025-12-27T05:11:31.4898700Z [7A[0JBatch #3
2025-12-27T05:11:31.4899156Z   Executed FullSystemV2#IdealUSDManager
2025-12-27T05:11:31.4899589Z   Executed FullSystemV2#InterestPool
2025-12-27T05:11:31.4899937Z   Executed FullSystemV2#Minter
2025-12-27T05:11:31.4900342Z   Executed FullSystemV2#PriceOracle
2025-12-27T05:11:31.4900767Z   Executing FullSystemV2#Treasury...
2025-12-27T05:11:31.4900943Z 
2025-12-27T05:11:31.5197007Z [7A[0JBatch #3
2025-12-27T05:11:31.5197652Z   Executed FullSystemV2#IdealUSDManager
2025-12-27T05:11:31.5198168Z   Executed FullSystemV2#InterestPool
2025-12-27T05:11:31.5198645Z   Executed FullSystemV2#Minter
2025-12-27T05:11:31.5199102Z   Executed FullSystemV2#PriceOracle
2025-12-27T05:11:31.5200760Z   Executed FullSystemV2#Treasury
2025-12-27T05:11:31.5201180Z 
2025-12-27T05:11:31.5206042Z [7A[0JBatch #3
2025-12-27T05:11:31.5206490Z   Executed FullSystemV2#IdealUSDManager
2025-12-27T05:11:31.5206825Z   Executed FullSystemV2#InterestPool
2025-12-27T05:11:31.5207108Z   Executed FullSystemV2#Minter
2025-12-27T05:11:31.5207382Z   Executed FullSystemV2#PriceOracle
2025-12-27T05:11:31.5208012Z   Executed FullSystemV2#Treasury
2025-12-27T05:11:31.5208295Z 
2025-12-27T05:11:31.5208423Z Batch #4
2025-12-27T05:11:31.5208890Z   Executing FullSystemV2#BTBGrantMinterRoleInterestPool...
2025-12-27T05:11:31.5209550Z   Executing FullSystemV2#BTBGrantMinterRoleMinter...
2025-12-27T05:11:31.5210194Z   Executing FullSystemV2#BTDGrantMinterRoleInterestPool...
2025-12-27T05:11:31.5210829Z   Executing FullSystemV2#BTDGrantMinterRoleMinter...
2025-12-27T05:11:31.5211444Z   Executing FullSystemV2#ConfigCore.setCoreContracts...
2025-12-27T05:11:31.5211993Z   Executing FullSystemV2#FarmingPool...
2025-12-27T05:11:31.5212281Z 
2025-12-27T05:11:31.5238076Z [8A[0JBatch #4
2025-12-27T05:11:31.5238577Z   Executing FullSystemV2#BTBGrantMinterRoleInterestPool...
2025-12-27T05:11:31.5239150Z   Executing FullSystemV2#BTBGrantMinterRoleMinter...
2025-12-27T05:11:31.5239731Z   Executing FullSystemV2#BTDGrantMinterRoleInterestPool...
2025-12-27T05:11:31.5240144Z   Executing FullSystemV2#BTDGrantMinterRoleMinter...
2025-12-27T05:11:31.5240519Z   Executing FullSystemV2#ConfigCore.setCoreContracts...
2025-12-27T05:11:31.5240840Z   Executing FullSystemV2#FarmingPool...
2025-12-27T05:11:31.5241017Z 
2025-12-27T05:11:31.5587870Z [8A[0JBatch #4
2025-12-27T05:11:31.5588505Z   Executed FullSystemV2#BTBGrantMinterRoleInterestPool
2025-12-27T05:11:31.5589028Z   Executing FullSystemV2#BTBGrantMinterRoleMinter...
2025-12-27T05:11:31.5589531Z   Executing FullSystemV2#BTDGrantMinterRoleInterestPool...
2025-12-27T05:11:31.5590041Z   Executing FullSystemV2#BTDGrantMinterRoleMinter...
2025-12-27T05:11:31.5590502Z   Executing FullSystemV2#ConfigCore.setCoreContracts...
2025-12-27T05:11:31.5591105Z   Executing FullSystemV2#FarmingPool...
2025-12-27T05:11:31.5591503Z 
2025-12-27T05:11:31.5592168Z [8A[0JBatch #4
2025-12-27T05:11:31.5592792Z   Executed FullSystemV2#BTBGrantMinterRoleInterestPool
2025-12-27T05:11:31.5593585Z   Executing FullSystemV2#BTBGrantMinterRoleMinter...
2025-12-27T05:11:31.5594647Z   Executing FullSystemV2#BTDGrantMinterRoleInterestPool...
2025-12-27T05:11:31.5595455Z   Executing FullSystemV2#BTDGrantMinterRoleMinter...
2025-12-27T05:11:31.5596245Z   Executing FullSystemV2#ConfigCore.setCoreContracts...
2025-12-27T05:11:31.5596717Z   Executing FullSystemV2#FarmingPool...
2025-12-27T05:11:31.5596950Z 
2025-12-27T05:11:31.5913485Z [8A[0JBatch #4
2025-12-27T05:11:31.5914076Z   Executed FullSystemV2#BTBGrantMinterRoleInterestPool
2025-12-27T05:11:31.5914605Z   Executed FullSystemV2#BTBGrantMinterRoleMinter
2025-12-27T05:11:31.5915152Z   Executing FullSystemV2#BTDGrantMinterRoleInterestPool...
2025-12-27T05:11:31.5915553Z   Executing FullSystemV2#BTDGrantMinterRoleMinter...
2025-12-27T05:11:31.5915937Z   Executing FullSystemV2#ConfigCore.setCoreContracts...
2025-12-27T05:11:31.5916291Z   Executing FullSystemV2#FarmingPool...
2025-12-27T05:11:31.5916477Z 
2025-12-27T05:11:31.5918217Z [8A[0JBatch #4
2025-12-27T05:11:31.5918705Z   Executed FullSystemV2#BTBGrantMinterRoleInterestPool
2025-12-27T05:11:31.5919249Z   Executed FullSystemV2#BTBGrantMinterRoleMinter
2025-12-27T05:11:31.5919630Z   Executing FullSystemV2#BTDGrantMinterRoleInterestPool...
2025-12-27T05:11:31.5920018Z   Executing FullSystemV2#BTDGrantMinterRoleMinter...
2025-12-27T05:11:31.5920379Z   Executing FullSystemV2#ConfigCore.setCoreContracts...
2025-12-27T05:11:31.5920706Z   Executing FullSystemV2#FarmingPool...
2025-12-27T05:11:31.5920880Z 
2025-12-27T05:11:31.6238321Z [8A[0JBatch #4
2025-12-27T05:11:31.6238972Z   Executed FullSystemV2#BTBGrantMinterRoleInterestPool
2025-12-27T05:11:31.6239475Z   Executed FullSystemV2#BTBGrantMinterRoleMinter
2025-12-27T05:11:31.6239939Z   Executed FullSystemV2#BTDGrantMinterRoleInterestPool
2025-12-27T05:11:31.6240415Z   Executing FullSystemV2#BTDGrantMinterRoleMinter...
2025-12-27T05:11:31.6240928Z   Executing FullSystemV2#ConfigCore.setCoreContracts...
2025-12-27T05:11:31.6241528Z   Executing FullSystemV2#FarmingPool...
2025-12-27T05:11:31.6241945Z 
2025-12-27T05:11:31.6242279Z [8A[0JBatch #4
2025-12-27T05:11:31.6242852Z   Executed FullSystemV2#BTBGrantMinterRoleInterestPool
2025-12-27T05:11:31.6243510Z   Executed FullSystemV2#BTBGrantMinterRoleMinter
2025-12-27T05:11:31.6243945Z   Executed FullSystemV2#BTDGrantMinterRoleInterestPool
2025-12-27T05:11:31.6244388Z   Executing FullSystemV2#BTDGrantMinterRoleMinter...
2025-12-27T05:11:31.6244851Z   Executing FullSystemV2#ConfigCore.setCoreContracts...
2025-12-27T05:11:31.6245253Z   Executing FullSystemV2#FarmingPool...
2025-12-27T05:11:31.6245464Z 
2025-12-27T05:11:31.6588252Z [8A[0JBatch #4
2025-12-27T05:11:31.6588886Z   Executed FullSystemV2#BTBGrantMinterRoleInterestPool
2025-12-27T05:11:31.6589391Z   Executed FullSystemV2#BTBGrantMinterRoleMinter
2025-12-27T05:11:31.6590075Z   Executed FullSystemV2#BTDGrantMinterRoleInterestPool
2025-12-27T05:11:31.6590480Z   Executed FullSystemV2#BTDGrantMinterRoleMinter
2025-12-27T05:11:31.6590894Z   Executing FullSystemV2#ConfigCore.setCoreContracts...
2025-12-27T05:11:31.6591414Z   Executing FullSystemV2#FarmingPool...
2025-12-27T05:11:31.6591623Z 
2025-12-27T05:11:31.6593159Z [8A[0JBatch #4
2025-12-27T05:11:31.6593646Z   Executed FullSystemV2#BTBGrantMinterRoleInterestPool
2025-12-27T05:11:31.6594253Z   Executed FullSystemV2#BTBGrantMinterRoleMinter
2025-12-27T05:11:31.6594847Z   Executed FullSystemV2#BTDGrantMinterRoleInterestPool
2025-12-27T05:11:31.6595423Z   Executed FullSystemV2#BTDGrantMinterRoleMinter
2025-12-27T05:11:31.6596015Z   Executing FullSystemV2#ConfigCore.setCoreContracts...
2025-12-27T05:11:31.6596485Z   Executing FullSystemV2#FarmingPool...
2025-12-27T05:11:31.6596661Z 
2025-12-27T05:11:31.6906836Z [8A[0JBatch #4
2025-12-27T05:11:31.6907705Z   Executed FullSystemV2#BTBGrantMinterRoleInterestPool
2025-12-27T05:11:31.6908486Z   Executed FullSystemV2#BTBGrantMinterRoleMinter
2025-12-27T05:11:31.6909464Z   Executed FullSystemV2#BTDGrantMinterRoleInterestPool
2025-12-27T05:11:31.6910098Z   Executed FullSystemV2#BTDGrantMinterRoleMinter
2025-12-27T05:11:31.6910906Z   Executed FullSystemV2#ConfigCore.setCoreContracts
2025-12-27T05:11:31.6911521Z   Executing FullSystemV2#FarmingPool...
2025-12-27T05:11:31.6911902Z 
2025-12-27T05:11:31.6953813Z [8A[0JBatch #4
2025-12-27T05:11:31.6954314Z   Executed FullSystemV2#BTBGrantMinterRoleInterestPool
2025-12-27T05:11:31.6954790Z   Executed FullSystemV2#BTBGrantMinterRoleMinter
2025-12-27T05:11:31.6955186Z   Executed FullSystemV2#BTDGrantMinterRoleInterestPool
2025-12-27T05:11:31.6955553Z   Executed FullSystemV2#BTDGrantMinterRoleMinter
2025-12-27T05:11:31.6955898Z   Executed FullSystemV2#ConfigCore.setCoreContracts
2025-12-27T05:11:31.6956214Z   Executing FullSystemV2#FarmingPool...
2025-12-27T05:11:31.6956393Z 
2025-12-27T05:11:31.7370081Z [8A[0JBatch #4
2025-12-27T05:11:31.7370674Z   Executed FullSystemV2#BTBGrantMinterRoleInterestPool
2025-12-27T05:11:31.7371213Z   Executed FullSystemV2#BTBGrantMinterRoleMinter
2025-12-27T05:11:31.7371790Z   Executed FullSystemV2#BTDGrantMinterRoleInterestPool
2025-12-27T05:11:31.7372344Z   Executed FullSystemV2#BTDGrantMinterRoleMinter
2025-12-27T05:11:31.7372803Z   Executed FullSystemV2#ConfigCore.setCoreContracts
2025-12-27T05:11:31.7373239Z   Executed FullSystemV2#FarmingPool
2025-12-27T05:11:31.7373507Z 
2025-12-27T05:11:31.7377181Z [8A[0JBatch #4
2025-12-27T05:11:31.7391121Z   Executed FullSystemV2#BTBGrantMinterRoleInterestPool
2025-12-27T05:11:31.7391840Z   Executed FullSystemV2#BTBGrantMinterRoleMinter
2025-12-27T05:11:31.7392381Z   Executed FullSystemV2#BTDGrantMinterRoleInterestPool
2025-12-27T05:11:31.7392762Z   Executed FullSystemV2#BTDGrantMinterRoleMinter
2025-12-27T05:11:31.7393108Z   Executed FullSystemV2#ConfigCore.setCoreContracts
2025-12-27T05:11:31.7393586Z   Executed FullSystemV2#FarmingPool
2025-12-27T05:11:31.7393815Z 
2025-12-27T05:11:31.7393904Z Batch #5
2025-12-27T05:11:31.7394144Z   Executing FullSystemV2#StakingRouter...
2025-12-27T05:11:31.7394487Z   Executing FullSystemV2#TransferBRSToFarmingPool...
2025-12-27T05:11:31.7394697Z 
2025-12-27T05:11:31.7434596Z [4A[0JBatch #5
2025-12-27T05:11:31.7435033Z   Executing FullSystemV2#StakingRouter...
2025-12-27T05:11:31.7435518Z   Executing FullSystemV2#TransferBRSToFarmingPool...
2025-12-27T05:11:31.7435739Z 
2025-12-27T05:11:31.7762375Z [4A[0JBatch #5
2025-12-27T05:11:31.7763735Z   Executed FullSystemV2#StakingRouter
2025-12-27T05:11:31.7764491Z   Executing FullSystemV2#TransferBRSToFarmingPool...
2025-12-27T05:11:31.7764966Z 
2025-12-27T05:11:31.7778539Z [4A[0JBatch #5
2025-12-27T05:11:31.7779021Z   Executed FullSystemV2#StakingRouter
2025-12-27T05:11:31.7779593Z   Executing FullSystemV2#TransferBRSToFarmingPool...
2025-12-27T05:11:31.7779976Z 
2025-12-27T05:11:31.8125537Z [4A[0JBatch #5
2025-12-27T05:11:31.8125988Z   Executed FullSystemV2#StakingRouter
2025-12-27T05:11:31.8126456Z   Executed FullSystemV2#TransferBRSToFarmingPool
2025-12-27T05:11:31.8126748Z 
2025-12-27T05:11:31.8126966Z [4A[0JBatch #5
2025-12-27T05:11:31.8127460Z   Executed FullSystemV2#StakingRouter
2025-12-27T05:11:31.8128397Z   Executed FullSystemV2#TransferBRSToFarmingPool
2025-12-27T05:11:31.8128866Z 
2025-12-27T05:11:31.8129023Z Batch #6
2025-12-27T05:11:31.8129672Z   Executing FullSystemV2#ConfigCore.setPeripheralContracts...
2025-12-27T05:11:31.8130274Z 
2025-12-27T05:11:31.8157940Z [3A[0JBatch #6
2025-12-27T05:11:31.8158463Z   Executing FullSystemV2#ConfigCore.setPeripheralContracts...
2025-12-27T05:11:31.8158860Z 
2025-12-27T05:11:31.8469889Z [3A[0JBatch #6
2025-12-27T05:11:31.8470426Z   Executed FullSystemV2#ConfigCore.setPeripheralContracts
2025-12-27T05:11:31.8470694Z 
2025-12-27T05:11:31.8475895Z [3A[0JBatch #6
2025-12-27T05:11:31.8476255Z   Executed FullSystemV2#ConfigCore.setPeripheralContracts
2025-12-27T05:11:31.8476503Z 
2025-12-27T05:11:31.8478804Z [ FullSystemV2 ] successfully deployed 🚀
2025-12-27T05:11:31.8479155Z 
2025-12-27T05:11:31.8479651Z Deployed Addresses
2025-12-27T05:11:31.8479835Z 
2025-12-27T05:11:31.8480170Z FullSystemV2#BRS - 0x5FbDB2315678afecb367f032d93F642f64180aa3
2025-12-27T05:11:31.8480804Z FullSystemV2#BTB - 0xe7f1725E7734CE288F8367e1Bb143E90bb3F0512
2025-12-27T05:11:31.8481464Z FullSystemV2#BTD - 0x9fE46736679d2D9a65F0992F2272dE9f3c7fa6e0
2025-12-27T05:11:31.8481976Z FullSystemV2#ChainlinkBTCUSD - 0xCf7Ed3AccA5a467e9e704C703E8D87F634fB0Fc9
2025-12-27T05:11:31.8482536Z FullSystemV2#ChainlinkWBTCBTC - 0xDc64a140Aa3E981100a9becA4E685f962f0cF6C9
2025-12-27T05:11:31.8483080Z FullSystemV2#ConfigGov - 0x5FC8d32690cc91D4c39d9d3abcBD16989F875707
2025-12-27T05:11:31.8483577Z FullSystemV2#MockPyth - 0x0165878A594ca255338adfa4d48449f69242Eb8F
2025-12-27T05:11:31.8484078Z FullSystemV2#MockRedstone - 0xa513E6E4b8f2a923D98304ec87F64353C4D5C853
2025-12-27T05:11:31.8484594Z FullSystemV2#PairBRSBTD - 0x2279B7A0a67DB372996a5FaB50D91eAA73d2eBe6
2025-12-27T05:11:31.8485104Z FullSystemV2#PairBTBBTD - 0x8A791620dd6260079BF849Dc5567aDC3F2FdC318
2025-12-27T05:11:31.8485627Z FullSystemV2#PairBTDUSDC - 0x610178dA211FEF7D417bC0e6FeD39F05609AD788
2025-12-27T05:11:31.8486164Z FullSystemV2#PairWBTCUSDC - 0xB7f8BC63BbcaD18155201308C8f3540b07f84F5e
2025-12-27T05:11:31.8486678Z FullSystemV2#TWAPOracle - 0xA51c1fc2f0D1a1b8494Ed1FE312d7C3a78Ed91C0
2025-12-27T05:11:31.8487165Z FullSystemV2#USDC - 0x0DCd1Bf9A1b36cE34237eEaFef220932846BCD82
2025-12-27T05:11:31.8487981Z FullSystemV2#USDT - 0x9A676e781A523b5d0C0e43731313A708CB607508
2025-12-27T05:11:31.8488447Z FullSystemV2#WBTC - 0x0B306BF915C4d645ff596e518fAf3F9669b97016
2025-12-27T05:11:31.8488896Z FullSystemV2#WETH - 0x959922bE3CAee4b8Cd9a407cc3ac1C251C2007B1
2025-12-27T05:11:31.8489380Z FullSystemV2#ConfigCore - 0x9A9f2CCfdE556A7E9Ff0848998Aa4a0CFD8863AE
2025-12-27T05:11:31.8489872Z FullSystemV2#stBTB - 0xa85233C63b9Ee964Add6F2cffe00Fd84eb32338f
2025-12-27T05:11:31.8490334Z FullSystemV2#stBTD - 0x4A679253410272dd5232B3Ff7cF5dbB88f295319
2025-12-27T05:11:31.8490833Z FullSystemV2#IdealUSDManager - 0x7a2088a1bFc9d81c55368AE168C2C02570cB814F
2025-12-27T05:11:31.8491359Z FullSystemV2#InterestPool - 0x09635F643e140090A9A8Dcd712eD6285858ceBef
2025-12-27T05:11:31.8491849Z FullSystemV2#Minter - 0xc5a5C42992dECbae36851359345FE25997F5C42d
2025-12-27T05:11:31.8492340Z FullSystemV2#PriceOracle - 0x67d269191c92Caf3cD7723F116c85e6E9bf55933
2025-12-27T05:11:31.8492837Z FullSystemV2#Treasury - 0xE6E340D132b5f46d1e472DebcD681B2aBc16e57E
2025-12-27T05:11:31.8493344Z FullSystemV2#FarmingPool - 0x851356ae760d987E095750cCeb3bC6014560891C
2025-12-27T05:11:31.8493868Z FullSystemV2#StakingRouter - 0xf5059a5D33d5853360D16C683c16e67980206f36
2025-12-27T05:11:31.9271052Z Initializing system...
2025-12-27T05:11:32.4145674Z Loading Hardhat config...
2025-12-27T05:11:32.4152312Z [dotenv@17.2.3] injecting env (0) from .env -- tip: ⚙️  enable debug logging with { debug: true }
2025-12-27T05:11:48.4743759Z 
2025-12-27T05:11:48.4749728Z Warning: SPDX license identifier not provided in source file. Before publishing, consider adding a comment containing "SPDX-License-Identifier: <SPDX-License>" to each source file. Use "SPDX-License-Identifier: UNLICENSED" for non-open-source code. Please see https://spdx.org for more information.
2025-12-27T05:11:48.4752122Z --> ./node_modules/@uniswap/v2-core/contracts/interfaces/IUniswapV2Pair.sol
2025-12-27T05:11:48.4752630Z 
2025-12-27T05:11:48.4753297Z Warning: Unused function parameter. Remove or comment out the variable name to silence this warning.
2025-12-27T05:11:48.4754185Z   --> ./contracts/InterestPool.sol:90:9:
2025-12-27T05:11:48.4754641Z    |
2025-12-27T05:11:48.4755021Z 90 |         address _rateOracle
2025-12-27T05:11:48.4755469Z    |         ^^^^^^^^^^^^^^^^^^^
2025-12-27T05:11:48.4755744Z 
2025-12-27T05:11:48.4756385Z Warning: Unused function parameter. Remove or comment out the variable name to silence this warning.
2025-12-27T05:11:48.4757272Z   --> ./contracts/local/MockPriceOracle.sol:89:23:
2025-12-27T05:11:48.4757962Z    |
2025-12-27T05:11:48.4758706Z 89 |     function getPrice(address token) external view override returns (uint256) {
2025-12-27T05:11:48.4759396Z    |                       ^^^^^^^^^^^^^
2025-12-27T05:11:48.4759668Z 
2025-12-27T05:11:48.4760282Z Warning: Unused function parameter. Remove or comment out the variable name to silence this warning.
2025-12-27T05:11:48.4761022Z   --> ./contracts/local/UniswapV2Pair.sol:81:52:
2025-12-27T05:11:48.4761494Z    |
2025-12-27T05:11:48.4762215Z 81 |     function _update(uint balance0, uint balance1, uint112 _reserve0, uint112 _reserve1) private {
2025-12-27T05:11:48.4763089Z    |                                                    ^^^^^^^^^^^^^^^^^
2025-12-27T05:11:48.4763432Z 
2025-12-27T05:11:48.4764101Z Warning: Unused function parameter. Remove or comment out the variable name to silence this warning.
2025-12-27T05:11:48.4764980Z   --> ./contracts/local/UniswapV2Pair.sol:81:71:
2025-12-27T05:11:48.4765459Z    |
2025-12-27T05:11:48.4766206Z 81 |     function _update(uint balance0, uint balance1, uint112 _reserve0, uint112 _reserve1) private {
2025-12-27T05:11:48.4767080Z    |                                                                       ^^^^^^^^^^^^^^^^^
2025-12-27T05:11:48.4767393Z 
2025-12-27T05:11:48.4767979Z Warning: Function state mutability can be restricted to pure
2025-12-27T05:11:48.4768664Z   --> ./contracts/local/MockPriceOracle.sol:89:5:
2025-12-27T05:11:48.4769134Z    |
2025-12-27T05:11:48.4769805Z 89 |     function getPrice(address token) external view override returns (uint256) {
2025-12-27T05:11:48.4770691Z    |     ^ (Relevant source part starts here and spans across multiple lines).
2025-12-27T05:11:48.4771150Z 
2025-12-27T05:11:48.4771168Z 
2025-12-27T05:11:48.5270981Z 
2025-12-27T05:11:50.3513057Z => configure roles...
2025-12-27T05:11:50.3534664Z    -> Grant BTD MINTER to owner
2025-12-27T05:11:50.3809872Z    -> Grant BTB MINTER to owner
2025-12-27T05:11:50.3973200Z    -> Grant BTD MINTER to Minter
2025-12-27T05:11:50.4111449Z    -> Grant BTB MINTER to Minter
2025-12-27T05:11:50.4384182Z => set oracle prices...
2025-12-27T05:11:50.5138838Z => add LP liquidity and mint LP...
2025-12-27T05:11:50.5661634Z    ✓ WBTC/USDC LP minted: 30937
2025-12-27T05:11:50.6129860Z    ✓ BTD/USDC LP minted: 999999999000
2025-12-27T05:11:50.6542356Z    ✓ BTB/BTD LP minted: 999999999999999000
2025-12-27T05:11:50.6965928Z    ✓ BRS/BTD LP minted: 9999999999999000
2025-12-27T05:11:50.6966320Z => init stBTD/stBTB vaults...
2025-12-27T05:11:50.7713295Z => configure FarmingPool pools...
2025-12-27T05:11:50.7909312Z => seed staking for pools...
2025-12-27T05:11:50.8494172Z    ⚠️  pool 0 (BRS/BTD LP) stake skipped/failed: The contract function "deposit" reverted with the following reason:
2025-12-27T05:11:50.8494743Z Internal error
2025-12-27T05:11:50.8494867Z 
2025-12-27T05:11:50.8494954Z Contract Call:
2025-12-27T05:11:50.8495229Z   address:   0x851356ae760d987E095750cCeb3bC6014560891C
2025-12-27T05:11:50.8495587Z   function:  deposit(uint256 pid, uint256 amount)
2025-12-27T05:11:50.8495971Z   args:             (0, 99999999999990)
2025-12-27T05:11:50.8496610Z   sender:    0xf39fd6e51aad88f6f4ce6ab8827279cfffb92266
2025-12-27T05:11:50.8497000Z 
2025-12-27T05:11:50.8497289Z Docs: https://viem.sh/docs/contract/writeContract
2025-12-27T05:11:50.8498021Z Version: viem@2.43.3
2025-12-27T05:11:50.8799901Z    ✓ pool 1 (BTD/USDC LP) staked 9999999990
2025-12-27T05:11:50.9132914Z    ✓ pool 2 (BTB/BTD LP) staked 9999999999999990
2025-12-27T05:11:50.9403463Z    ✓ pool 3 (USDC) staked 1000000
2025-12-27T05:11:50.9672621Z    ✓ pool 4 (USDT) staked 1000000
2025-12-27T05:11:51.0015760Z    ✓ pool 5 (WBTC) staked 500
2025-12-27T05:11:51.0296816Z    ✓ pool 6 (WETH) staked 200000000000000
2025-12-27T05:11:51.0601540Z    ✓ pool 7 (stBTD) staked 1000000000000000000
2025-12-27T05:11:51.1006308Z    ✓ pool 8 (stBTB) staked 1000000000000000000
2025-12-27T05:11:51.1311110Z    ✓ pool 9 (BRS) staked 900000000000000000
2025-12-27T05:11:51.1311680Z => BRS rewards already in FarmingPool (from Ignition deployment)
2025-12-27T05:11:51.1312425Z => distribute test tokens to 4 specified addresses...
2025-12-27T05:11:51.1734382Z    ✓ 0x8F78bE5c6b41C2d7634d25C7db22b26409671ca9: 1000 WBTC, 100M USDC, 100M USDT, 1000 ETH
2025-12-27T05:11:51.2146195Z    ✓ 0xb53f41e806ab204b2525bd8b43909d47b32a04ac: 1000 WBTC, 100M USDC, 100M USDT, 1000 ETH
2025-12-27T05:11:51.2565347Z    ✓ 0x9b7cd6e80158361a513673b43ed6decc42a70eba: 1000 WBTC, 100M USDC, 100M USDT, 1000 ETH
2025-12-27T05:11:51.2981008Z    ✓ 0xc593617408c1de3561bec95cdbc316b3cb823c8d: 1000 WBTC, 100M USDC, 100M USDT, 1000 ETH
2025-12-27T05:11:51.2981507Z ✅ init done
2025-12-27T05:11:51.3445780Z ##[group]Run DEPLOYMENT_DIR="bitres/ignition/deployments/chain-31337"
2025-12-27T05:11:51.3446266Z [36;1mDEPLOYMENT_DIR="bitres/ignition/deployments/chain-31337"[0m
2025-12-27T05:11:51.3446624Z [36;1mif [ -d "$DEPLOYMENT_DIR" ]; then[0m
2025-12-27T05:11:51.3446893Z [36;1m  mkdir -p interface/src/config[0m
2025-12-27T05:11:51.3447765Z [36;1m  cp "$DEPLOYMENT_DIR/deployed_addresses.json" interface/src/config/contracts.json 2>/dev/null || echo "No deployed_addresses.json"[0m
2025-12-27T05:11:51.3448329Z [36;1mfi[0m
2025-12-27T05:11:51.3481877Z shell: /usr/bin/bash -e {0}
2025-12-27T05:11:51.3482102Z env:
2025-12-27T05:11:51.3482281Z   CI: true
2025-12-27T05:11:51.3482449Z   TEST_SUITE: full
2025-12-27T05:11:51.3482635Z   WALLET_PROVIDER: okx
2025-12-27T05:11:51.3482831Z ##[endgroup]
2025-12-27T05:11:51.3581394Z ##[group]Run npm run dev -- --host 0.0.0.0 --port 3000 > /tmp/interface-dev.log 2>&1 &
2025-12-27T05:11:51.3581898Z [36;1mnpm run dev -- --host 0.0.0.0 --port 3000 > /tmp/interface-dev.log 2>&1 &[0m
2025-12-27T05:11:51.3582267Z [36;1mecho $! > /tmp/interface-dev.pid[0m
2025-12-27T05:11:51.3582566Z [36;1mnpx wait-on http://127.0.0.1:3000[0m
2025-12-27T05:11:51.3611008Z shell: /usr/bin/bash -e {0}
2025-12-27T05:11:51.3611228Z env:
2025-12-27T05:11:51.3611384Z   CI: true
2025-12-27T05:11:51.3611551Z   TEST_SUITE: full
2025-12-27T05:11:51.3611738Z   WALLET_PROVIDER: okx
2025-12-27T05:11:51.3611925Z ##[endgroup]
2025-12-27T05:11:52.9269169Z ##[group]Run set -e
2025-12-27T05:11:52.9269411Z [36;1mset -e[0m
2025-12-27T05:11:52.9269626Z [36;1mxvfb-run -a node e2e/diagnose-okx.cjs[0m
2025-12-27T05:11:52.9303996Z shell: /usr/bin/bash -e {0}
2025-12-27T05:11:52.9304235Z env:
2025-12-27T05:11:52.9304415Z   CI: true
2025-12-27T05:11:52.9304573Z   TEST_SUITE: full
2025-12-27T05:11:52.9304756Z   WALLET_PROVIDER: okx
2025-12-27T05:11:52.9304950Z ##[endgroup]
2025-12-27T05:11:53.9809017Z [diagnose] downloading OKX CRX...
2025-12-27T05:11:55.8966976Z [diagnose] CRX size: 68573318
2025-12-27T05:11:57.7710168Z [diagnose] manifest_version: 3
2025-12-27T05:11:57.7710757Z [diagnose] name: __MSG_wallet_intro_product_name__
2025-12-27T05:12:10.2402262Z [diagnose] service workers: [
2025-12-27T05:12:10.2403864Z   'chrome-extension://hiikhhodkmdmhpniojocapcainhkhodp/scripts/background/background.js'
2025-12-27T05:12:10.2405485Z ]
2025-12-27T05:12:10.2406153Z [diagnose] pages: [ 'about:blank' ]
2025-12-27T05:12:10.2413909Z [diagnose] extension ids from URLs: [ 'hiikhhodkmdmhpniojocapcainhkhodp' ]
2025-12-27T05:12:10.2415125Z [diagnose] Preferences not found: /tmp/okx-diagnose-zDjmxN/okx-profile/Default/Preferences
2025-12-27T05:12:10.4340217Z ##[group]Run xvfb-run -a npx playwright test e2e/synpress-wallet.spec.ts e2e/synpress-mint.spec.ts e2e/synpress-redeem.spec.ts e2e/synpress-swap.spec.ts --workers=1
2025-12-27T05:12:10.4341313Z [36;1mxvfb-run -a npx playwright test e2e/synpress-wallet.spec.ts e2e/synpress-mint.spec.ts e2e/synpress-redeem.spec.ts e2e/synpress-swap.spec.ts --workers=1[0m
2025-12-27T05:12:10.4406734Z shell: /usr/bin/bash -e {0}
2025-12-27T05:12:10.4406974Z env:
2025-12-27T05:12:10.4407132Z   CI: true
2025-12-27T05:12:10.4407302Z   TEST_SUITE: full
2025-12-27T05:12:10.4407710Z   WALLET_PROVIDER: okx
2025-12-27T05:12:10.4407927Z ##[endgroup]
2025-12-27T05:12:12.9316781Z 
2025-12-27T05:12:12.9317380Z Running 40 tests using 1 worker
2025-12-27T05:17:53.0830248Z ····F···Permit signature approved
2025-12-27T05:18:11.0836124Z Redeem transaction confirmed
2025-12-27T05:21:14.6697443Z ·F·F·Tab Mint classes: px-6 py-3 rounded-lg font-semibold text-base transition-all bg-primary-600 text-white shadow-md hover:bg-primary-700
2025-12-27T05:21:16.7622247Z Tab Redeem BTD classes: px-6 py-3 font-medium transition-colors text-primary-600 dark:text-primary-400 border-b-2 border-primary-600 dark:border-primary-400
2025-12-27T05:21:18.8782994Z Tab Redeem BTB classes: px-6 py-3 font-medium transition-colors text-primary-600 dark:text-primary-400 border-b-2 border-primary-600 dark:border-primary-400
2025-12-27T05:21:49.2858253Z ·Wallet connected: [33mtrue[39m
2025-12-27T05:22:26.1004615Z ·Permit signature approved
2025-12-27T05:22:44.1104790Z Transaction confirmed
2025-12-27T05:23:24.5107300Z ·Action button: How do I mint BTD?
2025-12-27T05:23:26.5975595Z Mint transaction confirmed
2025-12-27T05:29:30.2967796Z ···F····F·Token approve confirmed
2025-12-27T05:29:50.3000262Z Swap transaction confirmed
2025-12-27T05:32:52.7148295Z ·····Paired amount: 1.000000
2025-12-27T05:33:31.9205485Z ·First token approve confirmed
2025-12-27T05:33:51.9258391Z Second token approve confirmed
2025-12-27T05:34:11.9301535Z Add Liquidity transaction confirmed
2025-12-27T05:39:18.1631913Z ····FTTab Swap classes: px-6 py-3 rounded-lg font-semibold text-base transition-all bg-primary-600 text-white shadow-md hover:bg-primary-700
2025-12-27T05:39:20.2771523Z Tab Add Liquidity classes: px-6 py-3 rounded-lg font-semibold text-base transition-all bg-primary-600 text-white shadow-md hover:bg-primary-700
2025-12-27T05:39:22.3893273Z Tab Remove Liquidity classes: px-6 py-3 rounded-lg font-semibold text-base transition-all bg-primary-600 text-white shadow-md hover:bg-primary-700
2025-12-27T05:39:53.5050573Z ··
2025-12-27T05:39:53.5059599Z 
2025-12-27T05:39:53.5068965Z   1) e2e/synpress-mint.spec.ts:84:3 › Mint BTD › should execute Mint BTD transaction ───────────────
2025-12-27T05:39:53.5069774Z 
2025-12-27T05:39:53.5075162Z     Error: page.waitForTimeout: Target page, context or browser has been closed
2025-12-27T05:39:53.5075761Z 
2025-12-27T05:39:53.5076044Z       31 |     await connectWallet(page, metamask)
2025-12-27T05:39:53.5076683Z       32 |     await clickTab(page, 'Mint')
2025-12-27T05:39:53.5077296Z     > 33 |     await page.waitForTimeout(WAIT.MEDIUM)
2025-12-27T05:39:53.5078117Z          |                ^
2025-12-27T05:39:53.5078486Z       34 |   })
2025-12-27T05:39:53.5078813Z       35 |
2025-12-27T05:39:53.5079397Z       36 |   test('should display Mint interface', async ({ page }) => {
2025-12-27T05:39:53.5080373Z         at /home/runner/work/interface/interface/interface/e2e/synpress-mint.spec.ts:33:16
2025-12-27T05:39:53.5080959Z 
2025-12-27T05:39:53.5081522Z     Error Context: test-results/e2e-synpress-mint-Mint-BTD-130e9-xecute-Mint-BTD-transaction/error-context.md
2025-12-27T05:39:53.5082153Z 
2025-12-27T05:39:53.5082889Z   2) e2e/synpress-mint.spec.ts:193:3 › Redeem BTD › should show cooldown warning if applicable ─────
2025-12-27T05:39:53.5083449Z 
2025-12-27T05:39:53.5083865Z     Error: page.waitForTimeout: Target page, context or browser has been closed
2025-12-27T05:39:53.5084328Z 
2025-12-27T05:39:53.5084993Z       134 |     await connectWallet(page, metamask)
2025-12-27T05:39:53.5085619Z       135 |     await clickTab(page, 'Redeem BTD')
2025-12-27T05:39:53.5086166Z     > 136 |     await page.waitForTimeout(WAIT.MEDIUM)
2025-12-27T05:39:53.5086622Z           |                ^
2025-12-27T05:39:53.5086971Z       137 |   })
2025-12-27T05:39:53.5087265Z       138 |
2025-12-27T05:39:53.5088021Z       139 |   test('should display Redeem BTD interface', async ({ page }) => {
2025-12-27T05:39:53.5088995Z         at /home/runner/work/interface/interface/interface/e2e/synpress-mint.spec.ts:136:16
2025-12-27T05:39:53.5089589Z 
2025-12-27T05:39:53.5090293Z     Error Context: test-results/e2e-synpress-mint-Redeem-B-44e76-ldown-warning-if-applicable/error-context.md
2025-12-27T05:39:53.5091057Z 
2025-12-27T05:39:53.5091819Z   3) e2e/synpress-mint.spec.ts:220:3 › Redeem BTB › should execute Redeem BTB with permit signature 
2025-12-27T05:39:53.5092335Z 
2025-12-27T05:39:53.5092808Z     Error: page.waitForTimeout: Target page, context or browser has been closed
2025-12-27T05:39:53.5093638Z 
2025-12-27T05:39:53.5093902Z       208 |     await connectWallet(page, metamask)
2025-12-27T05:39:53.5094491Z       209 |     await clickTab(page, 'Redeem BTB')
2025-12-27T05:39:53.5095096Z     > 210 |     await page.waitForTimeout(WAIT.MEDIUM)
2025-12-27T05:39:53.5095609Z           |                ^
2025-12-27T05:39:53.5095993Z       211 |   })
2025-12-27T05:39:53.5096328Z       212 |
2025-12-27T05:39:53.5096903Z       213 |   test('should display Redeem BTB interface', async ({ page }) => {
2025-12-27T05:39:53.5098124Z         at /home/runner/work/interface/interface/interface/e2e/synpress-mint.spec.ts:210:16
2025-12-27T05:39:53.5098748Z 
2025-12-27T05:39:53.5099568Z     Error Context: test-results/e2e-synpress-mint-Redeem-B-05981-m-BTB-with-permit-signature/error-context.md
2025-12-27T05:39:53.5100332Z 
2025-12-27T05:39:53.5101130Z   4) e2e/synpress-swap.spec.ts:55:3 › Swap Interface › should show slippage settings ───────────────
2025-12-27T05:39:53.5101745Z 
2025-12-27T05:39:53.5102224Z     Error: page.waitForTimeout: Target page, context or browser has been closed
2025-12-27T05:39:53.5102680Z 
2025-12-27T05:39:53.5102908Z       30 |     await navigateTo(page, '/swap')
2025-12-27T05:39:53.5103448Z       31 |     await connectWallet(page, metamask)
2025-12-27T05:39:53.5103998Z     > 32 |     await page.waitForTimeout(WAIT.MEDIUM)
2025-12-27T05:39:53.5104434Z          |                ^
2025-12-27T05:39:53.5104763Z       33 |   })
2025-12-27T05:39:53.5105040Z       34 |
2025-12-27T05:39:53.5105506Z       35 |   test('should display Swap interface', async ({ page }) => {
2025-12-27T05:39:53.5106376Z         at /home/runner/work/interface/interface/interface/e2e/synpress-swap.spec.ts:32:16
2025-12-27T05:39:53.5106918Z 
2025-12-27T05:39:53.5107747Z     Error Context: test-results/e2e-synpress-swap-Swap-Int-5db7f-ould-show-slippage-settings/error-context.md
2025-12-27T05:39:53.5108467Z 
2025-12-27T05:39:53.5109193Z   5) e2e/synpress-swap.spec.ts:137:3 › Swap Execution › should show price impact ───────────────────
2025-12-27T05:39:53.5109752Z 
2025-12-27T05:39:53.5110127Z     Error: page.waitForTimeout: Target page, context or browser has been closed
2025-12-27T05:39:53.5110566Z 
2025-12-27T05:39:53.5110789Z       118 |     await connectWallet(page, metamask)
2025-12-27T05:39:53.5111281Z       119 |     await clickTab(page, 'Swap')
2025-12-27T05:39:53.5111719Z     > 120 |     await page.waitForTimeout(WAIT.MEDIUM)
2025-12-27T05:39:53.5111991Z           |                ^
2025-12-27T05:39:53.5112210Z       121 |   })
2025-12-27T05:39:53.5112384Z       122 |
2025-12-27T05:39:53.5112664Z       123 |   test('should calculate output amount', async ({ page }) => {
2025-12-27T05:39:53.5113214Z         at /home/runner/work/interface/interface/interface/e2e/synpress-swap.spec.ts:120:16
2025-12-27T05:39:53.5113549Z 
2025-12-27T05:39:53.5113945Z   6) e2e/synpress-swap.spec.ts:330:3 › Swap Remove Liquidity › should show output amounts breakdown 
2025-12-27T05:39:53.5114282Z 
2025-12-27T05:39:53.5114719Z     Error: page.waitForTimeout: Target page, context or browser has been closed
2025-12-27T05:39:53.5115023Z 
2025-12-27T05:39:53.5115165Z       297 |     await connectWallet(page, metamask)
2025-12-27T05:39:53.5115497Z       298 |     await clickTab(page, 'Remove Liquidity')
2025-12-27T05:39:53.5115827Z     > 299 |     await page.waitForTimeout(WAIT.MEDIUM)
2025-12-27T05:39:53.5116090Z           |                ^
2025-12-27T05:39:53.5116294Z       300 |   })
2025-12-27T05:39:53.5116464Z       301 |
2025-12-27T05:39:53.5116780Z       302 |   test('should display Remove Liquidity interface', async ({ page }) => {
2025-12-27T05:39:53.5117337Z         at /home/runner/work/interface/interface/interface/e2e/synpress-swap.spec.ts:299:16
2025-12-27T05:39:53.5117942Z 
2025-12-27T05:39:53.5118331Z     Error Context: test-results/e2e-synpress-swap-Swap-Rem-0fb97-ow-output-amounts-breakdown/error-context.md
2025-12-27T05:39:53.5118775Z 
2025-12-27T05:39:53.5119215Z   7) e2e/synpress-swap.spec.ts:341:3 › Swap Remove Liquidity › should execute Remove Liquidity transaction 
2025-12-27T05:39:53.5119755Z 
2025-12-27T05:39:53.5119949Z     [31mTest timeout of 120000ms exceeded.[39m
2025-12-27T05:39:53.5120243Z 
2025-12-27T05:39:53.5120323Z   7 failed
2025-12-27T05:39:53.5120904Z     e2e/synpress-mint.spec.ts:84:3 › Mint BTD › should execute Mint BTD transaction ────────────────
2025-12-27T05:39:53.5121794Z     e2e/synpress-mint.spec.ts:193:3 › Redeem BTD › should show cooldown warning if applicable ──────
2025-12-27T05:39:53.5122472Z     e2e/synpress-mint.spec.ts:220:3 › Redeem BTB › should execute Redeem BTB with permit signature ─
2025-12-27T05:39:53.5123172Z     e2e/synpress-swap.spec.ts:55:3 › Swap Interface › should show slippage settings ────────────────
2025-12-27T05:39:53.5123850Z     e2e/synpress-swap.spec.ts:137:3 › Swap Execution › should show price impact ────────────────────
2025-12-27T05:39:53.5124531Z     e2e/synpress-swap.spec.ts:330:3 › Swap Remove Liquidity › should show output amounts breakdown ─
2025-12-27T05:39:53.5125224Z     e2e/synpress-swap.spec.ts:341:3 › Swap Remove Liquidity › should execute Remove Liquidity transaction 
2025-12-27T05:39:53.5125659Z   33 passed (27.7m)
2025-12-27T05:39:53.5446411Z ##[error]Process completed with exit code 1.
2025-12-27T05:39:53.5494867Z ##[group]Run echo "==== /tmp/interface-dev.log (tail) ===="
2025-12-27T05:39:53.5495276Z [36;1mecho "==== /tmp/interface-dev.log (tail) ===="[0m
2025-12-27T05:39:53.5495592Z [36;1mtail -200 /tmp/interface-dev.log || true[0m
2025-12-27T05:39:53.5495878Z [36;1mecho "==== /tmp/hardhat.log (tail) ===="[0m
2025-12-27T05:39:53.5496152Z [36;1mtail -200 /tmp/hardhat.log || true[0m
2025-12-27T05:39:53.5496465Z [36;1mecho "==== /tmp/ignition-deploy.log (tail) ===="[0m
2025-12-27T05:39:53.5496785Z [36;1mtail -200 /tmp/ignition-deploy.log || true[0m
2025-12-27T05:39:53.5497101Z [36;1mecho "==== /tmp/init-full-system.log (tail) ===="[0m
2025-12-27T05:39:53.5497422Z [36;1mtail -200 /tmp/init-full-system.log || true[0m
2025-12-27T05:39:53.5532773Z shell: /usr/bin/bash -e {0}
2025-12-27T05:39:53.5533019Z env:
2025-12-27T05:39:53.5533178Z   CI: true
2025-12-27T05:39:53.5533335Z   TEST_SUITE: full
2025-12-27T05:39:53.5533520Z   WALLET_PROVIDER: okx
2025-12-27T05:39:53.5533747Z ##[endgroup]
2025-12-27T05:39:53.5584668Z ==== /tmp/interface-dev.log (tail) ====
2025-12-27T05:39:53.5596997Z 
2025-12-27T05:39:53.5597242Z > brs-interface@1.0.0 dev
2025-12-27T05:39:53.5597878Z > vite --host 0.0.0.0 --port 3000
2025-12-27T05:39:53.5598160Z 
2025-12-27T05:39:53.5598169Z 
2025-12-27T05:39:53.5598824Z   [32m[1mVITE[22m v7.3.0[39m  [2mready in [0m[1m206[22m[2m[0m ms[22m
2025-12-27T05:39:53.5599249Z 
2025-12-27T05:39:53.5599852Z   [32m➜[39m  [1mLocal[22m:   [36mhttp://localhost:[1m3000[22m/[39m
2025-12-27T05:39:53.5600435Z   [32m➜[39m  [1mNetwork[22m: [36mhttp://10.1.0.220:[1m3000[22m/[39m
2025-12-27T05:39:53.5601272Z [2m5:12:15 AM[22m [36m[1m[vite][22m[39m [90m[2m(client)[22m[39m [32mpage reload [39m[2m.cache-okx/okx/domain-warning.html[22m
2025-12-27T05:39:53.5602204Z [2m5:12:15 AM[22m [36m[1m[vite][22m[39m [90m[2m(client)[22m[39m [32mpage reload [39m[2m.cache-okx/okx/fullscreen.html[22m
2025-12-27T05:39:53.5603092Z [2m5:12:15 AM[22m [36m[1m[vite][22m[39m [90m[2m(client)[22m[39m [32mpage reload [39m[2m.cache-okx/okx/home.html[22m
2025-12-27T05:39:53.5603995Z [2m5:12:15 AM[22m [36m[1m[vite][22m[39m [90m[2m(client)[22m[39m [32mpage reload [39m[2m.cache-okx/okx/notification.html[22m
2025-12-27T05:39:53.5604932Z [2m5:12:15 AM[22m [36m[1m[vite][22m[39m [90m[2m(client)[22m[39m [32mpage reload [39m[2m.cache-okx/okx/offscreen.html[22m
2025-12-27T05:39:53.5605859Z [2m5:12:15 AM[22m [36m[1m[vite][22m[39m [90m[2m(client)[22m[39m [32mpage reload [39m[2m.cache-okx/okx/popup-init.html[22m
2025-12-27T05:39:53.5606769Z [2m5:12:15 AM[22m [36m[1m[vite][22m[39m [90m[2m(client)[22m[39m [32mpage reload [39m[2m.cache-okx/okx/popup.html[22m
2025-12-27T05:39:53.5608322Z [2m5:12:15 AM[22m [36m[1m[vite][22m[39m [90m[2m(client)[22m[39m [32mpage reload [39m[2m.cache-okx/okx/sandbox.html[22m
2025-12-27T05:39:53.5610146Z [2m5:12:18 AM[22m [36m[1m[vite][22m[39m [90m[2m(client)[22m[39m [32mpage reload [39m[2m.cache-okx/okx/secure-iframe.html[22m
2025-12-27T05:39:53.5611635Z [2m5:12:18 AM[22m [36m[1m[vite][22m[39m [90m[2m(client)[22m[39m [32mpage reload [39m[2m.cache-okx/okx/ses-sandbox.html[22m
2025-12-27T05:39:53.5612860Z [2m5:12:18 AM[22m [36m[1m[vite][22m[39m [90m[2m(client)[22m[39m [32mpage reload [39m[2m.cache-okx/okx/ses.html[22m
2025-12-27T05:39:53.5613791Z [2m5:12:18 AM[22m [36m[1m[vite][22m[39m [90m[2m(client)[22m[39m [32mpage reload [39m[2m.cache-okx/okx/sidepanel-init.html[22m
2025-12-27T05:39:53.5614739Z [2m5:12:18 AM[22m [36m[1m[vite][22m[39m [90m[2m(client)[22m[39m [32mpage reload [39m[2m.cache-okx/okx/sidepanel.html[22m
2025-12-27T05:39:53.5615625Z [2m5:12:18 AM[22m [36m[1m[vite][22m[39m [90m[2m(client)[22m[39m [32mpage reload [39m[2m.cache-okx/okx/trezor-usb-permissions.html[22m
2025-12-27T05:39:53.5616140Z ==== /tmp/hardhat.log (tail) ====
2025-12-27T05:39:53.5616679Z   From:                0xf39fd6e51aad88f6f4ce6ab8827279cfffb92266
2025-12-27T05:39:53.5617045Z   To:                  0x851356ae760d987e095750cceb3bc6014560891c
2025-12-27T05:39:53.5617237Z 
2025-12-27T05:39:53.5617352Z [32meth_call[0m
2025-12-27T05:39:53.5617895Z   Contract call:       FarmingPool#userInfo
2025-12-27T05:39:53.5618512Z   From:                0xf39fd6e51aad88f6f4ce6ab8827279cfffb92266
2025-12-27T05:39:53.5619110Z   To:                  0x851356ae760d987e095750cceb3bc6014560891c
2025-12-27T05:39:53.5619436Z 
2025-12-27T05:39:53.5619652Z [32meth_call[0m
2025-12-27T05:39:53.5620031Z   Contract call:       FarmingPool#userInfo
2025-12-27T05:39:53.5620584Z   From:                0xf39fd6e51aad88f6f4ce6ab8827279cfffb92266
2025-12-27T05:39:53.5621161Z   To:                  0x851356ae760d987e095750cceb3bc6014560891c
2025-12-27T05:39:53.5621490Z 
2025-12-27T05:39:53.5621680Z [32meth_call[0m
2025-12-27T05:39:53.5622055Z   Contract call:       FarmingPool#userInfo
2025-12-27T05:39:53.5622602Z   From:                0xf39fd6e51aad88f6f4ce6ab8827279cfffb92266
2025-12-27T05:39:53.5623176Z   To:                  0x851356ae760d987e095750cceb3bc6014560891c
2025-12-27T05:39:53.5623498Z 
2025-12-27T05:39:53.5623683Z [32meth_call[0m
2025-12-27T05:39:53.5624056Z   Contract call:       FarmingPool#userInfo
2025-12-27T05:39:53.5624491Z   From:                0xf39fd6e51aad88f6f4ce6ab8827279cfffb92266
2025-12-27T05:39:53.5624815Z   To:                  0x851356ae760d987e095750cceb3bc6014560891c
2025-12-27T05:39:53.5624999Z 
2025-12-27T05:39:53.5625107Z [32meth_call[0m
2025-12-27T05:39:53.5625344Z   Contract call:       FarmingPool#pendingReward
2025-12-27T05:39:53.5625684Z   From:                0xf39fd6e51aad88f6f4ce6ab8827279cfffb92266
2025-12-27T05:39:53.5626027Z   To:                  0x851356ae760d987e095750cceb3bc6014560891c
2025-12-27T05:39:53.5626214Z 
2025-12-27T05:39:53.5626314Z [32meth_call[0m
2025-12-27T05:39:53.5626555Z   Contract call:       FarmingPool#pendingReward
2025-12-27T05:39:53.5626900Z   From:                0xf39fd6e51aad88f6f4ce6ab8827279cfffb92266
2025-12-27T05:39:53.5627237Z   To:                  0x851356ae760d987e095750cceb3bc6014560891c
2025-12-27T05:39:53.5627428Z 
2025-12-27T05:39:53.5627763Z [32meth_call[0m
2025-12-27T05:39:53.5628023Z   Contract call:       FarmingPool#pendingReward
2025-12-27T05:39:53.5628493Z   From:                0xf39fd6e51aad88f6f4ce6ab8827279cfffb92266
2025-12-27T05:39:53.5629083Z   To:                  0x851356ae760d987e095750cceb3bc6014560891c
2025-12-27T05:39:53.5629403Z 
2025-12-27T05:39:53.5629604Z [32meth_call[0m
2025-12-27T05:39:53.5630003Z   Contract call:       FarmingPool#pendingReward
2025-12-27T05:39:53.5630583Z   From:                0xf39fd6e51aad88f6f4ce6ab8827279cfffb92266
2025-12-27T05:39:53.5631158Z   To:                  0x851356ae760d987e095750cceb3bc6014560891c
2025-12-27T05:39:53.5631734Z 
2025-12-27T05:39:53.5631956Z [32meth_call[0m
2025-12-27T05:39:53.5632366Z   Contract call:       FarmingPool#pendingReward
2025-12-27T05:39:53.5632724Z   From:                0xf39fd6e51aad88f6f4ce6ab8827279cfffb92266
2025-12-27T05:39:53.5633057Z   To:                  0x851356ae760d987e095750cceb3bc6014560891c
2025-12-27T05:39:53.5633246Z 
2025-12-27T05:39:53.5633367Z [32meth_call[0m
2025-12-27T05:39:53.5633599Z   Contract call:       FarmingPool#pendingReward
2025-12-27T05:39:53.5633929Z   From:                0xf39fd6e51aad88f6f4ce6ab8827279cfffb92266
2025-12-27T05:39:53.5634250Z   To:                  0x851356ae760d987e095750cceb3bc6014560891c
2025-12-27T05:39:53.5634434Z 
2025-12-27T05:39:53.5634537Z [32meth_call[0m
2025-12-27T05:39:53.5634766Z   Contract call:       FarmingPool#pendingReward
2025-12-27T05:39:53.5635094Z   From:                0xf39fd6e51aad88f6f4ce6ab8827279cfffb92266
2025-12-27T05:39:53.5635418Z   To:                  0x851356ae760d987e095750cceb3bc6014560891c
2025-12-27T05:39:53.5635601Z 
2025-12-27T05:39:53.5635702Z [32meth_call[0m
2025-12-27T05:39:53.5635935Z   Contract call:       FarmingPool#pendingReward
2025-12-27T05:39:53.5636423Z   From:                0xf39fd6e51aad88f6f4ce6ab8827279cfffb92266
2025-12-27T05:39:53.5636759Z   To:                  0x851356ae760d987e095750cceb3bc6014560891c
2025-12-27T05:39:53.5636942Z 
2025-12-27T05:39:53.5637053Z [32meth_call[0m
2025-12-27T05:39:53.5637279Z   Contract call:       FarmingPool#pendingReward
2025-12-27T05:39:53.5637849Z   From:                0xf39fd6e51aad88f6f4ce6ab8827279cfffb92266
2025-12-27T05:39:53.5638183Z   To:                  0x851356ae760d987e095750cceb3bc6014560891c
2025-12-27T05:39:53.5638365Z 
2025-12-27T05:39:53.5638483Z [32meth_call[0m
2025-12-27T05:39:53.5638707Z   Contract call:       FarmingPool#pendingReward
2025-12-27T05:39:53.5639037Z   From:                0xf39fd6e51aad88f6f4ce6ab8827279cfffb92266
2025-12-27T05:39:53.5639368Z   To:                  0x851356ae760d987e095750cceb3bc6014560891c
2025-12-27T05:39:53.5639557Z 
2025-12-27T05:39:53.5639668Z [32meth_call[0m
2025-12-27T05:39:53.5639885Z   Contract call:       MockWETH#balanceOf
2025-12-27T05:39:53.5640203Z   From:                0xf39fd6e51aad88f6f4ce6ab8827279cfffb92266
2025-12-27T05:39:53.5640537Z   To:                  0x959922be3caee4b8cd9a407cc3ac1c251c2007b1
2025-12-27T05:39:53.5640730Z 
2025-12-27T05:39:53.5640831Z [32meth_call[0m
2025-12-27T05:39:53.5641046Z   Contract call:       MockUSDC#balanceOf
2025-12-27T05:39:53.5641354Z   From:                0xf39fd6e51aad88f6f4ce6ab8827279cfffb92266
2025-12-27T05:39:53.5641686Z   To:                  0x0dcd1bf9a1b36ce34237eeafef220932846bcd82
2025-12-27T05:39:53.5641878Z 
2025-12-27T05:39:53.5641979Z [32meth_call[0m
2025-12-27T05:39:53.5642190Z   Contract call:       MockUSDT#balanceOf
2025-12-27T05:39:53.5642497Z   From:                0xf39fd6e51aad88f6f4ce6ab8827279cfffb92266
2025-12-27T05:39:53.5642822Z   To:                  0x9a676e781a523b5d0c0e43731313a708cb607508
2025-12-27T05:39:53.5643006Z 
2025-12-27T05:39:53.5643106Z [32meth_call[0m
2025-12-27T05:39:53.5643312Z   Contract call:       BRS#balanceOf
2025-12-27T05:39:53.5643618Z   From:                0xf39fd6e51aad88f6f4ce6ab8827279cfffb92266
2025-12-27T05:39:53.5643949Z   To:                  0x5fbdb2315678afecb367f032d93f642f64180aa3
2025-12-27T05:39:53.5644132Z 
2025-12-27T05:39:53.5644237Z [32meth_call[0m
2025-12-27T05:39:53.5644445Z   Contract call:       stBTD#balanceOf
2025-12-27T05:39:53.5644756Z   From:                0xf39fd6e51aad88f6f4ce6ab8827279cfffb92266
2025-12-27T05:39:53.5645084Z   To:                  0x4a679253410272dd5232b3ff7cf5dbb88f295319
2025-12-27T05:39:53.5645265Z 
2025-12-27T05:39:53.5645371Z [32meth_call[0m
2025-12-27T05:39:53.5645571Z   Contract call:       stBTB#balanceOf
2025-12-27T05:39:53.5645875Z   From:                0xf39fd6e51aad88f6f4ce6ab8827279cfffb92266
2025-12-27T05:39:53.5646207Z   To:                  0xa85233c63b9ee964add6f2cffe00fd84eb32338f
2025-12-27T05:39:53.5646533Z 
2025-12-27T05:39:53.5646645Z [32meth_call[0m
2025-12-27T05:39:53.5646861Z   Contract call:       MockWBTC#balanceOf
2025-12-27T05:39:53.5647168Z   From:                0xf39fd6e51aad88f6f4ce6ab8827279cfffb92266
2025-12-27T05:39:53.5647793Z   To:                  0x0b306bf915c4d645ff596e518faf3f9669b97016
2025-12-27T05:39:53.5647994Z 
2025-12-27T05:39:53.5648108Z [32meth_call[0m
2025-12-27T05:39:53.5648318Z   Contract call:       BTD#balanceOf
2025-12-27T05:39:53.5648625Z   From:                0xf39fd6e51aad88f6f4ce6ab8827279cfffb92266
2025-12-27T05:39:53.5648952Z   To:                  0x9fe46736679d2d9a65f0992f2272de9f3c7fa6e0
2025-12-27T05:39:53.5649140Z 
2025-12-27T05:39:53.5649243Z [32meth_call[0m
2025-12-27T05:39:53.5649451Z   Contract call:       BTB#balanceOf
2025-12-27T05:39:53.5649753Z   From:                0xf39fd6e51aad88f6f4ce6ab8827279cfffb92266
2025-12-27T05:39:53.5650081Z   To:                  0xe7f1725e7734ce288f8367e1bb143e90bb3f0512
2025-12-27T05:39:53.5650271Z 
2025-12-27T05:39:53.5650373Z [32meth_call[0m
2025-12-27T05:39:53.5650585Z   Contract call:       MockWBTC#allowance
2025-12-27T05:39:53.5651018Z   From:                0xf39fd6e51aad88f6f4ce6ab8827279cfffb92266
2025-12-27T05:39:53.5651356Z   To:                  0x0b306bf915c4d645ff596e518faf3f9669b97016
2025-12-27T05:39:53.5651537Z 
2025-12-27T05:39:53.5651647Z [32meth_call[0m
2025-12-27T05:39:53.5651861Z   Contract call:       FarmingPool#userInfo
2025-12-27T05:39:53.5652181Z   From:                0xf39fd6e51aad88f6f4ce6ab8827279cfffb92266
2025-12-27T05:39:53.5652509Z   To:                  0x851356ae760d987e095750cceb3bc6014560891c
2025-12-27T05:39:53.5652688Z 
2025-12-27T05:39:53.5652833Z [32meth_getBlockByNumber[0m
2025-12-27T05:39:53.5653079Z [32meth_call[0m
2025-12-27T05:39:53.5653319Z   Contract call:       FarmingPool#pendingReward
2025-12-27T05:39:53.5653665Z   From:                0xf39fd6e51aad88f6f4ce6ab8827279cfffb92266
2025-12-27T05:39:53.5654002Z   To:                  0x851356ae760d987e095750cceb3bc6014560891c
2025-12-27T05:39:53.5654188Z 
2025-12-27T05:39:53.5654294Z [32meth_call[0m
2025-12-27T05:39:53.5654527Z   Contract call:       FarmingPool#pendingReward
2025-12-27T05:39:53.5654863Z   From:                0xf39fd6e51aad88f6f4ce6ab8827279cfffb92266
2025-12-27T05:39:53.5655194Z   To:                  0x851356ae760d987e095750cceb3bc6014560891c
2025-12-27T05:39:53.5655374Z 
2025-12-27T05:39:53.5655479Z [32meth_call[0m
2025-12-27T05:39:53.5655709Z   Contract call:       FarmingPool#pendingReward
2025-12-27T05:39:53.5656034Z   From:                0xf39fd6e51aad88f6f4ce6ab8827279cfffb92266
2025-12-27T05:39:53.5656358Z   To:                  0x851356ae760d987e095750cceb3bc6014560891c
2025-12-27T05:39:53.5656540Z 
2025-12-27T05:39:53.5656640Z [32meth_call[0m
2025-12-27T05:39:53.5656876Z   Contract call:       FarmingPool#pendingReward
2025-12-27T05:39:53.5657220Z   From:                0xf39fd6e51aad88f6f4ce6ab8827279cfffb92266
2025-12-27T05:39:53.5657801Z   To:                  0x851356ae760d987e095750cceb3bc6014560891c
2025-12-27T05:39:53.5658006Z 
2025-12-27T05:39:53.5658125Z [32meth_call[0m
2025-12-27T05:39:53.5658376Z   Contract call:       FarmingPool#pendingReward
2025-12-27T05:39:53.5658725Z   From:                0xf39fd6e51aad88f6f4ce6ab8827279cfffb92266
2025-12-27T05:39:53.5659054Z   To:                  0x851356ae760d987e095750cceb3bc6014560891c
2025-12-27T05:39:53.5659243Z 
2025-12-27T05:39:53.5659346Z [32meth_call[0m
2025-12-27T05:39:53.5659585Z   Contract call:       FarmingPool#pendingReward
2025-12-27T05:39:53.5659923Z   From:                0xf39fd6e51aad88f6f4ce6ab8827279cfffb92266
2025-12-27T05:39:53.5660266Z   To:                  0x851356ae760d987e095750cceb3bc6014560891c
2025-12-27T05:39:53.5660451Z 
2025-12-27T05:39:53.5660553Z [32meth_call[0m
2025-12-27T05:39:53.5660789Z   Contract call:       FarmingPool#pendingReward
2025-12-27T05:39:53.5661128Z   From:                0xf39fd6e51aad88f6f4ce6ab8827279cfffb92266
2025-12-27T05:39:53.5661603Z   To:                  0x851356ae760d987e095750cceb3bc6014560891c
2025-12-27T05:39:53.5661789Z 
2025-12-27T05:39:53.5661903Z [32meth_call[0m
2025-12-27T05:39:53.5662140Z   Contract call:       FarmingPool#pendingReward
2025-12-27T05:39:53.5662475Z   From:                0xf39fd6e51aad88f6f4ce6ab8827279cfffb92266
2025-12-27T05:39:53.5662805Z   To:                  0x851356ae760d987e095750cceb3bc6014560891c
2025-12-27T05:39:53.5662984Z 
2025-12-27T05:39:53.5663094Z [32meth_call[0m
2025-12-27T05:39:53.5663328Z   Contract call:       FarmingPool#pendingReward
2025-12-27T05:39:53.5663653Z   From:                0xf39fd6e51aad88f6f4ce6ab8827279cfffb92266
2025-12-27T05:39:53.5663982Z   To:                  0x851356ae760d987e095750cceb3bc6014560891c
2025-12-27T05:39:53.5664166Z 
2025-12-27T05:39:53.5664267Z [32meth_call[0m
2025-12-27T05:39:53.5664504Z   Contract call:       PriceOracle#getWBTCPrice
2025-12-27T05:39:53.5664837Z   From:                0xf39fd6e51aad88f6f4ce6ab8827279cfffb92266
2025-12-27T05:39:53.5665166Z   To:                  0x67d269191c92caf3cd7723f116c85e6e9bf55933
2025-12-27T05:39:53.5665353Z 
2025-12-27T05:39:53.5665454Z [32meth_call[0m
2025-12-27T05:39:53.5665799Z   Contract call:       PriceOracle#getIUSDPrice
2025-12-27T05:39:53.5666138Z   From:                0xf39fd6e51aad88f6f4ce6ab8827279cfffb92266
2025-12-27T05:39:53.5666495Z   To:                  0x67d269191c92caf3cd7723f116c85e6e9bf55933
2025-12-27T05:39:53.5666684Z 
2025-12-27T05:39:53.5666789Z [32meth_call[0m
2025-12-27T05:39:53.5667022Z   Contract call:       PriceOracle#getBTBPrice
2025-12-27T05:39:53.5667354Z   From:                0xf39fd6e51aad88f6f4ce6ab8827279cfffb92266
2025-12-27T05:39:53.5667949Z   To:                  0x67d269191c92caf3cd7723f116c85e6e9bf55933
2025-12-27T05:39:53.5668137Z 
2025-12-27T05:39:53.5668250Z [32meth_call[0m
2025-12-27T05:39:53.5668480Z   Contract call:       PriceOracle#getBRSPrice
2025-12-27T05:39:53.5668806Z   From:                0xf39fd6e51aad88f6f4ce6ab8827279cfffb92266
2025-12-27T05:39:53.5669146Z   To:                  0x67d269191c92caf3cd7723f116c85e6e9bf55933
2025-12-27T05:39:53.5669329Z 
2025-12-27T05:39:53.5669436Z [32meth_call[0m
2025-12-27T05:39:53.5669660Z   Contract call:       PriceOracle#getBTDPrice
2025-12-27T05:39:53.5669985Z   From:                0xf39fd6e51aad88f6f4ce6ab8827279cfffb92266
2025-12-27T05:39:53.5670316Z   To:                  0x67d269191c92caf3cd7723f116c85e6e9bf55933
2025-12-27T05:39:53.5670501Z 
2025-12-27T05:39:53.5670639Z [32meth_getBlockByNumber[0m
2025-12-27T05:39:53.5670930Z ==== /tmp/ignition-deploy.log (tail) ====
2025-12-27T05:39:53.5671246Z [7A[0JBatch #3
2025-12-27T05:39:53.5671472Z   Executed FullSystemV2#IdealUSDManager
2025-12-27T05:39:53.5671756Z   Executed FullSystemV2#InterestPool
2025-12-27T05:39:53.5672021Z   Executed FullSystemV2#Minter
2025-12-27T05:39:53.5672268Z   Executed FullSystemV2#PriceOracle
2025-12-27T05:39:53.5672532Z   Executing FullSystemV2#Treasury...
2025-12-27T05:39:53.5672695Z 
2025-12-27T05:39:53.5672788Z [7A[0JBatch #3
2025-12-27T05:39:53.5673008Z   Executed FullSystemV2#IdealUSDManager
2025-12-27T05:39:53.5673282Z   Executed FullSystemV2#InterestPool
2025-12-27T05:39:53.5673531Z   Executed FullSystemV2#Minter
2025-12-27T05:39:53.5673784Z   Executed FullSystemV2#PriceOracle
2025-12-27T05:39:53.5674042Z   Executed FullSystemV2#Treasury
2025-12-27T05:39:53.5674191Z 
2025-12-27T05:39:53.5674288Z [7A[0JBatch #3
2025-12-27T05:39:53.5674499Z   Executed FullSystemV2#IdealUSDManager
2025-12-27T05:39:53.5674773Z   Executed FullSystemV2#InterestPool
2025-12-27T05:39:53.5675027Z   Executed FullSystemV2#Minter
2025-12-27T05:39:53.5675275Z   Executed FullSystemV2#PriceOracle
2025-12-27T05:39:53.5675522Z   Executed FullSystemV2#Treasury
2025-12-27T05:39:53.5675671Z 
2025-12-27T05:39:53.5675741Z Batch #4
2025-12-27T05:39:53.5676019Z   Executing FullSystemV2#BTBGrantMinterRoleInterestPool...
2025-12-27T05:39:53.5676408Z   Executing FullSystemV2#BTBGrantMinterRoleMinter...
2025-12-27T05:39:53.5676791Z   Executing FullSystemV2#BTDGrantMinterRoleInterestPool...
2025-12-27T05:39:53.5677316Z   Executing FullSystemV2#BTDGrantMinterRoleMinter...
2025-12-27T05:39:53.5677892Z   Executing FullSystemV2#ConfigCore.setCoreContracts...
2025-12-27T05:39:53.5678232Z   Executing FullSystemV2#FarmingPool...
2025-12-27T05:39:53.5678402Z 
2025-12-27T05:39:53.5678514Z [8A[0JBatch #4
2025-12-27T05:39:53.5678794Z   Executing FullSystemV2#BTBGrantMinterRoleInterestPool...
2025-12-27T05:39:53.5679166Z   Executing FullSystemV2#BTBGrantMinterRoleMinter...
2025-12-27T05:39:53.5679538Z   Executing FullSystemV2#BTDGrantMinterRoleInterestPool...
2025-12-27T05:39:53.5679910Z   Executing FullSystemV2#BTDGrantMinterRoleMinter...
2025-12-27T05:39:53.5680271Z   Executing FullSystemV2#ConfigCore.setCoreContracts...
2025-12-27T05:39:53.5680588Z   Executing FullSystemV2#FarmingPool...
2025-12-27T05:39:53.5680762Z 
2025-12-27T05:39:53.5680855Z [8A[0JBatch #4
2025-12-27T05:39:53.5681121Z   Executed FullSystemV2#BTBGrantMinterRoleInterestPool
2025-12-27T05:39:53.5681480Z   Executing FullSystemV2#BTBGrantMinterRoleMinter...
2025-12-27T05:39:53.5681853Z   Executing FullSystemV2#BTDGrantMinterRoleInterestPool...
2025-12-27T05:39:53.5682336Z   Executing FullSystemV2#BTDGrantMinterRoleMinter...
2025-12-27T05:39:53.5682704Z   Executing FullSystemV2#ConfigCore.setCoreContracts...
2025-12-27T05:39:53.5683029Z   Executing FullSystemV2#FarmingPool...
2025-12-27T05:39:53.5683192Z 
2025-12-27T05:39:53.5683291Z [8A[0JBatch #4
2025-12-27T05:39:53.5683550Z   Executed FullSystemV2#BTBGrantMinterRoleInterestPool
2025-12-27T05:39:53.5683902Z   Executing FullSystemV2#BTBGrantMinterRoleMinter...
2025-12-27T05:39:53.5684271Z   Executing FullSystemV2#BTDGrantMinterRoleInterestPool...
2025-12-27T05:39:53.5684642Z   Executing FullSystemV2#BTDGrantMinterRoleMinter...
2025-12-27T05:39:53.5685002Z   Executing FullSystemV2#ConfigCore.setCoreContracts...
2025-12-27T05:39:53.5685318Z   Executing FullSystemV2#FarmingPool...
2025-12-27T05:39:53.5685487Z 
2025-12-27T05:39:53.5685580Z [8A[0JBatch #4
2025-12-27T05:39:53.5685845Z   Executed FullSystemV2#BTBGrantMinterRoleInterestPool
2025-12-27T05:39:53.5686190Z   Executed FullSystemV2#BTBGrantMinterRoleMinter
2025-12-27T05:39:53.5686560Z   Executing FullSystemV2#BTDGrantMinterRoleInterestPool...
2025-12-27T05:39:53.5686926Z   Executing FullSystemV2#BTDGrantMinterRoleMinter...
2025-12-27T05:39:53.5687282Z   Executing FullSystemV2#ConfigCore.setCoreContracts...
2025-12-27T05:39:53.5687873Z   Executing FullSystemV2#FarmingPool...
2025-12-27T05:39:53.5688042Z 
2025-12-27T05:39:53.5688155Z [8A[0JBatch #4
2025-12-27T05:39:53.5688417Z   Executed FullSystemV2#BTBGrantMinterRoleInterestPool
2025-12-27T05:39:53.5688758Z   Executed FullSystemV2#BTBGrantMinterRoleMinter
2025-12-27T05:39:53.5689123Z   Executing FullSystemV2#BTDGrantMinterRoleInterestPool...
2025-12-27T05:39:53.5689495Z   Executing FullSystemV2#BTDGrantMinterRoleMinter...
2025-12-27T05:39:53.5689850Z   Executing FullSystemV2#ConfigCore.setCoreContracts...
2025-12-27T05:39:53.5690166Z   Executing FullSystemV2#FarmingPool...
2025-12-27T05:39:53.5690340Z 
2025-12-27T05:39:53.5690434Z [8A[0JBatch #4
2025-12-27T05:39:53.5690688Z   Executed FullSystemV2#BTBGrantMinterRoleInterestPool
2025-12-27T05:39:53.5691030Z   Executed FullSystemV2#BTBGrantMinterRoleMinter
2025-12-27T05:39:53.5691373Z   Executed FullSystemV2#BTDGrantMinterRoleInterestPool
2025-12-27T05:39:53.5691719Z   Executing FullSystemV2#BTDGrantMinterRoleMinter...
2025-12-27T05:39:53.5692076Z   Executing FullSystemV2#ConfigCore.setCoreContracts...
2025-12-27T05:39:53.5692394Z   Executing FullSystemV2#FarmingPool...
2025-12-27T05:39:53.5692555Z 
2025-12-27T05:39:53.5692651Z [8A[0JBatch #4
2025-12-27T05:39:53.5692900Z   Executed FullSystemV2#BTBGrantMinterRoleInterestPool
2025-12-27T05:39:53.5693240Z   Executed FullSystemV2#BTBGrantMinterRoleMinter
2025-12-27T05:39:53.5693582Z   Executed FullSystemV2#BTDGrantMinterRoleInterestPool
2025-12-27T05:39:53.5693940Z   Executing FullSystemV2#BTDGrantMinterRoleMinter...
2025-12-27T05:39:53.5694296Z   Executing FullSystemV2#ConfigCore.setCoreContracts...
2025-12-27T05:39:53.5694814Z   Executing FullSystemV2#FarmingPool...
2025-12-27T05:39:53.5694983Z 
2025-12-27T05:39:53.5695082Z [8A[0JBatch #4
2025-12-27T05:39:53.5695339Z   Executed FullSystemV2#BTBGrantMinterRoleInterestPool
2025-12-27T05:39:53.5695678Z   Executed FullSystemV2#BTBGrantMinterRoleMinter
2025-12-27T05:39:53.5696021Z   Executed FullSystemV2#BTDGrantMinterRoleInterestPool
2025-12-27T05:39:53.5696357Z   Executed FullSystemV2#BTDGrantMinterRoleMinter
2025-12-27T05:39:53.5696699Z   Executing FullSystemV2#ConfigCore.setCoreContracts...
2025-12-27T05:39:53.5697020Z   Executing FullSystemV2#FarmingPool...
2025-12-27T05:39:53.5697184Z 
2025-12-27T05:39:53.5697279Z [8A[0JBatch #4
2025-12-27T05:39:53.5697753Z   Executed FullSystemV2#BTBGrantMinterRoleInterestPool
2025-12-27T05:39:53.5698107Z   Executed FullSystemV2#BTBGrantMinterRoleMinter
2025-12-27T05:39:53.5698446Z   Executed FullSystemV2#BTDGrantMinterRoleInterestPool
2025-12-27T05:39:53.5698784Z   Executed FullSystemV2#BTDGrantMinterRoleMinter
2025-12-27T05:39:53.5699133Z   Executing FullSystemV2#ConfigCore.setCoreContracts...
2025-12-27T05:39:53.5699445Z   Executing FullSystemV2#FarmingPool...
2025-12-27T05:39:53.5699734Z 
2025-12-27T05:39:53.5699849Z [8A[0JBatch #4
2025-12-27T05:39:53.5700104Z   Executed FullSystemV2#BTBGrantMinterRoleInterestPool
2025-12-27T05:39:53.5700443Z   Executed FullSystemV2#BTBGrantMinterRoleMinter
2025-12-27T05:39:53.5700782Z   Executed FullSystemV2#BTDGrantMinterRoleInterestPool
2025-12-27T05:39:53.5701114Z   Executed FullSystemV2#BTDGrantMinterRoleMinter
2025-12-27T05:39:53.5701445Z   Executed FullSystemV2#ConfigCore.setCoreContracts
2025-12-27T05:39:53.5701757Z   Executing FullSystemV2#FarmingPool...
2025-12-27T05:39:53.5701920Z 
2025-12-27T05:39:53.5702019Z [8A[0JBatch #4
2025-12-27T05:39:53.5702268Z   Executed FullSystemV2#BTBGrantMinterRoleInterestPool
2025-12-27T05:39:53.5702607Z   Executed FullSystemV2#BTBGrantMinterRoleMinter
2025-12-27T05:39:53.5702948Z   Executed FullSystemV2#BTDGrantMinterRoleInterestPool
2025-12-27T05:39:53.5703291Z   Executed FullSystemV2#BTDGrantMinterRoleMinter
2025-12-27T05:39:53.5703624Z   Executed FullSystemV2#ConfigCore.setCoreContracts
2025-12-27T05:39:53.5703940Z   Executing FullSystemV2#FarmingPool...
2025-12-27T05:39:53.5704109Z 
2025-12-27T05:39:53.5704201Z [8A[0JBatch #4
2025-12-27T05:39:53.5704456Z   Executed FullSystemV2#BTBGrantMinterRoleInterestPool
2025-12-27T05:39:53.5704794Z   Executed FullSystemV2#BTBGrantMinterRoleMinter
2025-12-27T05:39:53.5705127Z   Executed FullSystemV2#BTDGrantMinterRoleInterestPool
2025-12-27T05:39:53.5705465Z   Executed FullSystemV2#BTDGrantMinterRoleMinter
2025-12-27T05:39:53.5705793Z   Executed FullSystemV2#ConfigCore.setCoreContracts
2025-12-27T05:39:53.5706097Z   Executed FullSystemV2#FarmingPool
2025-12-27T05:39:53.5706256Z 
2025-12-27T05:39:53.5706352Z [8A[0JBatch #4
2025-12-27T05:39:53.5706600Z   Executed FullSystemV2#BTBGrantMinterRoleInterestPool
2025-12-27T05:39:53.5706983Z   Executed FullSystemV2#BTBGrantMinterRoleMinter
2025-12-27T05:39:53.5707330Z   Executed FullSystemV2#BTDGrantMinterRoleInterestPool
2025-12-27T05:39:53.5707878Z   Executed FullSystemV2#BTDGrantMinterRoleMinter
2025-12-27T05:39:53.5708219Z   Executed FullSystemV2#ConfigCore.setCoreContracts
2025-12-27T05:39:53.5708520Z   Executed FullSystemV2#FarmingPool
2025-12-27T05:39:53.5708686Z 
2025-12-27T05:39:53.5708754Z Batch #5
2025-12-27T05:39:53.5708963Z   Executing FullSystemV2#StakingRouter...
2025-12-27T05:39:53.5709288Z   Executing FullSystemV2#TransferBRSToFarmingPool...
2025-12-27T05:39:53.5709491Z 
2025-12-27T05:39:53.5709593Z [4A[0JBatch #5
2025-12-27T05:39:53.5709812Z   Executing FullSystemV2#StakingRouter...
2025-12-27T05:39:53.5710131Z   Executing FullSystemV2#TransferBRSToFarmingPool...
2025-12-27T05:39:53.5710332Z 
2025-12-27T05:39:53.5710428Z [4A[0JBatch #5
2025-12-27T05:39:53.5710641Z   Executed FullSystemV2#StakingRouter
2025-12-27T05:39:53.5710952Z   Executing FullSystemV2#TransferBRSToFarmingPool...
2025-12-27T05:39:53.5711296Z 
2025-12-27T05:39:53.5711392Z [4A[0JBatch #5
2025-12-27T05:39:53.5711607Z   Executed FullSystemV2#StakingRouter
2025-12-27T05:39:53.5711917Z   Executing FullSystemV2#TransferBRSToFarmingPool...
2025-12-27T05:39:53.5712121Z 
2025-12-27T05:39:53.5712212Z [4A[0JBatch #5
2025-12-27T05:39:53.5712421Z   Executed FullSystemV2#StakingRouter
2025-12-27T05:39:53.5712719Z   Executed FullSystemV2#TransferBRSToFarmingPool
2025-12-27T05:39:53.5712919Z 
2025-12-27T05:39:53.5713014Z [4A[0JBatch #5
2025-12-27T05:39:53.5713226Z   Executed FullSystemV2#StakingRouter
2025-12-27T05:39:53.5713520Z   Executed FullSystemV2#TransferBRSToFarmingPool
2025-12-27T05:39:53.5713716Z 
2025-12-27T05:39:53.5713782Z Batch #6
2025-12-27T05:39:53.5714069Z   Executing FullSystemV2#ConfigCore.setPeripheralContracts...
2025-12-27T05:39:53.5714312Z 
2025-12-27T05:39:53.5714409Z [3A[0JBatch #6
2025-12-27T05:39:53.5714697Z   Executing FullSystemV2#ConfigCore.setPeripheralContracts...
2025-12-27T05:39:53.5714934Z 
2025-12-27T05:39:53.5715028Z [3A[0JBatch #6
2025-12-27T05:39:53.5715301Z   Executed FullSystemV2#ConfigCore.setPeripheralContracts
2025-12-27T05:39:53.5715533Z 
2025-12-27T05:39:53.5715623Z [3A[0JBatch #6
2025-12-27T05:39:53.5716003Z   Executed FullSystemV2#ConfigCore.setPeripheralContracts
2025-12-27T05:39:53.5716234Z 
2025-12-27T05:39:53.5716443Z [ FullSystemV2 ] successfully deployed 🚀
2025-12-27T05:39:53.5716619Z 
2025-12-27T05:39:53.5716708Z Deployed Addresses
2025-12-27T05:39:53.5716826Z 
2025-12-27T05:39:53.5717037Z FullSystemV2#BRS - 0x5FbDB2315678afecb367f032d93F642f64180aa3
2025-12-27T05:39:53.5717659Z FullSystemV2#BTB - 0xe7f1725E7734CE288F8367e1Bb143E90bb3F0512
2025-12-27T05:39:53.5718114Z FullSystemV2#BTD - 0x9fE46736679d2D9a65F0992F2272dE9f3c7fa6e0
2025-12-27T05:39:53.5718602Z FullSystemV2#ChainlinkBTCUSD - 0xCf7Ed3AccA5a467e9e704C703E8D87F634fB0Fc9
2025-12-27T05:39:53.5719158Z FullSystemV2#ChainlinkWBTCBTC - 0xDc64a140Aa3E981100a9becA4E685f962f0cF6C9
2025-12-27T05:39:53.5719669Z FullSystemV2#ConfigGov - 0x5FC8d32690cc91D4c39d9d3abcBD16989F875707
2025-12-27T05:39:53.5720164Z FullSystemV2#MockPyth - 0x0165878A594ca255338adfa4d48449f69242Eb8F
2025-12-27T05:39:53.5720660Z FullSystemV2#MockRedstone - 0xa513E6E4b8f2a923D98304ec87F64353C4D5C853
2025-12-27T05:39:53.5721154Z FullSystemV2#PairBRSBTD - 0x2279B7A0a67DB372996a5FaB50D91eAA73d2eBe6
2025-12-27T05:39:53.5721636Z FullSystemV2#PairBTBBTD - 0x8A791620dd6260079BF849Dc5567aDC3F2FdC318
2025-12-27T05:39:53.5722120Z FullSystemV2#PairBTDUSDC - 0x610178dA211FEF7D417bC0e6FeD39F05609AD788
2025-12-27T05:39:53.5722619Z FullSystemV2#PairWBTCUSDC - 0xB7f8BC63BbcaD18155201308C8f3540b07f84F5e
2025-12-27T05:39:53.5723111Z FullSystemV2#TWAPOracle - 0xA51c1fc2f0D1a1b8494Ed1FE312d7C3a78Ed91C0
2025-12-27T05:39:53.5723570Z FullSystemV2#USDC - 0x0DCd1Bf9A1b36cE34237eEaFef220932846BCD82
2025-12-27T05:39:53.5724020Z FullSystemV2#USDT - 0x9A676e781A523b5d0C0e43731313A708CB607508
2025-12-27T05:39:53.5724454Z FullSystemV2#WBTC - 0x0B306BF915C4d645ff596e518fAf3F9669b97016
2025-12-27T05:39:53.5724891Z FullSystemV2#WETH - 0x959922bE3CAee4b8Cd9a407cc3ac1C251C2007B1
2025-12-27T05:39:53.5725349Z FullSystemV2#ConfigCore - 0x9A9f2CCfdE556A7E9Ff0848998Aa4a0CFD8863AE
2025-12-27T05:39:53.5725825Z FullSystemV2#stBTB - 0xa85233C63b9Ee964Add6F2cffe00Fd84eb32338f
2025-12-27T05:39:53.5726269Z FullSystemV2#stBTD - 0x4A679253410272dd5232B3Ff7cF5dbB88f295319
2025-12-27T05:39:53.5726758Z FullSystemV2#IdealUSDManager - 0x7a2088a1bFc9d81c55368AE168C2C02570cB814F
2025-12-27T05:39:53.5727418Z FullSystemV2#InterestPool - 0x09635F643e140090A9A8Dcd712eD6285858ceBef
2025-12-27T05:39:53.5738701Z FullSystemV2#Minter - 0xc5a5C42992dECbae36851359345FE25997F5C42d
2025-12-27T05:39:53.5739546Z FullSystemV2#PriceOracle - 0x67d269191c92Caf3cD7723F116c85e6E9bf55933
2025-12-27T05:39:53.5740088Z FullSystemV2#Treasury - 0xE6E340D132b5f46d1e472DebcD681B2aBc16e57E
2025-12-27T05:39:53.5740604Z FullSystemV2#FarmingPool - 0x851356ae760d987E095750cCeb3bC6014560891C
2025-12-27T05:39:53.5741121Z FullSystemV2#StakingRouter - 0xf5059a5D33d5853360D16C683c16e67980206f36
2025-12-27T05:39:53.5741723Z ==== /tmp/init-full-system.log (tail) ====
2025-12-27T05:39:53.5742006Z Loading Hardhat config...
2025-12-27T05:39:53.5742619Z [dotenv@17.2.3] injecting env (0) from .env -- tip: ⚙️  enable debug logging with { debug: true }
2025-12-27T05:39:53.5742926Z 
2025-12-27T05:39:53.5744119Z Warning: SPDX license identifier not provided in source file. Before publishing, consider adding a comment containing "SPDX-License-Identifier: <SPDX-License>" to each source file. Use "SPDX-License-Identifier: UNLICENSED" for non-open-source code. Please see https://spdx.org for more information.
2025-12-27T05:39:53.5745359Z --> ./node_modules/@uniswap/v2-core/contracts/interfaces/IUniswapV2Pair.sol
2025-12-27T05:39:53.5745635Z 
2025-12-27T05:39:53.5745998Z Warning: Unused function parameter. Remove or comment out the variable name to silence this warning.
2025-12-27T05:39:53.5746473Z   --> ./contracts/InterestPool.sol:90:9:
2025-12-27T05:39:53.5746715Z    |
2025-12-27T05:39:53.5746931Z 90 |         address _rateOracle
2025-12-27T05:39:53.5747171Z    |         ^^^^^^^^^^^^^^^^^^^
2025-12-27T05:39:53.5747307Z 
2025-12-27T05:39:53.5748001Z Warning: Unused function parameter. Remove or comment out the variable name to silence this warning.
2025-12-27T05:39:53.5748520Z   --> ./contracts/local/MockPriceOracle.sol:89:23:
2025-12-27T05:39:53.5748782Z    |
2025-12-27T05:39:53.5749156Z 89 |     function getPrice(address token) external view override returns (uint256) {
2025-12-27T05:39:53.5749543Z    |                       ^^^^^^^^^^^^^
2025-12-27T05:39:53.5749700Z 
2025-12-27T05:39:53.5750056Z Warning: Unused function parameter. Remove or comment out the variable name to silence this warning.
2025-12-27T05:39:53.5750535Z   --> ./contracts/local/UniswapV2Pair.sol:81:52:
2025-12-27T05:39:53.5750786Z    |
2025-12-27T05:39:53.5751212Z 81 |     function _update(uint balance0, uint balance1, uint112 _reserve0, uint112 _reserve1) private {
2025-12-27T05:39:53.5751668Z    |                                                    ^^^^^^^^^^^^^^^^^
2025-12-27T05:39:53.5751855Z 
2025-12-27T05:39:53.5752210Z Warning: Unused function parameter. Remove or comment out the variable name to silence this warning.
2025-12-27T05:39:53.5752676Z   --> ./contracts/local/UniswapV2Pair.sol:81:71:
2025-12-27T05:39:53.5752923Z    |
2025-12-27T05:39:53.5753340Z 81 |     function _update(uint balance0, uint balance1, uint112 _reserve0, uint112 _reserve1) private {
2025-12-27T05:39:53.5753805Z    |                                                                       ^^^^^^^^^^^^^^^^^
2025-12-27T05:39:53.5753988Z 
2025-12-27T05:39:53.5754202Z Warning: Function state mutability can be restricted to pure
2025-12-27T05:39:53.5754554Z   --> ./contracts/local/MockPriceOracle.sol:89:5:
2025-12-27T05:39:53.5754809Z    |
2025-12-27T05:39:53.5755171Z 89 |     function getPrice(address token) external view override returns (uint256) {
2025-12-27T05:39:53.5755665Z    |     ^ (Relevant source part starts here and spans across multiple lines).
2025-12-27T05:39:53.5755922Z 
2025-12-27T05:39:53.5755928Z 
2025-12-27T05:39:53.5755933Z 
2025-12-27T05:39:53.5756024Z => configure roles...
2025-12-27T05:39:53.5756242Z    -> Grant BTD MINTER to owner
2025-12-27T05:39:53.5756490Z    -> Grant BTB MINTER to owner
2025-12-27T05:39:53.5756733Z    -> Grant BTD MINTER to Minter
2025-12-27T05:39:53.5756979Z    -> Grant BTB MINTER to Minter
2025-12-27T05:39:53.5757206Z => set oracle prices...
2025-12-27T05:39:53.5757455Z => add LP liquidity and mint LP...
2025-12-27T05:39:53.5757990Z    ✓ WBTC/USDC LP minted: 30937
2025-12-27T05:39:53.5758284Z    ✓ BTD/USDC LP minted: 999999999000
2025-12-27T05:39:53.5758592Z    ✓ BTB/BTD LP minted: 999999999999999000
2025-12-27T05:39:53.5758898Z    ✓ BRS/BTD LP minted: 9999999999999000
2025-12-27T05:39:53.5759159Z => init stBTD/stBTB vaults...
2025-12-27T05:39:53.5759423Z => configure FarmingPool pools...
2025-12-27T05:39:53.5759675Z => seed staking for pools...
2025-12-27T05:39:53.5760250Z    ⚠️  pool 0 (BRS/BTD LP) stake skipped/failed: The contract function "deposit" reverted with the following reason:
2025-12-27T05:39:53.5760845Z Internal error
2025-12-27T05:39:53.5760963Z 
2025-12-27T05:39:53.5761035Z Contract Call:
2025-12-27T05:39:53.5761299Z   address:   0x851356ae760d987E095750cCeb3bC6014560891C
2025-12-27T05:39:53.5761634Z   function:  deposit(uint256 pid, uint256 amount)
2025-12-27T05:39:53.5761925Z   args:             (0, 99999999999990)
2025-12-27T05:39:53.5762232Z   sender:    0xf39fd6e51aad88f6f4ce6ab8827279cfffb92266
2025-12-27T05:39:53.5762429Z 
2025-12-27T05:39:53.5762602Z Docs: https://viem.sh/docs/contract/writeContract
2025-12-27T05:39:53.5762888Z Version: viem@2.43.3
2025-12-27T05:39:53.5763167Z    ✓ pool 1 (BTD/USDC LP) staked 9999999990
2025-12-27T05:39:53.5763505Z    ✓ pool 2 (BTB/BTD LP) staked 9999999999999990
2025-12-27T05:39:53.5763813Z    ✓ pool 3 (USDC) staked 1000000
2025-12-27T05:39:53.5764101Z    ✓ pool 4 (USDT) staked 1000000
2025-12-27T05:39:53.5764357Z    ✓ pool 5 (WBTC) staked 500
2025-12-27T05:39:53.5764657Z    ✓ pool 6 (WETH) staked 200000000000000
2025-12-27T05:39:53.5764980Z    ✓ pool 7 (stBTD) staked 1000000000000000000
2025-12-27T05:39:53.5765416Z    ✓ pool 8 (stBTB) staked 1000000000000000000
2025-12-27T05:39:53.5765740Z    ✓ pool 9 (BRS) staked 900000000000000000
2025-12-27T05:39:53.5766114Z => BRS rewards already in FarmingPool (from Ignition deployment)
2025-12-27T05:39:53.5766524Z => distribute test tokens to 4 specified addresses...
2025-12-27T05:39:53.5767077Z    ✓ 0x8F78bE5c6b41C2d7634d25C7db22b26409671ca9: 1000 WBTC, 100M USDC, 100M USDT, 1000 ETH
2025-12-27T05:39:53.5767931Z    ✓ 0xb53f41e806ab204b2525bd8b43909d47b32a04ac: 1000 WBTC, 100M USDC, 100M USDT, 1000 ETH
2025-12-27T05:39:53.5768599Z    ✓ 0x9b7cd6e80158361a513673b43ed6decc42a70eba: 1000 WBTC, 100M USDC, 100M USDT, 1000 ETH
2025-12-27T05:39:53.5769363Z    ✓ 0xc593617408c1de3561bec95cdbc316b3cb823c8d: 1000 WBTC, 100M USDC, 100M USDT, 1000 ETH
2025-12-27T05:39:53.5769769Z ✅ init done
2025-12-27T05:39:53.5808808Z ##[group]Run actions/upload-artifact@v4
2025-12-27T05:39:53.5809073Z with:
2025-12-27T05:39:53.5809282Z   name: e2e-results-core
2025-12-27T05:39:53.5809878Z   path: interface/test-results/
interface/playwright-report/
/tmp/interface-dev.log
/tmp/hardhat.log
/tmp/ignition-deploy.log
/tmp/init-full-system.log

2025-12-27T05:39:53.5810483Z   retention-days: 7
2025-12-27T05:39:53.5810675Z   if-no-files-found: warn
2025-12-27T05:39:53.5810875Z   compression-level: 6
2025-12-27T05:39:53.5811066Z   overwrite: false
2025-12-27T05:39:53.5811256Z   include-hidden-files: false
2025-12-27T05:39:53.5811460Z env:
2025-12-27T05:39:53.5811616Z   CI: true
2025-12-27T05:39:53.5811779Z   TEST_SUITE: full
2025-12-27T05:39:53.5811957Z   WALLET_PROVIDER: okx
2025-12-27T05:39:53.5812147Z ##[endgroup]
2025-12-27T05:39:53.8151863Z Multiple search paths detected. Calculating the least common ancestor of all paths
2025-12-27T05:39:53.8154841Z The least common ancestor is /. This will be the root directory of the artifact
2025-12-27T05:39:53.8155778Z With the provided path, there will be 46 files uploaded
2025-12-27T05:39:53.8161295Z Artifact name is valid!
2025-12-27T05:39:53.8162430Z Root directory input is valid!
2025-12-27T05:39:53.9581153Z Beginning upload of artifact content to blob storage
2025-12-27T05:39:54.4358217Z Uploaded bytes 2009140
2025-12-27T05:39:54.4730973Z Finished uploading artifact content to blob storage!
2025-12-27T05:39:54.4733875Z SHA256 digest of uploaded artifact zip is 32851adaca24aa528f3dddd1029b7b139c197d1726366ff5c71bdd6d1accd857
2025-12-27T05:39:54.4735654Z Finalizing artifact upload
2025-12-27T05:39:54.5613284Z Artifact e2e-results-core.zip successfully finalized. Artifact ID 4974180178
2025-12-27T05:39:54.5614673Z Artifact e2e-results-core has been successfully uploaded! Final size is 2009140 bytes. Artifact ID is 4974180178
2025-12-27T05:39:54.5621942Z Artifact download URL: https://github.com/bitres-labs/interface/actions/runs/20534701912/artifacts/4974180178
2025-12-27T05:39:54.5737375Z ##[group]Run if [ -f /tmp/interface-dev.pid ]; then
2025-12-27T05:39:54.5738151Z [36;1mif [ -f /tmp/interface-dev.pid ]; then[0m
2025-12-27T05:39:54.5738466Z [36;1m  kill "$(cat /tmp/interface-dev.pid)" || true[0m
2025-12-27T05:39:54.5738737Z [36;1mfi[0m
2025-12-27T05:39:54.5770493Z shell: /usr/bin/bash -e {0}
2025-12-27T05:39:54.5770723Z env:
2025-12-27T05:39:54.5770885Z   CI: true
2025-12-27T05:39:54.5771052Z   TEST_SUITE: full
2025-12-27T05:39:54.5771240Z   WALLET_PROVIDER: okx
2025-12-27T05:39:54.5771437Z ##[endgroup]
2025-12-27T05:39:54.5896163Z Post job cleanup.
2025-12-27T05:39:54.6856447Z [command]/usr/bin/git version
2025-12-27T05:39:54.6894656Z git version 2.52.0
2025-12-27T05:39:54.6939723Z Temporarily overriding HOME='/home/runner/work/_temp/dd1aa7bf-129e-440c-9802-872f6d9665c2' before making global git config changes
2025-12-27T05:39:54.6941160Z Adding repository directory to the temporary git global config as a safe directory
2025-12-27T05:39:54.6946070Z [command]/usr/bin/git config --global --add safe.directory /home/runner/work/interface/interface/bitres
2025-12-27T05:39:54.6981599Z [command]/usr/bin/git config --local --name-only --get-regexp core\.sshCommand
2025-12-27T05:39:54.7012696Z [command]/usr/bin/git submodule foreach --recursive sh -c "git config --local --name-only --get-regexp 'core\.sshCommand' && git config --local --unset-all 'core.sshCommand' || :"
2025-12-27T05:39:54.7235422Z Entering 'lib/forge-std'
2025-12-27T05:39:54.7296694Z [command]/usr/bin/git config --local --name-only --get-regexp http\.https\:\/\/github\.com\/\.extraheader
2025-12-27T05:39:54.7317265Z http.https://github.com/.extraheader
2025-12-27T05:39:54.7329975Z [command]/usr/bin/git config --local --unset-all http.https://github.com/.extraheader
2025-12-27T05:39:54.7359258Z [command]/usr/bin/git submodule foreach --recursive sh -c "git config --local --name-only --get-regexp 'http\.https\:\/\/github\.com\/\.extraheader' && git config --local --unset-all 'http.https://github.com/.extraheader' || :"
2025-12-27T05:39:54.7562479Z Entering 'lib/forge-std'
2025-12-27T05:39:54.7586066Z http.https://github.com/.extraheader
2025-12-27T05:39:54.7634745Z [command]/usr/bin/git config --local --name-only --get-regexp ^includeIf\.gitdir:
2025-12-27T05:39:54.7665481Z [command]/usr/bin/git submodule foreach --recursive git config --local --show-origin --name-only --get-regexp remote.origin.url
2025-12-27T05:39:54.7880562Z Entering 'lib/forge-std'
2025-12-27T05:39:54.7898955Z file:/home/runner/work/interface/interface/bitres/.git/modules/lib/forge-std/config	remote.origin.url
2025-12-27T05:39:54.7934507Z [command]/usr/bin/git config --file /home/runner/work/interface/interface/bitres/.git/modules/lib/forge-std/config --name-only --get-regexp ^includeIf\.gitdir:
2025-12-27T05:39:54.8082502Z Post job cleanup.
2025-12-27T05:39:54.9108190Z [command]/usr/bin/git version
2025-12-27T05:39:54.9144080Z git version 2.52.0
2025-12-27T05:39:54.9189198Z Temporarily overriding HOME='/home/runner/work/_temp/3fb14a99-5e1a-463e-8535-3d932ad9b80b' before making global git config changes
2025-12-27T05:39:54.9190878Z Adding repository directory to the temporary git global config as a safe directory
2025-12-27T05:39:54.9196258Z [command]/usr/bin/git config --global --add safe.directory /home/runner/work/interface/interface/interface
2025-12-27T05:39:54.9233903Z [command]/usr/bin/git config --local --name-only --get-regexp core\.sshCommand
2025-12-27T05:39:54.9273811Z [command]/usr/bin/git submodule foreach --recursive sh -c "git config --local --name-only --get-regexp 'core\.sshCommand' && git config --local --unset-all 'core.sshCommand' || :"
2025-12-27T05:39:54.9499342Z [command]/usr/bin/git config --local --name-only --get-regexp http\.https\:\/\/github\.com\/\.extraheader
2025-12-27T05:39:54.9520013Z http.https://github.com/.extraheader
2025-12-27T05:39:54.9533164Z [command]/usr/bin/git config --local --unset-all http.https://github.com/.extraheader
2025-12-27T05:39:54.9563635Z [command]/usr/bin/git submodule foreach --recursive sh -c "git config --local --name-only --get-regexp 'http\.https\:\/\/github\.com\/\.extraheader' && git config --local --unset-all 'http.https://github.com/.extraheader' || :"
2025-12-27T05:39:54.9784295Z [command]/usr/bin/git config --local --name-only --get-regexp ^includeIf\.gitdir:
2025-12-27T05:39:54.9815425Z [command]/usr/bin/git submodule foreach --recursive git config --local --show-origin --name-only --get-regexp remote.origin.url
2025-12-27T05:39:55.0141045Z Cleaning up orphan processes
2025-12-27T05:39:55.0468414Z Terminate orphan process: pid (5149) (npm exec hardhat node --hostname 0.0.0.0)
2025-12-27T05:39:55.0514438Z Terminate orphan process: pid (5162) (sh)
2025-12-27T05:39:55.0537061Z Terminate orphan process: pid (5163) (node)
2025-12-27T05:39:55.0560999Z Terminate orphan process: pid (5175) (esbuild)
2025-12-27T05:39:55.0586515Z Terminate orphan process: pid (5351) (node)
2025-12-27T05:39:55.0609114Z Terminate orphan process: pid (5358) (esbuild)
