2025-12-27T05:08:33.6174926Z Current runner version: '2.330.0'
2025-12-27T05:08:33.6200286Z ##[group]Runner Image Provisioner
2025-12-27T05:08:33.6201284Z Hosted Compute Agent
2025-12-27T05:08:33.6201787Z Version: 20251211.462
2025-12-27T05:08:33.6202498Z Commit: 6cbad8c2bb55d58165063d031ccabf57e2d2db61
2025-12-27T05:08:33.6203138Z Build Date: 2025-12-11T16:28:49Z
2025-12-27T05:08:33.6203777Z Worker ID: {ec00078a-28e3-43cb-a105-e9e57a235dca}
2025-12-27T05:08:33.6204519Z ##[endgroup]
2025-12-27T05:08:33.6205042Z ##[group]Operating System
2025-12-27T05:08:33.6205577Z Ubuntu
2025-12-27T05:08:33.6206069Z 24.04.3
2025-12-27T05:08:33.6206520Z LTS
2025-12-27T05:08:33.6206925Z ##[endgroup]
2025-12-27T05:08:33.6207483Z ##[group]Runner Image
2025-12-27T05:08:33.6207988Z Image: ubuntu-24.04
2025-12-27T05:08:33.6208487Z Version: 20251215.174.1
2025-12-27T05:08:33.6209495Z Included Software: https://github.com/actions/runner-images/blob/ubuntu24/20251215.174/images/ubuntu/Ubuntu2404-Readme.md
2025-12-27T05:08:33.6211352Z Image Release: https://github.com/actions/runner-images/releases/tag/ubuntu24%2F20251215.174
2025-12-27T05:08:33.6212455Z ##[endgroup]
2025-12-27T05:08:33.6213499Z ##[group]GITHUB_TOKEN Permissions
2025-12-27T05:08:33.6215506Z Contents: read
2025-12-27T05:08:33.6216076Z Metadata: read
2025-12-27T05:08:33.6216571Z Packages: read
2025-12-27T05:08:33.6217166Z ##[endgroup]
2025-12-27T05:08:33.6219235Z Secret source: Actions
2025-12-27T05:08:33.6219929Z Prepare workflow directory
2025-12-27T05:08:33.6655347Z Prepare all required actions
2025-12-27T05:08:33.6708899Z Getting action download info
2025-12-27T05:08:34.0951526Z Download action repository 'actions/checkout@v4' (SHA:34e114876b0b11c390a56381ad16ebd13914f8d5)
2025-12-27T05:08:34.2121344Z Download action repository 'actions/setup-node@v4' (SHA:49933ea5288caeca8642d1e84afbd3f7d6820020)
2025-12-27T05:08:34.2998991Z Download action repository 'actions/upload-artifact@v4' (SHA:ea165f8d65b6e75b540449e92b4886f43607fa02)
2025-12-27T05:08:34.5230184Z Complete job name: full-pool-nav
2025-12-27T05:08:34.5987619Z ##[group]Run actions/checkout@v4
2025-12-27T05:08:34.5988908Z with:
2025-12-27T05:08:34.5989559Z   path: interface
2025-12-27T05:08:34.5990296Z   repository: bitres-labs/interface
2025-12-27T05:08:34.5991589Z   token: ***
2025-12-27T05:08:34.5992222Z   ssh-strict: true
2025-12-27T05:08:34.5992933Z   ssh-user: git
2025-12-27T05:08:34.5993627Z   persist-credentials: true
2025-12-27T05:08:34.5994420Z   clean: true
2025-12-27T05:08:34.5995135Z   sparse-checkout-cone-mode: true
2025-12-27T05:08:34.5995992Z   fetch-depth: 1
2025-12-27T05:08:34.5996672Z   fetch-tags: false
2025-12-27T05:08:34.5997379Z   show-progress: true
2025-12-27T05:08:34.5998052Z   lfs: false
2025-12-27T05:08:34.5998672Z   submodules: false
2025-12-27T05:08:34.5999371Z   set-safe-directory: true
2025-12-27T05:08:34.6000473Z env:
2025-12-27T05:08:34.6001701Z   CI: true
2025-12-27T05:08:34.6002173Z   TEST_SUITE: full
2025-12-27T05:08:34.6002598Z   WALLET_PROVIDER: okx
2025-12-27T05:08:34.6003035Z ##[endgroup]
2025-12-27T05:08:34.7134354Z Syncing repository: bitres-labs/interface
2025-12-27T05:08:34.7136197Z ##[group]Getting Git version info
2025-12-27T05:08:34.7137199Z Working directory is '/home/runner/work/interface/interface/interface'
2025-12-27T05:08:34.7138944Z [command]/usr/bin/git version
2025-12-27T05:08:34.7234198Z git version 2.52.0
2025-12-27T05:08:34.7261217Z ##[endgroup]
2025-12-27T05:08:34.7275487Z Temporarily overriding HOME='/home/runner/work/_temp/cffa6ee6-798e-4fc7-99ea-7ae8b961ca48' before making global git config changes
2025-12-27T05:08:34.7288352Z Adding repository directory to the temporary git global config as a safe directory
2025-12-27T05:08:34.7290342Z [command]/usr/bin/git config --global --add safe.directory /home/runner/work/interface/interface/interface
2025-12-27T05:08:34.7331363Z ##[group]Initializing the repository
2025-12-27T05:08:34.7336957Z [command]/usr/bin/git init /home/runner/work/interface/interface/interface
2025-12-27T05:08:34.7435094Z hint: Using 'master' as the name for the initial branch. This default branch name
2025-12-27T05:08:34.7436690Z hint: will change to "main" in Git 3.0. To configure the initial branch name
2025-12-27T05:08:34.7437762Z hint: to use in all of your new repositories, which will suppress this warning,
2025-12-27T05:08:34.7438921Z hint: call:
2025-12-27T05:08:34.7439325Z hint:
2025-12-27T05:08:34.7439950Z hint: 	git config --global init.defaultBranch <name>
2025-12-27T05:08:34.7441150Z hint:
2025-12-27T05:08:34.7442158Z hint: Names commonly chosen instead of 'master' are 'main', 'trunk' and
2025-12-27T05:08:34.7443743Z hint: 'development'. The just-created branch can be renamed via this command:
2025-12-27T05:08:34.7444988Z hint:
2025-12-27T05:08:34.7445694Z hint: 	git branch -m <name>
2025-12-27T05:08:34.7446461Z hint:
2025-12-27T05:08:34.7447412Z hint: Disable this message with "git config set advice.defaultBranchName false"
2025-12-27T05:08:34.7449400Z Initialized empty Git repository in /home/runner/work/interface/interface/interface/.git/
2025-12-27T05:08:34.7453151Z [command]/usr/bin/git remote add origin https://github.com/bitres-labs/interface
2025-12-27T05:08:34.7487334Z ##[endgroup]
2025-12-27T05:08:34.7488476Z ##[group]Disabling automatic garbage collection
2025-12-27T05:08:34.7492430Z [command]/usr/bin/git config --local gc.auto 0
2025-12-27T05:08:34.7522236Z ##[endgroup]
2025-12-27T05:08:34.7523407Z ##[group]Setting up auth
2025-12-27T05:08:34.7528953Z [command]/usr/bin/git config --local --name-only --get-regexp core\.sshCommand
2025-12-27T05:08:34.7559780Z [command]/usr/bin/git submodule foreach --recursive sh -c "git config --local --name-only --get-regexp 'core\.sshCommand' && git config --local --unset-all 'core.sshCommand' || :"
2025-12-27T05:08:34.7888287Z [command]/usr/bin/git config --local --name-only --get-regexp http\.https\:\/\/github\.com\/\.extraheader
2025-12-27T05:08:34.7919721Z [command]/usr/bin/git submodule foreach --recursive sh -c "git config --local --name-only --get-regexp 'http\.https\:\/\/github\.com\/\.extraheader' && git config --local --unset-all 'http.https://github.com/.extraheader' || :"
2025-12-27T05:08:34.8140099Z [command]/usr/bin/git config --local --name-only --get-regexp ^includeIf\.gitdir:
2025-12-27T05:08:34.8171216Z [command]/usr/bin/git submodule foreach --recursive git config --local --show-origin --name-only --get-regexp remote.origin.url
2025-12-27T05:08:34.8410127Z [command]/usr/bin/git config --local http.https://github.com/.extraheader AUTHORIZATION: basic ***
2025-12-27T05:08:34.8446650Z ##[endgroup]
2025-12-27T05:08:34.8447984Z ##[group]Fetching the repository
2025-12-27T05:08:34.8456809Z [command]/usr/bin/git -c protocol.version=2 fetch --no-tags --prune --no-recurse-submodules --depth=1 origin +927faaa0c3b39ad4567ba59e36786b92c2c883a5:refs/remotes/origin/main
2025-12-27T05:08:35.3764117Z From https://github.com/bitres-labs/interface
2025-12-27T05:08:35.3765809Z  * [new ref]         927faaa0c3b39ad4567ba59e36786b92c2c883a5 -> origin/main
2025-12-27T05:08:35.3800512Z ##[endgroup]
2025-12-27T05:08:35.3802418Z ##[group]Determining the checkout info
2025-12-27T05:08:35.3803937Z ##[endgroup]
2025-12-27T05:08:35.3809056Z [command]/usr/bin/git sparse-checkout disable
2025-12-27T05:08:35.3851714Z [command]/usr/bin/git config --local --unset-all extensions.worktreeConfig
2025-12-27T05:08:35.3880412Z ##[group]Checking out the ref
2025-12-27T05:08:35.3885039Z [command]/usr/bin/git checkout --progress --force -B main refs/remotes/origin/main
2025-12-27T05:08:35.4120388Z Switched to a new branch 'main'
2025-12-27T05:08:35.4122493Z branch 'main' set up to track 'origin/main'.
2025-12-27T05:08:35.4130512Z ##[endgroup]
2025-12-27T05:08:35.4168261Z [command]/usr/bin/git log -1 --format=%H
2025-12-27T05:08:35.4192004Z 927faaa0c3b39ad4567ba59e36786b92c2c883a5
2025-12-27T05:08:35.4513343Z ##[group]Run actions/checkout@v4
2025-12-27T05:08:35.4514490Z with:
2025-12-27T05:08:35.4515320Z   repository: bitres-labs/bitres
2025-12-27T05:08:35.4516408Z   path: bitres
2025-12-27T05:08:35.4517273Z   submodules: recursive
2025-12-27T05:08:35.4518744Z   token: ***
2025-12-27T05:08:35.4519579Z   ssh-strict: true
2025-12-27T05:08:35.4520456Z   ssh-user: git
2025-12-27T05:08:35.4521666Z   persist-credentials: true
2025-12-27T05:08:35.4522683Z   clean: true
2025-12-27T05:08:35.4523592Z   sparse-checkout-cone-mode: true
2025-12-27T05:08:35.4524697Z   fetch-depth: 1
2025-12-27T05:08:35.4525585Z   fetch-tags: false
2025-12-27T05:08:35.4526483Z   show-progress: true
2025-12-27T05:08:35.4527402Z   lfs: false
2025-12-27T05:08:35.4528284Z   set-safe-directory: true
2025-12-27T05:08:35.4529273Z env:
2025-12-27T05:08:35.4530030Z   CI: true
2025-12-27T05:08:35.4530825Z   TEST_SUITE: full
2025-12-27T05:08:35.4531865Z   WALLET_PROVIDER: okx
2025-12-27T05:08:35.4532790Z ##[endgroup]
2025-12-27T05:08:35.5577993Z Syncing repository: bitres-labs/bitres
2025-12-27T05:08:35.5581199Z ##[group]Getting Git version info
2025-12-27T05:08:35.5583656Z Working directory is '/home/runner/work/interface/interface/bitres'
2025-12-27T05:08:35.5587166Z [command]/usr/bin/git version
2025-12-27T05:08:35.5591603Z git version 2.52.0
2025-12-27T05:08:35.5619240Z ##[endgroup]
2025-12-27T05:08:35.5634825Z Temporarily overriding HOME='/home/runner/work/_temp/25be68a9-3cdb-404c-8d87-78db1a646db9' before making global git config changes
2025-12-27T05:08:35.5639862Z Adding repository directory to the temporary git global config as a safe directory
2025-12-27T05:08:35.5649510Z [command]/usr/bin/git config --global --add safe.directory /home/runner/work/interface/interface/bitres
2025-12-27T05:08:35.5682248Z ##[group]Initializing the repository
2025-12-27T05:08:35.5688236Z [command]/usr/bin/git init /home/runner/work/interface/interface/bitres
2025-12-27T05:08:35.5726224Z hint: Using 'master' as the name for the initial branch. This default branch name
2025-12-27T05:08:35.5728903Z hint: will change to "main" in Git 3.0. To configure the initial branch name
2025-12-27T05:08:35.5731103Z hint: to use in all of your new repositories, which will suppress this warning,
2025-12-27T05:08:35.5733157Z hint: call:
2025-12-27T05:08:35.5733923Z hint:
2025-12-27T05:08:35.5734984Z hint: 	git config --global init.defaultBranch <name>
2025-12-27T05:08:35.5736510Z hint:
2025-12-27T05:08:35.5737786Z hint: Names commonly chosen instead of 'master' are 'main', 'trunk' and
2025-12-27T05:08:35.5739741Z hint: 'development'. The just-created branch can be renamed via this command:
2025-12-27T05:08:35.5741509Z hint:
2025-12-27T05:08:35.5742273Z hint: 	git branch -m <name>
2025-12-27T05:08:35.5743195Z hint:
2025-12-27T05:08:35.5744498Z hint: Disable this message with "git config set advice.defaultBranchName false"
2025-12-27T05:08:35.5746744Z Initialized empty Git repository in /home/runner/work/interface/interface/bitres/.git/
2025-12-27T05:08:35.5750255Z [command]/usr/bin/git remote add origin https://github.com/bitres-labs/bitres
2025-12-27T05:08:35.5770175Z ##[endgroup]
2025-12-27T05:08:35.5771861Z ##[group]Disabling automatic garbage collection
2025-12-27T05:08:35.5773701Z [command]/usr/bin/git config --local gc.auto 0
2025-12-27T05:08:35.5803335Z ##[endgroup]
2025-12-27T05:08:35.5804669Z ##[group]Setting up auth
2025-12-27T05:08:35.5808638Z [command]/usr/bin/git config --local --name-only --get-regexp core\.sshCommand
2025-12-27T05:08:35.5838141Z [command]/usr/bin/git submodule foreach --recursive sh -c "git config --local --name-only --get-regexp 'core\.sshCommand' && git config --local --unset-all 'core.sshCommand' || :"
2025-12-27T05:08:35.6058871Z [command]/usr/bin/git config --local --name-only --get-regexp http\.https\:\/\/github\.com\/\.extraheader
2025-12-27T05:08:35.6089382Z [command]/usr/bin/git submodule foreach --recursive sh -c "git config --local --name-only --get-regexp 'http\.https\:\/\/github\.com\/\.extraheader' && git config --local --unset-all 'http.https://github.com/.extraheader' || :"
2025-12-27T05:08:35.6307923Z [command]/usr/bin/git config --local --name-only --get-regexp ^includeIf\.gitdir:
2025-12-27T05:08:35.6340853Z [command]/usr/bin/git submodule foreach --recursive git config --local --show-origin --name-only --get-regexp remote.origin.url
2025-12-27T05:08:35.6577611Z [command]/usr/bin/git config --local http.https://github.com/.extraheader AUTHORIZATION: basic ***
2025-12-27T05:08:35.6613896Z ##[endgroup]
2025-12-27T05:08:35.6617505Z ##[group]Determining the default branch
2025-12-27T05:08:35.6619560Z Retrieving the default branch name
2025-12-27T05:08:35.9623753Z Default branch 'main'
2025-12-27T05:08:35.9624826Z ##[endgroup]
2025-12-27T05:08:35.9625665Z ##[group]Fetching the repository
2025-12-27T05:08:35.9631482Z [command]/usr/bin/git -c protocol.version=2 fetch --no-tags --prune --no-recurse-submodules --depth=1 origin +refs/heads/main:refs/remotes/origin/main
2025-12-27T05:08:36.5208817Z From https://github.com/bitres-labs/bitres
2025-12-27T05:08:36.5209547Z  * [new branch]      main       -> origin/main
2025-12-27T05:08:36.5240356Z ##[endgroup]
2025-12-27T05:08:36.5241369Z ##[group]Determining the checkout info
2025-12-27T05:08:36.5243004Z ##[endgroup]
2025-12-27T05:08:36.5248302Z [command]/usr/bin/git sparse-checkout disable
2025-12-27T05:08:36.5288252Z [command]/usr/bin/git config --local --unset-all extensions.worktreeConfig
2025-12-27T05:08:36.5316783Z ##[group]Checking out the ref
2025-12-27T05:08:36.5322227Z [command]/usr/bin/git checkout --progress --force -B main refs/remotes/origin/main
2025-12-27T05:08:36.5484158Z Switched to a new branch 'main'
2025-12-27T05:08:36.5486326Z branch 'main' set up to track 'origin/main'.
2025-12-27T05:08:36.5493967Z ##[endgroup]
2025-12-27T05:08:36.5494553Z ##[group]Setting up auth for fetching submodules
2025-12-27T05:08:36.5502486Z [command]/usr/bin/git config --global http.https://github.com/.extraheader AUTHORIZATION: basic ***
2025-12-27T05:08:36.5543131Z [command]/usr/bin/git config --global --unset-all url.https://github.com/.insteadOf
2025-12-27T05:08:36.5576732Z [command]/usr/bin/git config --global --add url.https://github.com/.insteadOf git@github.com:
2025-12-27T05:08:36.5611373Z [command]/usr/bin/git config --global --add url.https://github.com/.insteadOf org-249517881@github.com:
2025-12-27T05:08:36.5641976Z ##[endgroup]
2025-12-27T05:08:36.5642549Z ##[group]Fetching submodules
2025-12-27T05:08:36.5647500Z [command]/usr/bin/git submodule sync --recursive
2025-12-27T05:08:36.5894877Z [command]/usr/bin/git -c protocol.version=2 submodule update --init --force --depth=1 --recursive
2025-12-27T05:08:36.6115183Z Submodule 'lib/forge-std' (https://github.com/foundry-rs/forge-std) registered for path 'lib/forge-std'
2025-12-27T05:08:36.6141727Z Cloning into '/home/runner/work/interface/interface/bitres/lib/forge-std'...
2025-12-27T05:08:38.1304505Z From https://github.com/foundry-rs/forge-std
2025-12-27T05:08:38.1305298Z  * branch            7117c90c8cf6c68e5acce4f09a6b24715cea4de6 -> FETCH_HEAD
2025-12-27T05:08:38.1437508Z Submodule path 'lib/forge-std': checked out '7117c90c8cf6c68e5acce4f09a6b24715cea4de6'
2025-12-27T05:08:38.1471291Z [command]/usr/bin/git submodule foreach --recursive git config --local gc.auto 0
2025-12-27T05:08:38.1701178Z Entering 'lib/forge-std'
2025-12-27T05:08:38.1746815Z ##[endgroup]
2025-12-27T05:08:38.1747435Z ##[group]Persisting credentials for submodules
2025-12-27T05:08:38.1758069Z [command]/usr/bin/git submodule foreach --recursive sh -c "git config --local --name-only --get-regexp 'url\.https\:\/\/github\.com\/\.insteadOf' && git config --local --unset-all 'url.https://github.com/.insteadOf' || :"
2025-12-27T05:08:38.1987703Z Entering 'lib/forge-std'
2025-12-27T05:08:38.2043035Z [command]/usr/bin/git submodule foreach --recursive sh -c "git config --local 'http.https://github.com/.extraheader' 'AUTHORIZATION: basic ***' && git config --local --show-origin --name-only --get-regexp remote.origin.url"
2025-12-27T05:08:38.2269963Z Entering 'lib/forge-std'
2025-12-27T05:08:38.2308975Z file:/home/runner/work/interface/interface/bitres/.git/modules/lib/forge-std/config	remote.origin.url
2025-12-27T05:08:38.2346698Z [command]/usr/bin/git submodule foreach --recursive git config --local --add 'url.https://github.com/.insteadOf' 'git@github.com:'
2025-12-27T05:08:38.2557592Z Entering 'lib/forge-std'
2025-12-27T05:08:38.2607045Z [command]/usr/bin/git submodule foreach --recursive git config --local --add 'url.https://github.com/.insteadOf' 'org-249517881@github.com:'
2025-12-27T05:08:38.2819859Z Entering 'lib/forge-std'
2025-12-27T05:08:38.2865784Z ##[endgroup]
2025-12-27T05:08:38.2901346Z [command]/usr/bin/git log -1 --format=%H
2025-12-27T05:08:38.2923228Z 741a4b962a4313a543f20234e77c48b4bb40fa2d
2025-12-27T05:08:38.3098150Z ##[group]Run actions/setup-node@v4
2025-12-27T05:08:38.3098400Z with:
2025-12-27T05:08:38.3098572Z   node-version: 22
2025-12-27T05:08:38.3098741Z   cache: npm
2025-12-27T05:08:38.3099063Z   cache-dependency-path: interface/package-lock.json
bitres/package-lock.json

2025-12-27T05:08:38.3099428Z   always-auth: false
2025-12-27T05:08:38.3099610Z   check-latest: false
2025-12-27T05:08:38.3099898Z   token: ***
2025-12-27T05:08:38.3100056Z env:
2025-12-27T05:08:38.3100202Z   CI: true
2025-12-27T05:08:38.3100353Z   TEST_SUITE: full
2025-12-27T05:08:38.3100555Z   WALLET_PROVIDER: okx
2025-12-27T05:08:38.3100731Z ##[endgroup]
2025-12-27T05:08:38.4914529Z Found in cache @ /opt/hostedtoolcache/node/22.21.1/x64
2025-12-27T05:08:38.4921242Z ##[group]Environment details
2025-12-27T05:08:40.7706127Z node: v22.21.1
2025-12-27T05:08:40.7706524Z npm: 10.9.4
2025-12-27T05:08:40.7706815Z yarn: 1.22.22
2025-12-27T05:08:40.7707546Z ##[endgroup]
2025-12-27T05:08:40.7731275Z [command]/opt/hostedtoolcache/node/22.21.1/x64/bin/npm config get cache
2025-12-27T05:08:41.0338162Z /home/runner/.npm
2025-12-27T05:08:41.2991931Z Cache hit for: node-cache-Linux-x64-npm-8d734e393d317590153bbd64dd7479e6328f0370fb0eec0f6116b90b8b370db4
2025-12-27T05:08:42.6035525Z Received 4194304 of 131722309 (3.2%), 4.0 MBs/sec
2025-12-27T05:08:43.5331109Z Received 131722309 of 131722309 (100.0%), 65.1 MBs/sec
2025-12-27T05:08:43.5333369Z Cache Size: ~126 MB (131722309 B)
2025-12-27T05:08:43.5367997Z [command]/usr/bin/tar -xf /home/runner/work/_temp/f6b233ef-0b93-4d8d-a6a2-0935e93f4052/cache.tzst -P -C /home/runner/work/interface/interface --use-compress-program unzstd
2025-12-27T05:08:44.0398912Z Cache restored successfully
2025-12-27T05:08:44.0659341Z Cache restored from key: node-cache-Linux-x64-npm-8d734e393d317590153bbd64dd7479e6328f0370fb0eec0f6116b90b8b370db4
2025-12-27T05:08:44.0829814Z ##[group]Run npm ci
2025-12-27T05:08:44.0830131Z [36;1mnpm ci[0m
2025-12-27T05:08:44.0875130Z shell: /usr/bin/bash -e {0}
2025-12-27T05:08:44.0875376Z env:
2025-12-27T05:08:44.0875538Z   CI: true
2025-12-27T05:08:44.0875704Z   TEST_SUITE: full
2025-12-27T05:08:44.0875889Z   WALLET_PROVIDER: okx
2025-12-27T05:08:44.0876096Z ##[endgroup]
2025-12-27T05:08:46.1116647Z npm warn ERESOLVE overriding peer dependency
2025-12-27T05:08:46.1117604Z npm warn While resolving: @synthetixio/synpress-phantom@0.0.13
2025-12-27T05:08:46.1118315Z npm warn Found: @playwright/test@1.57.0
2025-12-27T05:08:46.1118918Z npm warn node_modules/@playwright/test
2025-12-27T05:08:46.1119631Z npm warn   dev @playwright/test@"^1.57.0" from the root project
2025-12-27T05:08:46.1120476Z npm warn   4 more (@synthetixio/ethereum-wallet-mock, ...)
2025-12-27T05:08:46.1121231Z npm warn
2025-12-27T05:08:46.1121653Z npm warn Could not resolve dependency:
2025-12-27T05:08:46.1122586Z npm warn peer @playwright/test@"1.48.2" from @synthetixio/synpress-phantom@0.0.13
2025-12-27T05:08:46.1123679Z npm warn node_modules/@synthetixio/synpress/node_modules/@synthetixio/synpress-phantom
2025-12-27T05:08:46.1124695Z npm warn   @synthetixio/synpress-phantom@"0.0.13" from @synthetixio/synpress@4.1.1
2025-12-27T05:08:46.1125396Z npm warn   node_modules/@synthetixio/synpress
2025-12-27T05:08:46.1125838Z npm warn
2025-12-27T05:08:46.1126363Z npm warn Conflicting peer dependency: @playwright/test@1.48.2
2025-12-27T05:08:46.1126996Z npm warn node_modules/@playwright/test
2025-12-27T05:08:46.1127740Z npm warn   peer @playwright/test@"1.48.2" from @synthetixio/synpress-phantom@0.0.13
2025-12-27T05:08:46.1128765Z npm warn   node_modules/@synthetixio/synpress/node_modules/@synthetixio/synpress-phantom
2025-12-27T05:08:46.1130076Z npm warn     @synthetixio/synpress-phantom@"0.0.13" from @synthetixio/synpress@4.1.1
2025-12-27T05:08:46.1130672Z npm warn     node_modules/@synthetixio/synpress
2025-12-27T05:08:46.2120263Z npm warn ERESOLVE overriding peer dependency
2025-12-27T05:08:46.2121349Z npm warn While resolving: use-sync-external-store@1.2.0
2025-12-27T05:08:46.2121943Z npm warn Found: react@19.2.0
2025-12-27T05:08:46.2122360Z npm warn node_modules/react
2025-12-27T05:08:46.2122872Z npm warn   react@"^19.2.0" from the root project
2025-12-27T05:08:46.2123575Z npm warn   34 more (@floating-ui/react, @floating-ui/react-dom, ...)
2025-12-27T05:08:46.2124094Z npm warn
2025-12-27T05:08:46.2124485Z npm warn Could not resolve dependency:
2025-12-27T05:08:46.2125196Z npm warn peer react@"^16.8.0 || ^17.0.0 || ^18.0.0" from use-sync-external-store@1.2.0
2025-12-27T05:08:46.2125725Z npm warn node_modules/valtio/node_modules/use-sync-external-store
2025-12-27T05:08:46.2126232Z npm warn   use-sync-external-store@"1.2.0" from valtio@1.13.2
2025-12-27T05:08:46.2126605Z npm warn   node_modules/valtio
2025-12-27T05:08:46.2126841Z npm warn
2025-12-27T05:08:46.2127128Z npm warn Conflicting peer dependency: react@18.3.1
2025-12-27T05:08:46.2127459Z npm warn node_modules/react
2025-12-27T05:08:46.2127900Z npm warn   peer react@"^16.8.0 || ^17.0.0 || ^18.0.0" from use-sync-external-store@1.2.0
2025-12-27T05:08:46.2128431Z npm warn   node_modules/valtio/node_modules/use-sync-external-store
2025-12-27T05:08:46.2128900Z npm warn     use-sync-external-store@"1.2.0" from valtio@1.13.2
2025-12-27T05:08:46.2129268Z npm warn     node_modules/valtio
2025-12-27T05:08:51.4712584Z npm warn deprecated inflight@1.0.6: This module is not supported, and leaks memory. Do not use it. Check out lru-cache if you want a good and tested way to coalesce async requests by a key value, which is much more comprehensive and powerful.
2025-12-27T05:08:51.6455642Z npm warn deprecated rimraf@2.7.1: Rimraf versions prior to v4 are no longer supported
2025-12-27T05:08:51.6874930Z npm warn deprecated @humanwhocodes/config-array@0.13.0: Use @eslint/config-array instead
2025-12-27T05:08:51.7126368Z npm warn deprecated rimraf@3.0.2: Rimraf versions prior to v4 are no longer supported
2025-12-27T05:08:51.9050196Z npm warn deprecated glob@7.2.3: Glob versions prior to v9 are no longer supported
2025-12-27T05:08:51.9233496Z npm warn deprecated @humanwhocodes/object-schema@2.0.3: Use @eslint/object-schema instead
2025-12-27T05:08:52.6542983Z npm warn deprecated fstream@1.0.12: This package is no longer supported.
2025-12-27T05:08:52.6924881Z npm warn deprecated @paulmillr/qr@0.2.1: The package is now available as "qr": npm install qr
2025-12-27T05:08:52.7774207Z npm warn deprecated source-map@0.8.0-beta.0: The work that was done in this beta branch won't be included in future versions
2025-12-27T05:08:55.4878231Z npm warn deprecated @walletconnect/sign-client@2.21.1: Reliability and performance improvements. See: https://github.com/WalletConnect/walletconnect-monorepo/releases
2025-12-27T05:08:55.4921987Z npm warn deprecated @walletconnect/sign-client@2.21.0: Reliability and performance improvements. See: https://github.com/WalletConnect/walletconnect-monorepo/releases
2025-12-27T05:08:55.4931701Z npm warn deprecated @walletconnect/sign-client@2.21.0: Reliability and performance improvements. See: https://github.com/WalletConnect/walletconnect-monorepo/releases
2025-12-27T05:08:55.4934455Z npm warn deprecated @walletconnect/sign-client@2.21.0: Reliability and performance improvements. See: https://github.com/WalletConnect/walletconnect-monorepo/releases
2025-12-27T05:08:55.6427383Z npm warn deprecated @walletconnect/universal-provider@2.21.1: Reliability and performance improvements. See: https://github.com/WalletConnect/walletconnect-monorepo/releases
2025-12-27T05:08:55.6552813Z npm warn deprecated @walletconnect/universal-provider@2.21.0: Reliability and performance improvements. See: https://github.com/WalletConnect/walletconnect-monorepo/releases
2025-12-27T05:08:55.6558000Z npm warn deprecated @walletconnect/universal-provider@2.21.0: Reliability and performance improvements. See: https://github.com/WalletConnect/walletconnect-monorepo/releases
2025-12-27T05:08:55.6566945Z npm warn deprecated @walletconnect/universal-provider@2.21.0: Reliability and performance improvements. See: https://github.com/WalletConnect/walletconnect-monorepo/releases
2025-12-27T05:08:56.7705279Z npm warn deprecated @walletconnect/ethereum-provider@2.21.1: Reliability and performance improvements. See: https://github.com/WalletConnect/walletconnect-monorepo/releases
2025-12-27T05:08:58.2666178Z npm warn deprecated eslint@8.57.1: This version is no longer supported. Please see https://eslint.org/version-support for other options.
2025-12-27T05:09:13.6472775Z 
2025-12-27T05:09:13.6475056Z > brs-interface@1.0.0 prepare
2025-12-27T05:09:13.6475369Z > husky
2025-12-27T05:09:13.6475477Z 
2025-12-27T05:09:13.7263754Z 
2025-12-27T05:09:13.7264505Z added 1227 packages, and audited 1228 packages in 30s
2025-12-27T05:09:13.7265023Z 
2025-12-27T05:09:13.7265347Z 309 packages are looking for funding
2025-12-27T05:09:13.7265891Z   run `npm fund` for details
2025-12-27T05:09:13.7651070Z 
2025-12-27T05:09:13.7651681Z 12 vulnerabilities (3 moderate, 9 high)
2025-12-27T05:09:13.7652042Z 
2025-12-27T05:09:13.7652359Z To address issues that do not require attention, run:
2025-12-27T05:09:13.7652875Z   npm audit fix
2025-12-27T05:09:13.7653088Z 
2025-12-27T05:09:13.7653542Z To address all issues possible (including breaking changes), run:
2025-12-27T05:09:13.7654184Z   npm audit fix --force
2025-12-27T05:09:13.7654417Z 
2025-12-27T05:09:13.7654896Z Some issues need review, and may require choosing
2025-12-27T05:09:13.7655442Z a different dependency.
2025-12-27T05:09:13.7655678Z 
2025-12-27T05:09:13.7655860Z Run `npm audit` for details.
2025-12-27T05:09:13.9252604Z ##[group]Run npx playwright install --with-deps chromium
2025-12-27T05:09:13.9253019Z [36;1mnpx playwright install --with-deps chromium[0m
2025-12-27T05:09:13.9253362Z [36;1mls -la ~/.cache/ms-playwright/ || true[0m
2025-12-27T05:09:13.9287051Z shell: /usr/bin/bash -e {0}
2025-12-27T05:09:13.9287270Z env:
2025-12-27T05:09:13.9287431Z   CI: true
2025-12-27T05:09:13.9287586Z   TEST_SUITE: full
2025-12-27T05:09:13.9287769Z   WALLET_PROVIDER: okx
2025-12-27T05:09:13.9287960Z ##[endgroup]
2025-12-27T05:09:14.7516261Z Installing dependencies...
2025-12-27T05:09:14.7582812Z Switching to root user to install dependencies...
2025-12-27T05:09:14.8407378Z Get:1 file:/etc/apt/apt-mirrors.txt Mirrorlist [144 B]
2025-12-27T05:09:14.8761860Z Hit:2 http://azure.archive.ubuntu.com/ubuntu noble InRelease
2025-12-27T05:09:14.8775488Z Get:3 http://azure.archive.ubuntu.com/ubuntu noble-updates InRelease [126 kB]
2025-12-27T05:09:14.8876446Z Get:4 http://azure.archive.ubuntu.com/ubuntu noble-backports InRelease [126 kB]
2025-12-27T05:09:14.8877516Z Get:5 http://azure.archive.ubuntu.com/ubuntu noble-security InRelease [126 kB]
2025-12-27T05:09:15.0061588Z Get:6 http://azure.archive.ubuntu.com/ubuntu noble-updates/main amd64 Packages [1684 kB]
2025-12-27T05:09:15.0218523Z Get:7 http://azure.archive.ubuntu.com/ubuntu noble-updates/main Translation-en [311 kB]
2025-12-27T05:09:15.0245887Z Get:8 http://azure.archive.ubuntu.com/ubuntu noble-updates/main amd64 Components [175 kB]
2025-12-27T05:09:15.0265951Z Get:9 http://azure.archive.ubuntu.com/ubuntu noble-updates/main amd64 c-n-f Metadata [15.8 kB]
2025-12-27T05:09:15.0289162Z Get:10 http://azure.archive.ubuntu.com/ubuntu noble-updates/universe amd64 Packages [1506 kB]
2025-12-27T05:09:15.0363031Z Get:11 http://azure.archive.ubuntu.com/ubuntu noble-updates/universe Translation-en [306 kB]
2025-12-27T05:09:15.0386972Z Get:12 http://azure.archive.ubuntu.com/ubuntu noble-updates/universe amd64 Components [377 kB]
2025-12-27T05:09:15.0414800Z Get:13 http://azure.archive.ubuntu.com/ubuntu noble-updates/universe amd64 c-n-f Metadata [31.4 kB]
2025-12-27T05:09:15.0424024Z Get:14 http://azure.archive.ubuntu.com/ubuntu noble-updates/restricted amd64 Packages [2413 kB]
2025-12-27T05:09:15.0544299Z Get:15 http://azure.archive.ubuntu.com/ubuntu noble-updates/restricted Translation-en [550 kB]
2025-12-27T05:09:15.0677827Z Hit:31 https://packages.microsoft.com/repos/azure-cli noble InRelease
2025-12-27T05:09:15.0984950Z Get:32 https://packages.microsoft.com/ubuntu/24.04/prod noble InRelease [3600 B]
2025-12-27T05:09:15.0994620Z Get:16 http://azure.archive.ubuntu.com/ubuntu noble-updates/restricted amd64 Components [212 B]
2025-12-27T05:09:15.1003701Z Get:17 http://azure.archive.ubuntu.com/ubuntu noble-updates/restricted amd64 c-n-f Metadata [516 B]
2025-12-27T05:09:15.1014386Z Get:18 http://azure.archive.ubuntu.com/ubuntu noble-updates/multiverse amd64 Packages [30.3 kB]
2025-12-27T05:09:15.1026963Z Get:19 http://azure.archive.ubuntu.com/ubuntu noble-updates/multiverse Translation-en [6048 B]
2025-12-27T05:09:15.1033251Z Get:20 http://azure.archive.ubuntu.com/ubuntu noble-updates/multiverse amd64 Components [940 B]
2025-12-27T05:09:15.1083694Z Get:21 http://azure.archive.ubuntu.com/ubuntu noble-updates/multiverse amd64 c-n-f Metadata [488 B]
2025-12-27T05:09:15.1127368Z Get:22 http://azure.archive.ubuntu.com/ubuntu noble-backports/main amd64 Packages [40.4 kB]
2025-12-27T05:09:15.1130466Z Get:23 http://azure.archive.ubuntu.com/ubuntu noble-backports/main amd64 Components [7316 B]
2025-12-27T05:09:15.1133104Z Get:24 http://azure.archive.ubuntu.com/ubuntu noble-backports/main amd64 c-n-f Metadata [368 B]
2025-12-27T05:09:15.1134430Z Get:25 http://azure.archive.ubuntu.com/ubuntu noble-backports/universe amd64 Packages [29.5 kB]
2025-12-27T05:09:15.1144787Z Get:26 http://azure.archive.ubuntu.com/ubuntu noble-backports/universe Translation-en [17.9 kB]
2025-12-27T05:09:15.1156571Z Get:27 http://azure.archive.ubuntu.com/ubuntu noble-backports/universe amd64 Components [10.5 kB]
2025-12-27T05:09:15.1165472Z Get:28 http://azure.archive.ubuntu.com/ubuntu noble-backports/universe amd64 c-n-f Metadata [1444 B]
2025-12-27T05:09:15.1176035Z Get:29 http://azure.archive.ubuntu.com/ubuntu noble-backports/restricted amd64 Components [216 B]
2025-12-27T05:09:15.1597946Z Get:30 http://azure.archive.ubuntu.com/ubuntu noble-backports/multiverse amd64 Components [212 B]
2025-12-27T05:09:15.1634234Z Get:33 http://azure.archive.ubuntu.com/ubuntu noble-security/main Translation-en [225 kB]
2025-12-27T05:09:15.1699600Z Get:34 http://azure.archive.ubuntu.com/ubuntu noble-security/main amd64 Components [21.5 kB]
2025-12-27T05:09:15.1710262Z Get:35 http://azure.archive.ubuntu.com/ubuntu noble-security/main amd64 c-n-f Metadata [9504 B]
2025-12-27T05:09:15.1725186Z Get:36 http://azure.archive.ubuntu.com/ubuntu noble-security/universe amd64 Components [71.5 kB]
2025-12-27T05:09:15.1735035Z Get:37 http://azure.archive.ubuntu.com/ubuntu noble-security/restricted amd64 Components [212 B]
2025-12-27T05:09:15.1743097Z Get:38 http://azure.archive.ubuntu.com/ubuntu noble-security/multiverse amd64 Components [212 B]
2025-12-27T05:09:15.2074451Z Get:39 https://packages.microsoft.com/ubuntu/24.04/prod noble/main amd64 Packages [77.1 kB]
2025-12-27T05:09:15.2122558Z Get:40 https://packages.microsoft.com/ubuntu/24.04/prod noble/main arm64 Packages [58.8 kB]
2025-12-27T05:09:15.2152833Z Get:41 https://packages.microsoft.com/ubuntu/24.04/prod noble/main armhf Packages [11.4 kB]
2025-12-27T05:09:23.3332893Z Fetched 8374 kB in 1s (7893 kB/s)
2025-12-27T05:09:24.0898838Z Reading package lists...
2025-12-27T05:09:24.1152714Z Reading package lists...
2025-12-27T05:09:24.2828952Z Building dependency tree...
2025-12-27T05:09:24.2836465Z Reading state information...
2025-12-27T05:09:24.4442913Z libasound2t64 is already the newest version (1.2.11-1ubuntu0.1).
2025-12-27T05:09:24.4443787Z libasound2t64 set to manually installed.
2025-12-27T05:09:24.4444673Z libatk-bridge2.0-0t64 is already the newest version (2.52.0-1build1).
2025-12-27T05:09:24.4445592Z libatk-bridge2.0-0t64 set to manually installed.
2025-12-27T05:09:24.4446419Z libatk1.0-0t64 is already the newest version (2.52.0-1build1).
2025-12-27T05:09:24.4447376Z libatk1.0-0t64 set to manually installed.
2025-12-27T05:09:24.4447946Z libatspi2.0-0t64 is already the newest version (2.52.0-1build1).
2025-12-27T05:09:24.4448648Z libatspi2.0-0t64 set to manually installed.
2025-12-27T05:09:24.4449077Z libcairo2 is already the newest version (1.18.0-3build1).
2025-12-27T05:09:24.4449461Z libcairo2 set to manually installed.
2025-12-27T05:09:24.4449884Z libcups2t64 is already the newest version (2.4.7-1.2ubuntu7.9).
2025-12-27T05:09:24.4450301Z libcups2t64 set to manually installed.
2025-12-27T05:09:24.4450725Z libdbus-1-3 is already the newest version (1.14.10-4ubuntu4.1).
2025-12-27T05:09:24.4451413Z libdbus-1-3 set to manually installed.
2025-12-27T05:09:24.4451849Z libdrm2 is already the newest version (2.4.122-1~ubuntu0.24.04.2).
2025-12-27T05:09:24.4452262Z libdrm2 set to manually installed.
2025-12-27T05:09:24.4452678Z libgbm1 is already the newest version (25.0.7-0ubuntu0.24.04.2).
2025-12-27T05:09:24.4453078Z libgbm1 set to manually installed.
2025-12-27T05:09:24.4453488Z libnspr4 is already the newest version (2:4.35-1.1build1).
2025-12-27T05:09:24.4453897Z libnspr4 set to manually installed.
2025-12-27T05:09:24.4454519Z libnss3 is already the newest version (2:3.98-1build1).
2025-12-27T05:09:24.4454904Z libnss3 set to manually installed.
2025-12-27T05:09:24.4455322Z libpango-1.0-0 is already the newest version (1.52.1+ds-1build1).
2025-12-27T05:09:24.4455754Z libpango-1.0-0 set to manually installed.
2025-12-27T05:09:24.4456162Z libx11-6 is already the newest version (2:1.8.7-1build1).
2025-12-27T05:09:24.4456531Z libx11-6 set to manually installed.
2025-12-27T05:09:24.4456892Z libxcb1 is already the newest version (1.15-1ubuntu2).
2025-12-27T05:09:24.4457202Z libxcb1 set to manually installed.
2025-12-27T05:09:24.4457785Z libxcomposite1 is already the newest version (1:0.4.5-1build3).
2025-12-27T05:09:24.4458166Z libxcomposite1 set to manually installed.
2025-12-27T05:09:24.4458540Z libxdamage1 is already the newest version (1:1.1.6-1build1).
2025-12-27T05:09:24.4458893Z libxdamage1 set to manually installed.
2025-12-27T05:09:24.4459232Z libxext6 is already the newest version (2:1.3.4-1build2).
2025-12-27T05:09:24.4459559Z libxext6 set to manually installed.
2025-12-27T05:09:24.4459913Z libxfixes3 is already the newest version (1:6.0.0-2build1).
2025-12-27T05:09:24.4460253Z libxfixes3 set to manually installed.
2025-12-27T05:09:24.4460615Z libxkbcommon0 is already the newest version (1.6.0-1build1).
2025-12-27T05:09:24.4461121Z libxkbcommon0 set to manually installed.
2025-12-27T05:09:24.4461484Z libxrandr2 is already the newest version (2:1.5.2-2build1).
2025-12-27T05:09:24.4461818Z libxrandr2 set to manually installed.
2025-12-27T05:09:24.4462159Z xvfb is already the newest version (2:21.1.12-1ubuntu1.5).
2025-12-27T05:09:24.4462645Z fonts-noto-color-emoji is already the newest version (2.047-0ubuntu0.24.04.1).
2025-12-27T05:09:24.4463151Z libfontconfig1 is already the newest version (2.15.0-1.1ubuntu2).
2025-12-27T05:09:24.4463529Z libfontconfig1 set to manually installed.
2025-12-27T05:09:24.4463913Z libfreetype6 is already the newest version (2.13.2+dfsg-1build3).
2025-12-27T05:09:24.4464271Z libfreetype6 set to manually installed.
2025-12-27T05:09:24.4464643Z fonts-liberation is already the newest version (1:2.1.5-3).
2025-12-27T05:09:24.4465008Z fonts-liberation set to manually installed.
2025-12-27T05:09:24.4465363Z The following additional packages will be installed:
2025-12-27T05:09:24.4465822Z   gir1.2-glib-2.0 libglib2.0-bin libglib2.0-data xfonts-encodings xfonts-utils
2025-12-27T05:09:24.4466196Z Suggested packages:
2025-12-27T05:09:24.4466426Z   low-memory-monitor
2025-12-27T05:09:24.4466635Z Recommended packages:
2025-12-27T05:09:24.4466869Z   fonts-ipafont-mincho fonts-tlwg-loma
2025-12-27T05:09:24.4694553Z The following NEW packages will be installed:
2025-12-27T05:09:24.4695382Z   fonts-freefont-ttf fonts-ipafont-gothic fonts-tlwg-loma-otf fonts-unifont
2025-12-27T05:09:24.4702094Z   fonts-wqy-zenhei xfonts-cyrillic xfonts-encodings xfonts-scalable
2025-12-27T05:09:24.4702889Z   xfonts-utils
2025-12-27T05:09:24.4706145Z The following packages will be upgraded:
2025-12-27T05:09:24.4712761Z   gir1.2-glib-2.0 libglib2.0-0t64 libglib2.0-bin libglib2.0-data
2025-12-27T05:09:24.4882808Z 4 upgraded, 9 newly installed, 0 to remove and 65 not upgraded.
2025-12-27T05:09:24.4883477Z Need to get 23.0 MB of archives.
2025-12-27T05:09:24.4884157Z After this operation, 79.5 MB of additional disk space will be used.
2025-12-27T05:09:24.4884974Z Get:1 file:/etc/apt/apt-mirrors.txt Mirrorlist [144 B]
2025-12-27T05:09:24.6252035Z Get:2 http://azure.archive.ubuntu.com/ubuntu noble/universe amd64 fonts-ipafont-gothic all 00303-21ubuntu1 [3513 kB]
2025-12-27T05:09:25.1739872Z Get:3 http://azure.archive.ubuntu.com/ubuntu noble-updates/main amd64 libglib2.0-data all 2.80.0-6ubuntu3.5 [48.8 kB]
2025-12-27T05:09:25.2354898Z Get:4 http://azure.archive.ubuntu.com/ubuntu noble-updates/main amd64 libglib2.0-bin amd64 2.80.0-6ubuntu3.5 [97.9 kB]
2025-12-27T05:09:25.2972004Z Get:5 http://azure.archive.ubuntu.com/ubuntu noble-updates/main amd64 gir1.2-glib-2.0 amd64 2.80.0-6ubuntu3.5 [183 kB]
2025-12-27T05:09:25.3621235Z Get:6 http://azure.archive.ubuntu.com/ubuntu noble-updates/main amd64 libglib2.0-0t64 amd64 2.80.0-6ubuntu3.5 [1544 kB]
2025-12-27T05:09:25.4528242Z Get:7 http://azure.archive.ubuntu.com/ubuntu noble/main amd64 fonts-freefont-ttf all 20211204+svn4273-2 [5641 kB]
2025-12-27T05:09:25.6201769Z Get:8 http://azure.archive.ubuntu.com/ubuntu noble/universe amd64 fonts-tlwg-loma-otf all 1:0.7.3-1 [107 kB]
2025-12-27T05:09:25.6818483Z Get:9 http://azure.archive.ubuntu.com/ubuntu noble/universe amd64 fonts-unifont all 1:15.1.01-1build1 [2993 kB]
2025-12-27T05:09:25.8233735Z Get:10 http://azure.archive.ubuntu.com/ubuntu noble/universe amd64 fonts-wqy-zenhei all 0.9.45-8 [7472 kB]
2025-12-27T05:09:26.0631625Z Get:11 http://azure.archive.ubuntu.com/ubuntu noble/main amd64 xfonts-encodings all 1:1.0.5-0ubuntu2 [578 kB]
2025-12-27T05:09:26.3312109Z Get:12 http://azure.archive.ubuntu.com/ubuntu noble/main amd64 xfonts-utils amd64 1:7.7+6build3 [94.4 kB]
2025-12-27T05:09:26.4048903Z Get:13 http://azure.archive.ubuntu.com/ubuntu noble/universe amd64 xfonts-cyrillic all 1:1.0.5+nmu1 [384 kB]
2025-12-27T05:09:26.4928989Z Get:14 http://azure.archive.ubuntu.com/ubuntu noble/main amd64 xfonts-scalable all 1:1.0.3-1.3 [304 kB]
2025-12-27T05:09:26.7544345Z Fetched 23.0 MB in 2s (11.4 MB/s)
2025-12-27T05:09:26.7766846Z Selecting previously unselected package fonts-ipafont-gothic.
2025-12-27T05:09:26.8004777Z (Reading database ... 
2025-12-27T05:09:26.8005255Z (Reading database ... 5%
2025-12-27T05:09:26.8005663Z (Reading database ... 10%
2025-12-27T05:09:26.8006040Z (Reading database ... 15%
2025-12-27T05:09:26.8006410Z (Reading database ... 20%
2025-12-27T05:09:26.8006783Z (Reading database ... 25%
2025-12-27T05:09:26.8007062Z (Reading database ... 30%
2025-12-27T05:09:26.8007381Z (Reading database ... 35%
2025-12-27T05:09:26.8007774Z (Reading database ... 40%
2025-12-27T05:09:26.8008160Z (Reading database ... 45%
2025-12-27T05:09:26.8008525Z (Reading database ... 50%
2025-12-27T05:09:26.8091090Z (Reading database ... 55%
2025-12-27T05:09:26.9688204Z (Reading database ... 60%
2025-12-27T05:09:27.0346026Z (Reading database ... 65%
2025-12-27T05:09:27.1108733Z (Reading database ... 70%
2025-12-27T05:09:27.1678758Z (Reading database ... 75%
2025-12-27T05:09:27.4078887Z (Reading database ... 80%
2025-12-27T05:09:27.6562702Z (Reading database ... 85%
2025-12-27T05:09:27.8882457Z (Reading database ... 90%
2025-12-27T05:09:28.0551408Z (Reading database ... 95%
2025-12-27T05:09:28.0551971Z (Reading database ... 100%
2025-12-27T05:09:28.0552632Z (Reading database ... 217374 files and directories currently installed.)
2025-12-27T05:09:28.0595875Z Preparing to unpack .../00-fonts-ipafont-gothic_00303-21ubuntu1_all.deb ...
2025-12-27T05:09:28.0685390Z Unpacking fonts-ipafont-gothic (00303-21ubuntu1) ...
2025-12-27T05:09:28.3097078Z Preparing to unpack .../01-libglib2.0-data_2.80.0-6ubuntu3.5_all.deb ...
2025-12-27T05:09:28.3118376Z Unpacking libglib2.0-data (2.80.0-6ubuntu3.5) over (2.80.0-6ubuntu3.4) ...
2025-12-27T05:09:28.3484122Z Preparing to unpack .../02-libglib2.0-bin_2.80.0-6ubuntu3.5_amd64.deb ...
2025-12-27T05:09:28.3503329Z Unpacking libglib2.0-bin (2.80.0-6ubuntu3.5) over (2.80.0-6ubuntu3.4) ...
2025-12-27T05:09:28.4343723Z Preparing to unpack .../03-gir1.2-glib-2.0_2.80.0-6ubuntu3.5_amd64.deb ...
2025-12-27T05:09:28.4364839Z Unpacking gir1.2-glib-2.0:amd64 (2.80.0-6ubuntu3.5) over (2.80.0-6ubuntu3.4) ...
2025-12-27T05:09:28.4955778Z Preparing to unpack .../04-libglib2.0-0t64_2.80.0-6ubuntu3.5_amd64.deb ...
2025-12-27T05:09:28.5021375Z Unpacking libglib2.0-0t64:amd64 (2.80.0-6ubuntu3.5) over (2.80.0-6ubuntu3.4) ...
2025-12-27T05:09:28.5492398Z Selecting previously unselected package fonts-freefont-ttf.
2025-12-27T05:09:28.5627628Z Preparing to unpack .../05-fonts-freefont-ttf_20211204+svn4273-2_all.deb ...
2025-12-27T05:09:28.5634778Z Unpacking fonts-freefont-ttf (20211204+svn4273-2) ...
2025-12-27T05:09:28.6505337Z Selecting previously unselected package fonts-tlwg-loma-otf.
2025-12-27T05:09:28.6638863Z Preparing to unpack .../06-fonts-tlwg-loma-otf_1%3a0.7.3-1_all.deb ...
2025-12-27T05:09:28.6646242Z Unpacking fonts-tlwg-loma-otf (1:0.7.3-1) ...
2025-12-27T05:09:28.6851349Z Selecting previously unselected package fonts-unifont.
2025-12-27T05:09:28.6979517Z Preparing to unpack .../07-fonts-unifont_1%3a15.1.01-1build1_all.deb ...
2025-12-27T05:09:28.6986669Z Unpacking fonts-unifont (1:15.1.01-1build1) ...
2025-12-27T05:09:28.8142861Z Selecting previously unselected package fonts-wqy-zenhei.
2025-12-27T05:09:28.8275071Z Preparing to unpack .../08-fonts-wqy-zenhei_0.9.45-8_all.deb ...
2025-12-27T05:09:28.8407230Z Unpacking fonts-wqy-zenhei (0.9.45-8) ...
2025-12-27T05:09:29.3033382Z Selecting previously unselected package xfonts-encodings.
2025-12-27T05:09:29.3165460Z Preparing to unpack .../09-xfonts-encodings_1%3a1.0.5-0ubuntu2_all.deb ...
2025-12-27T05:09:29.3173306Z Unpacking xfonts-encodings (1:1.0.5-0ubuntu2) ...
2025-12-27T05:09:29.3470726Z Selecting previously unselected package xfonts-utils.
2025-12-27T05:09:29.3602205Z Preparing to unpack .../10-xfonts-utils_1%3a7.7+6build3_amd64.deb ...
2025-12-27T05:09:29.3609332Z Unpacking xfonts-utils (1:7.7+6build3) ...
2025-12-27T05:09:29.4130701Z Selecting previously unselected package xfonts-cyrillic.
2025-12-27T05:09:29.4263589Z Preparing to unpack .../11-xfonts-cyrillic_1%3a1.0.5+nmu1_all.deb ...
2025-12-27T05:09:29.4271398Z Unpacking xfonts-cyrillic (1:1.0.5+nmu1) ...
2025-12-27T05:09:29.4617867Z Selecting previously unselected package xfonts-scalable.
2025-12-27T05:09:29.4750242Z Preparing to unpack .../12-xfonts-scalable_1%3a1.0.3-1.3_all.deb ...
2025-12-27T05:09:29.4758370Z Unpacking xfonts-scalable (1:1.0.3-1.3) ...
2025-12-27T05:09:29.5181583Z Setting up fonts-wqy-zenhei (0.9.45-8) ...
2025-12-27T05:09:29.5339087Z Setting up fonts-freefont-ttf (20211204+svn4273-2) ...
2025-12-27T05:09:29.5358681Z Setting up libglib2.0-0t64:amd64 (2.80.0-6ubuntu3.5) ...
2025-12-27T05:09:29.5630097Z Setting up libglib2.0-data (2.80.0-6ubuntu3.5) ...
2025-12-27T05:09:29.5649108Z Setting up fonts-tlwg-loma-otf (1:0.7.3-1) ...
2025-12-27T05:09:29.5666982Z Setting up xfonts-encodings (1:1.0.5-0ubuntu2) ...
2025-12-27T05:09:29.5691988Z Setting up gir1.2-glib-2.0:amd64 (2.80.0-6ubuntu3.5) ...
2025-12-27T05:09:29.5710428Z Setting up fonts-ipafont-gothic (00303-21ubuntu1) ...
2025-12-27T05:09:29.5774658Z update-alternatives: using /usr/share/fonts/opentype/ipafont-gothic/ipag.ttf to provide /usr/share/fonts/truetype/fonts-japanese-gothic.ttf (fonts-japanese-gothic.ttf) in auto mode
2025-12-27T05:09:29.5791332Z Setting up fonts-unifont (1:15.1.01-1build1) ...
2025-12-27T05:09:29.5811287Z Setting up libglib2.0-bin (2.80.0-6ubuntu3.5) ...
2025-12-27T05:09:29.5828867Z Setting up xfonts-utils (1:7.7+6build3) ...
2025-12-27T05:09:29.5874779Z Setting up xfonts-cyrillic (1:1.0.5+nmu1) ...
2025-12-27T05:09:29.6395002Z Setting up xfonts-scalable (1:1.0.3-1.3) ...
2025-12-27T05:09:29.6777736Z Processing triggers for libc-bin (2.39-0ubuntu8.6) ...
2025-12-27T05:09:29.7085162Z Processing triggers for man-db (2.12.0-4build2) ...
2025-12-27T05:09:29.7110014Z Not building database; man-db/auto-update is not 'true'.
2025-12-27T05:09:29.7122541Z Processing triggers for fontconfig (2.15.0-1.1ubuntu2) ...
2025-12-27T05:09:30.4897008Z 
2025-12-27T05:09:30.4897585Z Running kernel seems to be up-to-date.
2025-12-27T05:09:30.4897974Z 
2025-12-27T05:09:30.4898151Z Restarting services...
2025-12-27T05:09:30.5336674Z  systemctl restart packagekit.service php8.3-fpm.service polkit.service udisks2.service
2025-12-27T05:09:30.6569109Z 
2025-12-27T05:09:30.6570110Z Service restarts being deferred:
2025-12-27T05:09:30.6572063Z  systemctl restart ModemManager.service
2025-12-27T05:09:30.6572616Z  systemctl restart networkd-dispatcher.service
2025-12-27T05:09:30.6573011Z 
2025-12-27T05:09:30.6573255Z No containers need to be restarted.
2025-12-27T05:09:30.6573549Z 
2025-12-27T05:09:30.6573856Z No user sessions are running outdated binaries.
2025-12-27T05:09:30.6574193Z 
2025-12-27T05:09:30.6574677Z No VM guests are running outdated hypervisor (qemu) binaries on this host.
2025-12-27T05:09:31.7356184Z Downloading Chromium 143.0.7499.4 (playwright build v1200) from https://cdn.playwright.dev/dbazure/download/playwright/builds/chromium/1200/chromium-linux.zip
2025-12-27T05:09:31.9413075Z |                                                                                |   0% of 164.7 MiB
2025-12-27T05:09:32.0936820Z |■■■■■■■■                                                                        |  10% of 164.7 MiB
2025-12-27T05:09:32.1838129Z |■■■■■■■■■■■■■■■■                                                                |  20% of 164.7 MiB
2025-12-27T05:09:32.2594755Z |■■■■■■■■■■■■■■■■■■■■■■■■                                                        |  30% of 164.7 MiB
2025-12-27T05:09:32.3370131Z |■■■■■■■■■■■■■■■■■■■■■■■■■■■■■■■■                                                |  40% of 164.7 MiB
2025-12-27T05:09:32.4381377Z |■■■■■■■■■■■■■■■■■■■■■■■■■■■■■■■■■■■■■■■■                                        |  50% of 164.7 MiB
2025-12-27T05:09:32.5238439Z |■■■■■■■■■■■■■■■■■■■■■■■■■■■■■■■■■■■■■■■■■■■■■■■■                                |  60% of 164.7 MiB
2025-12-27T05:09:32.6171179Z |■■■■■■■■■■■■■■■■■■■■■■■■■■■■■■■■■■■■■■■■■■■■■■■■■■■■■■■■                        |  70% of 164.7 MiB
2025-12-27T05:09:32.7080695Z |■■■■■■■■■■■■■■■■■■■■■■■■■■■■■■■■■■■■■■■■■■■■■■■■■■■■■■■■■■■■■■■■                |  80% of 164.7 MiB
2025-12-27T05:09:32.8221849Z |■■■■■■■■■■■■■■■■■■■■■■■■■■■■■■■■■■■■■■■■■■■■■■■■■■■■■■■■■■■■■■■■■■■■■■■■        |  90% of 164.7 MiB
2025-12-27T05:09:32.8993885Z |■■■■■■■■■■■■■■■■■■■■■■■■■■■■■■■■■■■■■■■■■■■■■■■■■■■■■■■■■■■■■■■■■■■■■■■■■■■■■■■■| 100% of 164.7 MiB
2025-12-27T05:09:35.3553652Z Chromium 143.0.7499.4 (playwright build v1200) downloaded to /home/runner/.cache/ms-playwright/chromium-1200
2025-12-27T05:09:35.3557361Z Downloading FFMPEG playwright build v1011 from https://cdn.playwright.dev/dbazure/download/playwright/builds/ffmpeg/1011/ffmpeg-linux.zip
2025-12-27T05:09:35.5046724Z |                                                                                |   0% of 2.3 MiB
2025-12-27T05:09:35.5099757Z |■■■■■■■■                                                                        |  10% of 2.3 MiB
2025-12-27T05:09:35.5117186Z |■■■■■■■■■■■■■■■■                                                                |  20% of 2.3 MiB
2025-12-27T05:09:35.5137521Z |■■■■■■■■■■■■■■■■■■■■■■■■                                                        |  30% of 2.3 MiB
2025-12-27T05:09:35.5154997Z |■■■■■■■■■■■■■■■■■■■■■■■■■■■■■■■■                                                |  40% of 2.3 MiB
2025-12-27T05:09:35.5173442Z |■■■■■■■■■■■■■■■■■■■■■■■■■■■■■■■■■■■■■■■■                                        |  50% of 2.3 MiB
2025-12-27T05:09:35.5188631Z |■■■■■■■■■■■■■■■■■■■■■■■■■■■■■■■■■■■■■■■■■■■■■■■■                                |  60% of 2.3 MiB
2025-12-27T05:09:35.5203486Z |■■■■■■■■■■■■■■■■■■■■■■■■■■■■■■■■■■■■■■■■■■■■■■■■■■■■■■■■                        |  70% of 2.3 MiB
2025-12-27T05:09:35.5215962Z |■■■■■■■■■■■■■■■■■■■■■■■■■■■■■■■■■■■■■■■■■■■■■■■■■■■■■■■■■■■■■■■■                |  80% of 2.3 MiB
2025-12-27T05:09:35.5236084Z |■■■■■■■■■■■■■■■■■■■■■■■■■■■■■■■■■■■■■■■■■■■■■■■■■■■■■■■■■■■■■■■■■■■■■■■■        |  90% of 2.3 MiB
2025-12-27T05:09:35.5245523Z |■■■■■■■■■■■■■■■■■■■■■■■■■■■■■■■■■■■■■■■■■■■■■■■■■■■■■■■■■■■■■■■■■■■■■■■■■■■■■■■■| 100% of 2.3 MiB
2025-12-27T05:09:35.5832128Z FFMPEG playwright build v1011 downloaded to /home/runner/.cache/ms-playwright/ffmpeg-1011
2025-12-27T05:09:35.5835714Z Downloading Chromium Headless Shell 143.0.7499.4 (playwright build v1200) from https://cdn.playwright.dev/dbazure/download/playwright/builds/chromium/1200/chromium-headless-shell-linux.zip
2025-12-27T05:09:35.7779179Z |                                                                                |   0% of 109.7 MiB
2025-12-27T05:09:35.8920574Z |■■■■■■■■                                                                        |  10% of 109.7 MiB
2025-12-27T05:09:35.9497795Z |■■■■■■■■■■■■■■■■                                                                |  20% of 109.7 MiB
2025-12-27T05:09:36.0013472Z |■■■■■■■■■■■■■■■■■■■■■■■■                                                        |  30% of 109.7 MiB
2025-12-27T05:09:36.0687006Z |■■■■■■■■■■■■■■■■■■■■■■■■■■■■■■■■                                                |  40% of 109.7 MiB
2025-12-27T05:09:36.1403014Z |■■■■■■■■■■■■■■■■■■■■■■■■■■■■■■■■■■■■■■■■                                        |  50% of 109.7 MiB
2025-12-27T05:09:36.2078343Z |■■■■■■■■■■■■■■■■■■■■■■■■■■■■■■■■■■■■■■■■■■■■■■■■                                |  60% of 109.7 MiB
2025-12-27T05:09:36.2763576Z |■■■■■■■■■■■■■■■■■■■■■■■■■■■■■■■■■■■■■■■■■■■■■■■■■■■■■■■■                        |  70% of 109.7 MiB
2025-12-27T05:09:36.3453943Z |■■■■■■■■■■■■■■■■■■■■■■■■■■■■■■■■■■■■■■■■■■■■■■■■■■■■■■■■■■■■■■■■                |  80% of 109.7 MiB
2025-12-27T05:09:36.4143985Z |■■■■■■■■■■■■■■■■■■■■■■■■■■■■■■■■■■■■■■■■■■■■■■■■■■■■■■■■■■■■■■■■■■■■■■■■        |  90% of 109.7 MiB
2025-12-27T05:09:36.4754112Z |■■■■■■■■■■■■■■■■■■■■■■■■■■■■■■■■■■■■■■■■■■■■■■■■■■■■■■■■■■■■■■■■■■■■■■■■■■■■■■■■| 100% of 109.7 MiB
2025-12-27T05:09:38.2689286Z Chromium Headless Shell 143.0.7499.4 (playwright build v1200) downloaded to /home/runner/.cache/ms-playwright/chromium_headless_shell-1200
2025-12-27T05:09:38.2894294Z total 24
2025-12-27T05:09:38.2894826Z drwxr-xr-x 6 runner runner 4096 Dec 27 05:09 .
2025-12-27T05:09:38.2895474Z drwxr-xr-x 3 runner runner 4096 Dec 27 05:09 ..
2025-12-27T05:09:38.2895874Z drwxr-xr-x 2 runner runner 4096 Dec 27 05:09 .links
2025-12-27T05:09:38.2896280Z drwxr-xr-x 3 runner runner 4096 Dec 27 05:09 chromium-1200
2025-12-27T05:09:38.2896736Z drwxr-xr-x 3 runner runner 4096 Dec 27 05:09 chromium_headless_shell-1200
2025-12-27T05:09:38.2897185Z drwxr-xr-x 2 runner runner 4096 Dec 27 05:09 ffmpeg-1011
2025-12-27T05:09:38.2935455Z ##[group]Run npm install --legacy-peer-deps
2025-12-27T05:09:38.2936041Z [36;1mnpm install --legacy-peer-deps[0m
2025-12-27T05:09:38.2969833Z shell: /usr/bin/bash -e {0}
2025-12-27T05:09:38.2970067Z env:
2025-12-27T05:09:38.2970220Z   CI: true
2025-12-27T05:09:38.2970381Z   TEST_SUITE: full
2025-12-27T05:09:38.2970563Z   WALLET_PROVIDER: okx
2025-12-27T05:09:38.2970757Z ##[endgroup]
2025-12-27T05:09:40.6876196Z npm warn skipping integrity check for git dependency ssh://git@github.com/matter-labs/era-contracts.git
2025-12-27T05:09:42.3373358Z npm warn deprecated inflight@1.0.6: This module is not supported, and leaks memory. Do not use it. Check out lru-cache if you want a good and tested way to coalesce async requests by a key value, which is much more comprehensive and powerful.
2025-12-27T05:09:42.4439880Z npm warn deprecated rimraf@2.7.1: Rimraf versions prior to v4 are no longer supported
2025-12-27T05:09:42.4726591Z npm warn deprecated @humanwhocodes/config-array@0.13.0: Use @eslint/config-array instead
2025-12-27T05:09:42.4816451Z npm warn deprecated rimraf@3.0.2: Rimraf versions prior to v4 are no longer supported
2025-12-27T05:09:42.5975794Z npm warn deprecated @humanwhocodes/object-schema@2.0.3: Use @eslint/object-schema instead
2025-12-27T05:09:42.6015260Z npm warn deprecated glob@7.2.3: Glob versions prior to v9 are no longer supported
2025-12-27T05:09:42.6018048Z npm warn deprecated glob@7.2.3: Glob versions prior to v9 are no longer supported
2025-12-27T05:09:42.6019055Z npm warn deprecated glob@7.2.3: Glob versions prior to v9 are no longer supported
2025-12-27T05:09:42.6020829Z npm warn deprecated glob@7.2.3: Glob versions prior to v9 are no longer supported
2025-12-27T05:09:44.9360366Z npm warn deprecated glob@8.1.0: Glob versions prior to v9 are no longer supported
2025-12-27T05:09:45.0363205Z npm warn deprecated glob@5.0.15: Glob versions prior to v9 are no longer supported
2025-12-27T05:09:45.0993599Z npm warn deprecated glob@8.1.0: Glob versions prior to v9 are no longer supported
2025-12-27T05:09:49.8365739Z npm warn deprecated eslint@8.57.1: This version is no longer supported. Please see https://eslint.org/version-support for other options.
2025-12-27T05:11:03.3192842Z 
2025-12-27T05:11:03.3193473Z added 1126 packages, and audited 1156 packages in 1m
2025-12-27T05:11:03.3193900Z 
2025-12-27T05:11:03.3194151Z 165 packages are looking for funding
2025-12-27T05:11:03.3194609Z   run `npm fund` for details
2025-12-27T05:11:03.3488049Z 
2025-12-27T05:11:03.3488545Z 33 vulnerabilities (5 low, 4 moderate, 16 high, 8 critical)
2025-12-27T05:11:03.3488818Z 
2025-12-27T05:11:03.3489024Z To address issues that do not require attention, run:
2025-12-27T05:11:03.3489319Z   npm audit fix
2025-12-27T05:11:03.3489430Z 
2025-12-27T05:11:03.3489633Z To address all issues (including breaking changes), run:
2025-12-27T05:11:03.3489936Z   npm audit fix --force
2025-12-27T05:11:03.3490077Z 
2025-12-27T05:11:03.3490181Z Run `npm audit` for details.
2025-12-27T05:11:03.3879406Z ##[group]Run set -e
2025-12-27T05:11:03.3879667Z [36;1mset -e[0m
2025-12-27T05:11:03.3879943Z [36;1mnpx hardhat node --hostname 0.0.0.0 > /tmp/hardhat.log 2>&1 &[0m
2025-12-27T05:11:03.3880464Z [36;1mHARDHAT_PID=$![0m
2025-12-27T05:11:03.3880717Z [36;1mecho "Started Hardhat node (PID: $HARDHAT_PID)"[0m
2025-12-27T05:11:03.3881299Z [36;1m[0m
2025-12-27T05:11:03.3881486Z [36;1mecho "Waiting for Hardhat node..."[0m
2025-12-27T05:11:03.3881740Z [36;1mfor i in {1..60}; do[0m
2025-12-27T05:11:03.3881978Z [36;1m  if nc -z 127.0.0.1 8545 2>/dev/null; then[0m
2025-12-27T05:11:03.3882236Z [36;1m    echo "Hardhat node ready"[0m
2025-12-27T05:11:03.3882462Z [36;1m    break[0m
2025-12-27T05:11:03.3882635Z [36;1m  fi[0m
2025-12-27T05:11:03.3882797Z [36;1m  sleep 1[0m
2025-12-27T05:11:03.3882971Z [36;1mdone[0m
2025-12-27T05:11:03.3883126Z [36;1m[0m
2025-12-27T05:11:03.3883309Z [36;1mif ! nc -z 127.0.0.1 8545 2>/dev/null; then[0m
2025-12-27T05:11:03.3883629Z [36;1m  echo "Hardhat node failed to start"[0m
2025-12-27T05:11:03.3883889Z [36;1m  tail -50 /tmp/hardhat.log[0m
2025-12-27T05:11:03.3884109Z [36;1m  exit 1[0m
2025-12-27T05:11:03.3884276Z [36;1mfi[0m
2025-12-27T05:11:03.3884429Z [36;1m[0m
2025-12-27T05:11:03.3884597Z [36;1mecho "Deploying contracts..."[0m
2025-12-27T05:11:03.3884864Z [36;1mrm -rf ignition/deployments/chain-31337[0m
2025-12-27T05:11:03.3885415Z [36;1mecho "y" | npx hardhat ignition deploy ignition/modules/FullSystem.ts --network localhost 2>&1 | tee /tmp/ignition-deploy.log[0m
2025-12-27T05:11:03.3885914Z [36;1m[0m
2025-12-27T05:11:03.3886081Z [36;1mecho "Initializing system..."[0m
2025-12-27T05:11:03.3886546Z [36;1mnpx hardhat run scripts/main/init-full-system.mjs --network localhost 2>&1 | tee /tmp/init-full-system.log[0m
2025-12-27T05:11:03.3923250Z shell: /usr/bin/bash -e {0}
2025-12-27T05:11:03.3923476Z env:
2025-12-27T05:11:03.3923631Z   CI: true
2025-12-27T05:11:03.3923789Z   TEST_SUITE: full
2025-12-27T05:11:03.3923980Z   WALLET_PROVIDER: okx
2025-12-27T05:11:03.3924172Z ##[endgroup]
2025-12-27T05:11:03.3978883Z Started Hardhat node (PID: 5176)
2025-12-27T05:11:03.3979545Z Waiting for Hardhat node...
2025-12-27T05:11:06.4103540Z Hardhat node ready
2025-12-27T05:11:06.4118143Z Deploying contracts...
2025-12-27T05:11:06.8919773Z Loading Hardhat config...
2025-12-27T05:11:06.8926987Z [dotenv@17.2.3] injecting env (0) from .env -- tip: 🔐 prevent building .env in docker: https://dotenvx.com/prebuild
2025-12-27T05:11:08.7106574Z Downloading solc 0.8.30
2025-12-27T05:11:09.1487607Z Downloading solc 0.8.30 (WASM build)
2025-12-27T05:11:17.5090769Z 
2025-12-27T05:11:17.5092283Z 
2025-12-27T05:11:17.5092294Z 
2025-12-27T05:11:17.5092305Z 
2025-12-27T05:11:17.5093543Z 
2025-12-27T05:11:17.5097160Z 
2025-12-27T05:11:17.5103589Z Warning: SPDX license identifier not provided in source file. Before publishing, consider adding a comment containing "SPDX-License-Identifier: <SPDX-License>" to each source file. Use "SPDX-License-Identifier: UNLICENSED" for non-open-source code. Please see https://spdx.org for more information.
2025-12-27T05:11:17.5105853Z --> ./node_modules/@uniswap/v2-core/contracts/interfaces/IUniswapV2Pair.sol
2025-12-27T05:11:17.5106198Z 
2025-12-27T05:11:17.5106220Z 
2025-12-27T05:11:17.5106225Z 
2025-12-27T05:11:17.5106230Z 
2025-12-27T05:11:17.5106768Z Warning: Unused function parameter. Remove or comment out the variable name to silence this warning.
2025-12-27T05:11:17.5107586Z   --> ./contracts/InterestPool.sol:90:9:
2025-12-27T05:11:17.5107989Z    |
2025-12-27T05:11:17.5108336Z 90 |         address _rateOracle
2025-12-27T05:11:17.5108739Z    |         ^^^^^^^^^^^^^^^^^^^
2025-12-27T05:11:17.5108969Z 
2025-12-27T05:11:17.5108978Z 
2025-12-27T05:11:17.5108985Z 
2025-12-27T05:11:17.5108992Z 
2025-12-27T05:11:17.5109006Z 
2025-12-27T05:11:17.5109013Z 
2025-12-27T05:11:17.5109021Z 
2025-12-27T05:11:17.5109028Z 
2025-12-27T05:11:17.5109035Z 
2025-12-27T05:11:17.5109048Z 
2025-12-27T05:11:17.5109056Z 
2025-12-27T05:11:17.5109380Z 
2025-12-27T05:11:17.5111774Z 
2025-12-27T05:11:17.5111926Z 
2025-12-27T05:11:17.5111933Z 
2025-12-27T05:11:17.5111940Z 
2025-12-27T05:11:17.5111960Z 
2025-12-27T05:11:17.5112220Z 
2025-12-27T05:11:17.5112253Z 
2025-12-27T05:11:17.5112260Z 
2025-12-27T05:11:17.5112268Z 
2025-12-27T05:11:17.5112275Z 
2025-12-27T05:11:17.5112282Z 
2025-12-27T05:11:17.5112289Z 
2025-12-27T05:11:17.5112296Z 
2025-12-27T05:11:17.5112313Z 
2025-12-27T05:11:17.5112320Z 
2025-12-27T05:11:17.5112327Z 
2025-12-27T05:11:17.5112334Z 
2025-12-27T05:11:17.5112341Z 
2025-12-27T05:11:17.5112347Z 
2025-12-27T05:11:17.5112354Z 
2025-12-27T05:11:17.5112361Z 
2025-12-27T05:11:17.5112368Z 
2025-12-27T05:11:17.5112402Z 
2025-12-27T05:11:17.5113298Z Warning: Unused function parameter. Remove or comment out the variable name to silence this warning.
2025-12-27T05:11:17.5114131Z   --> ./contracts/local/MockPriceOracle.sol:89:23:
2025-12-27T05:11:17.5114570Z    |
2025-12-27T05:11:17.5115224Z 89 |     function getPrice(address token) external view override returns (uint256) {
2025-12-27T05:11:17.5115860Z    |                       ^^^^^^^^^^^^^
2025-12-27T05:11:17.5116134Z 
2025-12-27T05:11:17.5116500Z Warning: Function state mutability can be restricted to pure
2025-12-27T05:11:17.5117124Z   --> ./contracts/local/MockPriceOracle.sol:89:5:
2025-12-27T05:11:17.5117555Z    |
2025-12-27T05:11:17.5118177Z 89 |     function getPrice(address token) external view override returns (uint256) {
2025-12-27T05:11:17.5119007Z    |     ^ (Relevant source part starts here and spans across multiple lines).
2025-12-27T05:11:17.5119469Z 
2025-12-27T05:11:17.5119478Z 
2025-12-27T05:11:17.5119486Z 
2025-12-27T05:11:17.5119493Z 
2025-12-27T05:11:17.5119499Z 
2025-12-27T05:11:17.5119518Z 
2025-12-27T05:11:17.5119525Z 
2025-12-27T05:11:17.5119531Z 
2025-12-27T05:11:17.5119927Z Warning: Unused function parameter. Remove or comment out the variable name to silence this warning.
2025-12-27T05:11:17.5120425Z   --> ./contracts/local/UniswapV2Pair.sol:81:52:
2025-12-27T05:11:17.5120831Z    |
2025-12-27T05:11:17.5121829Z 81 |     function _update(uint balance0, uint balance1, uint112 _reserve0, uint112 _reserve1) private {
2025-12-27T05:11:17.5122577Z    |                                                    ^^^^^^^^^^^^^^^^^
2025-12-27T05:11:17.5122871Z 
2025-12-27T05:11:17.5123498Z Warning: Unused function parameter. Remove or comment out the variable name to silence this warning.
2025-12-27T05:11:17.5124319Z   --> ./contracts/local/UniswapV2Pair.sol:81:71:
2025-12-27T05:11:17.5124785Z    |
2025-12-27T05:11:17.5125276Z 81 |     function _update(uint balance0, uint balance1, uint112 _reserve0, uint112 _reserve1) private {
2025-12-27T05:11:17.5125742Z    |                                                                       ^^^^^^^^^^^^^^^^^
2025-12-27T05:11:17.5125927Z 
2025-12-27T05:11:17.5125933Z 
2025-12-27T05:11:17.5125938Z 
2025-12-27T05:11:17.5125942Z 
2025-12-27T05:11:18.1614396Z Hardhat Ignition starting for [ FullSystemV2 ]...[2K[1GHardhat Ignition 🚀
2025-12-27T05:11:18.1614997Z 
2025-12-27T05:11:18.1615209Z Deploying [ FullSystemV2 ]
2025-12-27T05:11:18.1615472Z 
2025-12-27T05:11:19.1929202Z Batch #1
2025-12-27T05:11:19.1929725Z   Executing FullSystemV2#BRS...
2025-12-27T05:11:19.1930265Z   Executing FullSystemV2#BTB...
2025-12-27T05:11:19.1930698Z   Executing FullSystemV2#BTD...
2025-12-27T05:11:19.1931208Z   Executing FullSystemV2#ChainlinkBTCUSD...
2025-12-27T05:11:19.1931615Z   Executing FullSystemV2#ChainlinkWBTCBTC...
2025-12-27T05:11:19.1931999Z   Executing FullSystemV2#ConfigGov...
2025-12-27T05:11:19.1932360Z   Executing FullSystemV2#MockPyth...
2025-12-27T05:11:19.1932724Z   Executing FullSystemV2#MockRedstone...
2025-12-27T05:11:19.1933098Z   Executing FullSystemV2#PairBRSBTD...
2025-12-27T05:11:19.1933460Z   Executing FullSystemV2#PairBTBBTD...
2025-12-27T05:11:19.1933816Z   Executing FullSystemV2#PairBTDUSDC...
2025-12-27T05:11:19.1934181Z   Executing FullSystemV2#PairWBTCUSDC...
2025-12-27T05:11:19.1934536Z   Executing FullSystemV2#TWAPOracle...
2025-12-27T05:11:19.1935185Z   Executing FullSystemV2#USDC...
2025-12-27T05:11:19.1935517Z   Executing FullSystemV2#USDT...
2025-12-27T05:11:19.1935836Z   Executing FullSystemV2#WBTC...
2025-12-27T05:11:19.1936287Z   Executing FullSystemV2#WETH...
2025-12-27T05:11:19.1936481Z 
2025-12-27T05:11:19.7191779Z [19A[0JBatch #1
2025-12-27T05:11:19.7192250Z   Executing FullSystemV2#BRS...
2025-12-27T05:11:19.7192698Z   Executing FullSystemV2#BTB...
2025-12-27T05:11:19.7193128Z   Executing FullSystemV2#BTD...
2025-12-27T05:11:19.7193596Z   Executing FullSystemV2#ChainlinkBTCUSD...
2025-12-27T05:11:19.7194140Z   Executing FullSystemV2#ChainlinkWBTCBTC...
2025-12-27T05:11:19.7194659Z   Executing FullSystemV2#ConfigGov...
2025-12-27T05:11:19.7195133Z   Executing FullSystemV2#MockPyth...
2025-12-27T05:11:19.7195616Z   Executing FullSystemV2#MockRedstone...
2025-12-27T05:11:19.7196109Z   Executing FullSystemV2#PairBRSBTD...
2025-12-27T05:11:19.7196591Z   Executing FullSystemV2#PairBTBBTD...
2025-12-27T05:11:19.7197094Z   Executing FullSystemV2#PairBTDUSDC...
2025-12-27T05:11:19.7197591Z   Executing FullSystemV2#PairWBTCUSDC...
2025-12-27T05:11:19.7198079Z   Executing FullSystemV2#TWAPOracle...
2025-12-27T05:11:19.7198579Z   Executing FullSystemV2#USDC...
2025-12-27T05:11:19.7199043Z   Executing FullSystemV2#USDT...
2025-12-27T05:11:19.7199487Z   Executing FullSystemV2#WBTC...
2025-12-27T05:11:19.7199921Z   Executing FullSystemV2#WETH...
2025-12-27T05:11:19.7200181Z 
2025-12-27T05:11:20.9291926Z [19A[0JBatch #1
2025-12-27T05:11:20.9292366Z   Executed FullSystemV2#BRS
2025-12-27T05:11:20.9292721Z   Executing FullSystemV2#BTB...
2025-12-27T05:11:20.9293030Z   Executing FullSystemV2#BTD...
2025-12-27T05:11:20.9293357Z   Executing FullSystemV2#ChainlinkBTCUSD...
2025-12-27T05:11:20.9293758Z   Executing FullSystemV2#ChainlinkWBTCBTC...
2025-12-27T05:11:20.9294280Z   Executing FullSystemV2#ConfigGov...
2025-12-27T05:11:20.9294619Z   Executing FullSystemV2#MockPyth...
2025-12-27T05:11:20.9294953Z   Executing FullSystemV2#MockRedstone...
2025-12-27T05:11:20.9295442Z   Executing FullSystemV2#PairBRSBTD...
2025-12-27T05:11:20.9295883Z   Executing FullSystemV2#PairBTBBTD...
2025-12-27T05:11:20.9296384Z   Executing FullSystemV2#PairBTDUSDC...
2025-12-27T05:11:20.9296801Z   Executing FullSystemV2#PairWBTCUSDC...
2025-12-27T05:11:20.9297274Z   Executing FullSystemV2#TWAPOracle...
2025-12-27T05:11:20.9297710Z   Executing FullSystemV2#USDC...
2025-12-27T05:11:20.9298011Z   Executing FullSystemV2#USDT...
2025-12-27T05:11:20.9298310Z   Executing FullSystemV2#WBTC...
2025-12-27T05:11:20.9298662Z   Executing FullSystemV2#WETH...
2025-12-27T05:11:20.9298939Z 
2025-12-27T05:11:20.9347821Z [19A[0JBatch #1
2025-12-27T05:11:20.9348194Z   Executed FullSystemV2#BRS
2025-12-27T05:11:20.9348633Z   Executing FullSystemV2#BTB...
2025-12-27T05:11:20.9349078Z   Executing FullSystemV2#BTD...
2025-12-27T05:11:20.9349544Z   Executing FullSystemV2#ChainlinkBTCUSD...
2025-12-27T05:11:20.9350059Z   Executing FullSystemV2#ChainlinkWBTCBTC...
2025-12-27T05:11:20.9350561Z   Executing FullSystemV2#ConfigGov...
2025-12-27T05:11:20.9351370Z   Executing FullSystemV2#MockPyth...
2025-12-27T05:11:20.9351862Z   Executing FullSystemV2#MockRedstone...
2025-12-27T05:11:20.9352289Z   Executing FullSystemV2#PairBRSBTD...
2025-12-27T05:11:20.9352591Z   Executing FullSystemV2#PairBTBBTD...
2025-12-27T05:11:20.9352892Z   Executing FullSystemV2#PairBTDUSDC...
2025-12-27T05:11:20.9353183Z   Executing FullSystemV2#PairWBTCUSDC...
2025-12-27T05:11:20.9353460Z   Executing FullSystemV2#TWAPOracle...
2025-12-27T05:11:20.9353715Z   Executing FullSystemV2#USDC...
2025-12-27T05:11:20.9353959Z   Executing FullSystemV2#USDT...
2025-12-27T05:11:20.9354193Z   Executing FullSystemV2#WBTC...
2025-12-27T05:11:20.9354429Z   Executing FullSystemV2#WETH...
2025-12-27T05:11:20.9354573Z 
2025-12-27T05:11:21.1231435Z [19A[0JBatch #1
2025-12-27T05:11:21.1231931Z   Executed FullSystemV2#BRS
2025-12-27T05:11:21.1232393Z   Executed FullSystemV2#BTB
2025-12-27T05:11:21.1232855Z   Executing FullSystemV2#BTD...
2025-12-27T05:11:21.1233715Z   Executing FullSystemV2#ChainlinkBTCUSD...
2025-12-27T05:11:21.1234343Z   Executing FullSystemV2#ChainlinkWBTCBTC...
2025-12-27T05:11:21.1234834Z   Executing FullSystemV2#ConfigGov...
2025-12-27T05:11:21.1235597Z   Executing FullSystemV2#MockPyth...
2025-12-27T05:11:21.1236086Z   Executing FullSystemV2#MockRedstone...
2025-12-27T05:11:21.1236487Z   Executing FullSystemV2#PairBRSBTD...
2025-12-27T05:11:21.1236909Z   Executing FullSystemV2#PairBTBBTD...
2025-12-27T05:11:21.1237412Z   Executing FullSystemV2#PairBTDUSDC...
2025-12-27T05:11:21.1237932Z   Executing FullSystemV2#PairWBTCUSDC...
2025-12-27T05:11:21.1238452Z   Executing FullSystemV2#TWAPOracle...
2025-12-27T05:11:21.1238972Z   Executing FullSystemV2#USDC...
2025-12-27T05:11:21.1239433Z   Executing FullSystemV2#USDT...
2025-12-27T05:11:21.1239904Z   Executing FullSystemV2#WBTC...
2025-12-27T05:11:21.1240347Z   Executing FullSystemV2#WETH...
2025-12-27T05:11:21.1240604Z 
2025-12-27T05:11:21.1276370Z [19A[0JBatch #1
2025-12-27T05:11:21.1276810Z   Executed FullSystemV2#BRS
2025-12-27T05:11:21.1277245Z   Executed FullSystemV2#BTB
2025-12-27T05:11:21.1277714Z   Executing FullSystemV2#BTD...
2025-12-27T05:11:21.1278254Z   Executing FullSystemV2#ChainlinkBTCUSD...
2025-12-27T05:11:21.1278808Z   Executing FullSystemV2#ChainlinkWBTCBTC...
2025-12-27T05:11:21.1279331Z   Executing FullSystemV2#ConfigGov...
2025-12-27T05:11:21.1279820Z   Executing FullSystemV2#MockPyth...
2025-12-27T05:11:21.1280331Z   Executing FullSystemV2#MockRedstone...
2025-12-27T05:11:21.1280840Z   Executing FullSystemV2#PairBRSBTD...
2025-12-27T05:11:21.1281537Z   Executing FullSystemV2#PairBTBBTD...
2025-12-27T05:11:21.1282035Z   Executing FullSystemV2#PairBTDUSDC...
2025-12-27T05:11:21.1282541Z   Executing FullSystemV2#PairWBTCUSDC...
2025-12-27T05:11:21.1283043Z   Executing FullSystemV2#TWAPOracle...
2025-12-27T05:11:21.1283510Z   Executing FullSystemV2#USDC...
2025-12-27T05:11:21.1283954Z   Executing FullSystemV2#USDT...
2025-12-27T05:11:21.1284424Z   Executing FullSystemV2#WBTC...
2025-12-27T05:11:21.1284860Z   Executing FullSystemV2#WETH...
2025-12-27T05:11:21.1285120Z 
2025-12-27T05:11:21.1650778Z [19A[0JBatch #1
2025-12-27T05:11:21.1651337Z   Executed FullSystemV2#BRS
2025-12-27T05:11:21.1651629Z   Executed FullSystemV2#BTB
2025-12-27T05:11:21.1651847Z   Executed FullSystemV2#BTD
2025-12-27T05:11:21.1652115Z   Executing FullSystemV2#ChainlinkBTCUSD...
2025-12-27T05:11:21.1652436Z   Executing FullSystemV2#ChainlinkWBTCBTC...
2025-12-27T05:11:21.1652728Z   Executing FullSystemV2#ConfigGov...
2025-12-27T05:11:21.1653005Z   Executing FullSystemV2#MockPyth...
2025-12-27T05:11:21.1653283Z   Executing FullSystemV2#MockRedstone...
2025-12-27T05:11:21.1653572Z   Executing FullSystemV2#PairBRSBTD...
2025-12-27T05:11:21.1653842Z   Executing FullSystemV2#PairBTBBTD...
2025-12-27T05:11:21.1654125Z   Executing FullSystemV2#PairBTDUSDC...
2025-12-27T05:11:21.1654425Z   Executing FullSystemV2#PairWBTCUSDC...
2025-12-27T05:11:21.1654701Z   Executing FullSystemV2#TWAPOracle...
2025-12-27T05:11:21.1654973Z   Executing FullSystemV2#USDC...
2025-12-27T05:11:21.1655217Z   Executing FullSystemV2#USDT...
2025-12-27T05:11:21.1655454Z   Executing FullSystemV2#WBTC...
2025-12-27T05:11:21.1655693Z   Executing FullSystemV2#WETH...
2025-12-27T05:11:21.1655835Z 
2025-12-27T05:11:21.1676285Z [19A[0JBatch #1
2025-12-27T05:11:21.1676639Z   Executed FullSystemV2#BRS
2025-12-27T05:11:21.1677068Z   Executed FullSystemV2#BTB
2025-12-27T05:11:21.1677302Z   Executed FullSystemV2#BTD
2025-12-27T05:11:21.1677573Z   Executing FullSystemV2#ChainlinkBTCUSD...
2025-12-27T05:11:21.1677885Z   Executing FullSystemV2#ChainlinkWBTCBTC...
2025-12-27T05:11:21.1678172Z   Executing FullSystemV2#ConfigGov...
2025-12-27T05:11:21.1678449Z   Executing FullSystemV2#MockPyth...
2025-12-27T05:11:21.1678731Z   Executing FullSystemV2#MockRedstone...
2025-12-27T05:11:21.1679020Z   Executing FullSystemV2#PairBRSBTD...
2025-12-27T05:11:21.1679286Z   Executing FullSystemV2#PairBTBBTD...
2025-12-27T05:11:21.1679790Z   Executing FullSystemV2#PairBTDUSDC...
2025-12-27T05:11:21.1680080Z   Executing FullSystemV2#PairWBTCUSDC...
2025-12-27T05:11:21.1680351Z   Executing FullSystemV2#TWAPOracle...
2025-12-27T05:11:21.1680749Z   Executing FullSystemV2#USDC...
2025-12-27T05:11:21.1681268Z   Executing FullSystemV2#USDT...
2025-12-27T05:11:21.1681510Z   Executing FullSystemV2#WBTC...
2025-12-27T05:11:21.1681743Z   Executing FullSystemV2#WETH...
2025-12-27T05:11:21.1681882Z 
2025-12-27T05:11:21.1945170Z [19A[0JBatch #1
2025-12-27T05:11:21.1945623Z   Executed FullSystemV2#BRS
2025-12-27T05:11:21.1946068Z   Executed FullSystemV2#BTB
2025-12-27T05:11:21.1946508Z   Executed FullSystemV2#BTD
2025-12-27T05:11:21.1947009Z   Executed FullSystemV2#ChainlinkBTCUSD
2025-12-27T05:11:21.1947574Z   Executing FullSystemV2#ChainlinkWBTCBTC...
2025-12-27T05:11:21.1948154Z   Executing FullSystemV2#ConfigGov...
2025-12-27T05:11:21.1948560Z   Executing FullSystemV2#MockPyth...
2025-12-27T05:11:21.1949105Z   Executing FullSystemV2#MockRedstone...
2025-12-27T05:11:21.1949653Z   Executing FullSystemV2#PairBRSBTD...
2025-12-27T05:11:21.1950124Z   Executing FullSystemV2#PairBTBBTD...
2025-12-27T05:11:21.1950649Z   Executing FullSystemV2#PairBTDUSDC...
2025-12-27T05:11:21.1951405Z   Executing FullSystemV2#PairWBTCUSDC...
2025-12-27T05:11:21.1951965Z   Executing FullSystemV2#TWAPOracle...
2025-12-27T05:11:21.1952458Z   Executing FullSystemV2#USDC...
2025-12-27T05:11:21.1952935Z   Executing FullSystemV2#USDT...
2025-12-27T05:11:21.1953434Z   Executing FullSystemV2#WBTC...
2025-12-27T05:11:21.1953850Z   Executing FullSystemV2#WETH...
2025-12-27T05:11:21.1954131Z 
2025-12-27T05:11:21.1967062Z [19A[0JBatch #1
2025-12-27T05:11:21.1967485Z   Executed FullSystemV2#BRS
2025-12-27T05:11:21.1967942Z   Executed FullSystemV2#BTB
2025-12-27T05:11:21.1968436Z   Executed FullSystemV2#BTD
2025-12-27T05:11:21.1968919Z   Executed FullSystemV2#ChainlinkBTCUSD
2025-12-27T05:11:21.1969473Z   Executing FullSystemV2#ChainlinkWBTCBTC...
2025-12-27T05:11:21.1970009Z   Executing FullSystemV2#ConfigGov...
2025-12-27T05:11:21.1970518Z   Executing FullSystemV2#MockPyth...
2025-12-27T05:11:21.1971223Z   Executing FullSystemV2#MockRedstone...
2025-12-27T05:11:21.1971778Z   Executing FullSystemV2#PairBRSBTD...
2025-12-27T05:11:21.1972310Z   Executing FullSystemV2#PairBTBBTD...
2025-12-27T05:11:21.1972834Z   Executing FullSystemV2#PairBTDUSDC...
2025-12-27T05:11:21.1973372Z   Executing FullSystemV2#PairWBTCUSDC...
2025-12-27T05:11:21.1973906Z   Executing FullSystemV2#TWAPOracle...
2025-12-27T05:11:21.1974363Z   Executing FullSystemV2#USDC...
2025-12-27T05:11:21.1974629Z   Executing FullSystemV2#USDT...
2025-12-27T05:11:21.1974886Z   Executing FullSystemV2#WBTC...
2025-12-27T05:11:21.1975449Z   Executing FullSystemV2#WETH...
2025-12-27T05:11:21.1975739Z 
2025-12-27T05:11:21.2240624Z [19A[0JBatch #1
2025-12-27T05:11:21.2241151Z   Executed FullSystemV2#BRS
2025-12-27T05:11:21.2241570Z   Executed FullSystemV2#BTB
2025-12-27T05:11:21.2241855Z   Executed FullSystemV2#BTD
2025-12-27T05:11:21.2242307Z   Executed FullSystemV2#ChainlinkBTCUSD
2025-12-27T05:11:21.2242819Z   Executed FullSystemV2#ChainlinkWBTCBTC
2025-12-27T05:11:21.2243199Z   Executing FullSystemV2#ConfigGov...
2025-12-27T05:11:21.2243643Z   Executing FullSystemV2#MockPyth...
2025-12-27T05:11:21.2244116Z   Executing FullSystemV2#MockRedstone...
2025-12-27T05:11:21.2244581Z   Executing FullSystemV2#PairBRSBTD...
2025-12-27T05:11:21.2245083Z   Executing FullSystemV2#PairBTBBTD...
2025-12-27T05:11:21.2245605Z   Executing FullSystemV2#PairBTDUSDC...
2025-12-27T05:11:21.2245929Z   Executing FullSystemV2#PairWBTCUSDC...
2025-12-27T05:11:21.2246206Z   Executing FullSystemV2#TWAPOracle...
2025-12-27T05:11:21.2246597Z   Executing FullSystemV2#USDC...
2025-12-27T05:11:21.2246975Z   Executing FullSystemV2#USDT...
2025-12-27T05:11:21.2247369Z   Executing FullSystemV2#WBTC...
2025-12-27T05:11:21.2247769Z   Executing FullSystemV2#WETH...
2025-12-27T05:11:21.2248024Z 
2025-12-27T05:11:21.2264203Z [19A[0JBatch #1
2025-12-27T05:11:21.2264575Z   Executed FullSystemV2#BRS
2025-12-27T05:11:21.2265253Z   Executed FullSystemV2#BTB
2025-12-27T05:11:21.2265676Z   Executed FullSystemV2#BTD
2025-12-27T05:11:21.2266160Z   Executed FullSystemV2#ChainlinkBTCUSD
2025-12-27T05:11:21.2267035Z   Executed FullSystemV2#ChainlinkWBTCBTC
2025-12-27T05:11:21.2267583Z   Executing FullSystemV2#ConfigGov...
2025-12-27T05:11:21.2268079Z   Executing FullSystemV2#MockPyth...
2025-12-27T05:11:21.2268581Z   Executing FullSystemV2#MockRedstone...
2025-12-27T05:11:21.2269102Z   Executing FullSystemV2#PairBRSBTD...
2025-12-27T05:11:21.2269605Z   Executing FullSystemV2#PairBTBBTD...
2025-12-27T05:11:21.2270097Z   Executing FullSystemV2#PairBTDUSDC...
2025-12-27T05:11:21.2270598Z   Executing FullSystemV2#PairWBTCUSDC...
2025-12-27T05:11:21.2271336Z   Executing FullSystemV2#TWAPOracle...
2025-12-27T05:11:21.2271823Z   Executing FullSystemV2#USDC...
2025-12-27T05:11:21.2272278Z   Executing FullSystemV2#USDT...
2025-12-27T05:11:21.2272718Z   Executing FullSystemV2#WBTC...
2025-12-27T05:11:21.2273170Z   Executing FullSystemV2#WETH...
2025-12-27T05:11:21.2273437Z 
2025-12-27T05:11:21.2626613Z [19A[0JBatch #1
2025-12-27T05:11:21.2627060Z   Executed FullSystemV2#BRS
2025-12-27T05:11:21.2627517Z   Executed FullSystemV2#BTB
2025-12-27T05:11:21.2627970Z   Executed FullSystemV2#BTD
2025-12-27T05:11:21.2628467Z   Executed FullSystemV2#ChainlinkBTCUSD
2025-12-27T05:11:21.2629037Z   Executed FullSystemV2#ChainlinkWBTCBTC
2025-12-27T05:11:21.2629589Z   Executed FullSystemV2#ConfigGov
2025-12-27T05:11:21.2630103Z   Executing FullSystemV2#MockPyth...
2025-12-27T05:11:21.2630516Z   Executing FullSystemV2#MockRedstone...
2025-12-27T05:11:21.2631231Z   Executing FullSystemV2#PairBRSBTD...
2025-12-27T05:11:21.2631802Z   Executing FullSystemV2#PairBTBBTD...
2025-12-27T05:11:21.2632213Z   Executing FullSystemV2#PairBTDUSDC...
2025-12-27T05:11:21.2632719Z   Executing FullSystemV2#PairWBTCUSDC...
2025-12-27T05:11:21.2633472Z   Executing FullSystemV2#TWAPOracle...
2025-12-27T05:11:21.2634006Z   Executing FullSystemV2#USDC...
2025-12-27T05:11:21.2634513Z   Executing FullSystemV2#USDT...
2025-12-27T05:11:21.2634954Z   Executing FullSystemV2#WBTC...
2025-12-27T05:11:21.2635429Z   Executing FullSystemV2#WETH...
2025-12-27T05:11:21.2635723Z 
2025-12-27T05:11:21.2648877Z [19A[0JBatch #1
2025-12-27T05:11:21.2649257Z   Executed FullSystemV2#BRS
2025-12-27T05:11:21.2649662Z   Executed FullSystemV2#BTB
2025-12-27T05:11:21.2650022Z   Executed FullSystemV2#BTD
2025-12-27T05:11:21.2650442Z   Executed FullSystemV2#ChainlinkBTCUSD
2025-12-27T05:11:21.2651140Z   Executed FullSystemV2#ChainlinkWBTCBTC
2025-12-27T05:11:21.2651684Z   Executed FullSystemV2#ConfigGov
2025-12-27T05:11:21.2652158Z   Executing FullSystemV2#MockPyth...
2025-12-27T05:11:21.2652697Z   Executing FullSystemV2#MockRedstone...
2025-12-27T05:11:21.2653235Z   Executing FullSystemV2#PairBRSBTD...
2025-12-27T05:11:21.2653749Z   Executing FullSystemV2#PairBTBBTD...
2025-12-27T05:11:21.2654244Z   Executing FullSystemV2#PairBTDUSDC...
2025-12-27T05:11:21.2654759Z   Executing FullSystemV2#PairWBTCUSDC...
2025-12-27T05:11:21.2655296Z   Executing FullSystemV2#TWAPOracle...
2025-12-27T05:11:21.2655805Z   Executing FullSystemV2#USDC...
2025-12-27T05:11:21.2656292Z   Executing FullSystemV2#USDT...
2025-12-27T05:11:21.2656576Z   Executing FullSystemV2#WBTC...
2025-12-27T05:11:21.2657153Z   Executing FullSystemV2#WETH...
2025-12-27T05:11:21.2657303Z 
2025-12-27T05:11:21.3002892Z [19A[0JBatch #1
2025-12-27T05:11:21.3003347Z   Executed FullSystemV2#BRS
2025-12-27T05:11:21.3003828Z   Executed FullSystemV2#BTB
2025-12-27T05:11:21.3004272Z   Executed FullSystemV2#BTD
2025-12-27T05:11:21.3004782Z   Executed FullSystemV2#ChainlinkBTCUSD
2025-12-27T05:11:21.3005338Z   Executed FullSystemV2#ChainlinkWBTCBTC
2025-12-27T05:11:21.3005887Z   Executed FullSystemV2#ConfigGov
2025-12-27T05:11:21.3006391Z   Executed FullSystemV2#MockPyth
2025-12-27T05:11:21.3006848Z   Executing FullSystemV2#MockRedstone...
2025-12-27T05:11:21.3007148Z   Executing FullSystemV2#PairBRSBTD...
2025-12-27T05:11:21.3008019Z   Executing FullSystemV2#PairBTBBTD...
2025-12-27T05:11:21.3008617Z   Executing FullSystemV2#PairBTDUSDC...
2025-12-27T05:11:21.3009062Z   Executing FullSystemV2#PairWBTCUSDC...
2025-12-27T05:11:21.3009906Z   Executing FullSystemV2#TWAPOracle...
2025-12-27T05:11:21.3010444Z   Executing FullSystemV2#USDC...
2025-12-27T05:11:21.3011091Z   Executing FullSystemV2#USDT...
2025-12-27T05:11:21.3011589Z   Executing FullSystemV2#WBTC...
2025-12-27T05:11:21.3012055Z   Executing FullSystemV2#WETH...
2025-12-27T05:11:21.3012341Z 
2025-12-27T05:11:21.3024861Z [19A[0JBatch #1
2025-12-27T05:11:21.3025249Z   Executed FullSystemV2#BRS
2025-12-27T05:11:21.3025580Z   Executed FullSystemV2#BTB
2025-12-27T05:11:21.3025879Z   Executed FullSystemV2#BTD
2025-12-27T05:11:21.3026301Z   Executed FullSystemV2#ChainlinkBTCUSD
2025-12-27T05:11:21.3026747Z   Executed FullSystemV2#ChainlinkWBTCBTC
2025-12-27T05:11:21.3027039Z   Executed FullSystemV2#ConfigGov
2025-12-27T05:11:21.3027304Z   Executed FullSystemV2#MockPyth
2025-12-27T05:11:21.3027579Z   Executing FullSystemV2#MockRedstone...
2025-12-27T05:11:21.3027862Z   Executing FullSystemV2#PairBRSBTD...
2025-12-27T05:11:21.3028146Z   Executing FullSystemV2#PairBTBBTD...
2025-12-27T05:11:21.3028418Z   Executing FullSystemV2#PairBTDUSDC...
2025-12-27T05:11:21.3028710Z   Executing FullSystemV2#PairWBTCUSDC...
2025-12-27T05:11:21.3029008Z   Executing FullSystemV2#TWAPOracle...
2025-12-27T05:11:21.3029276Z   Executing FullSystemV2#USDC...
2025-12-27T05:11:21.3029751Z   Executing FullSystemV2#USDT...
2025-12-27T05:11:21.3030001Z   Executing FullSystemV2#WBTC...
2025-12-27T05:11:21.3030261Z   Executing FullSystemV2#WETH...
2025-12-27T05:11:21.3030405Z 
2025-12-27T05:11:21.3308890Z [19A[0JBatch #1
2025-12-27T05:11:21.3309453Z   Executed FullSystemV2#BRS
2025-12-27T05:11:21.3309968Z   Executed FullSystemV2#BTB
2025-12-27T05:11:21.3310630Z   Executed FullSystemV2#BTD
2025-12-27T05:11:21.3311137Z   Executed FullSystemV2#ChainlinkBTCUSD
2025-12-27T05:11:21.3311708Z   Executed FullSystemV2#ChainlinkWBTCBTC
2025-12-27T05:11:21.3312429Z   Executed FullSystemV2#ConfigGov
2025-12-27T05:11:21.3313063Z   Executed FullSystemV2#MockPyth
2025-12-27T05:11:21.3313424Z   Executed FullSystemV2#MockRedstone
2025-12-27T05:11:21.3314018Z   Executing FullSystemV2#PairBRSBTD...
2025-12-27T05:11:21.3314597Z   Executing FullSystemV2#PairBTBBTD...
2025-12-27T05:11:21.3315109Z   Executing FullSystemV2#PairBTDUSDC...
2025-12-27T05:11:21.3315705Z   Executing FullSystemV2#PairWBTCUSDC...
2025-12-27T05:11:21.3327328Z   Executing FullSystemV2#TWAPOracle...
2025-12-27T05:11:21.3327788Z   Executing FullSystemV2#USDC...
2025-12-27T05:11:21.3328173Z   Executing FullSystemV2#USDT...
2025-12-27T05:11:21.3328585Z   Executing FullSystemV2#WBTC...
2025-12-27T05:11:21.3328865Z   Executing FullSystemV2#WETH...
2025-12-27T05:11:21.3329019Z 
2025-12-27T05:11:21.3337910Z [19A[0JBatch #1
2025-12-27T05:11:21.3338254Z   Executed FullSystemV2#BRS
2025-12-27T05:11:21.3338621Z   Executed FullSystemV2#BTB
2025-12-27T05:11:21.3338862Z   Executed FullSystemV2#BTD
2025-12-27T05:11:21.3339136Z   Executed FullSystemV2#ChainlinkBTCUSD
2025-12-27T05:11:21.3339432Z   Executed FullSystemV2#ChainlinkWBTCBTC
2025-12-27T05:11:21.3339710Z   Executed FullSystemV2#ConfigGov
2025-12-27T05:11:21.3339965Z   Executed FullSystemV2#MockPyth
2025-12-27T05:11:21.3340230Z   Executed FullSystemV2#MockRedstone
2025-12-27T05:11:21.3340510Z   Executing FullSystemV2#PairBRSBTD...
2025-12-27T05:11:21.3340800Z   Executing FullSystemV2#PairBTBBTD...
2025-12-27T05:11:21.3341299Z   Executing FullSystemV2#PairBTDUSDC...
2025-12-27T05:11:21.3341593Z   Executing FullSystemV2#PairWBTCUSDC...
2025-12-27T05:11:21.3341873Z   Executing FullSystemV2#TWAPOracle...
2025-12-27T05:11:21.3342130Z   Executing FullSystemV2#USDC...
2025-12-27T05:11:21.3342368Z   Executing FullSystemV2#USDT...
2025-12-27T05:11:21.3342605Z   Executing FullSystemV2#WBTC...
2025-12-27T05:11:21.3342841Z   Executing FullSystemV2#WETH...
2025-12-27T05:11:21.3342982Z 
2025-12-27T05:11:21.3706042Z [19A[0JBatch #1
2025-12-27T05:11:21.3706871Z   Executed FullSystemV2#BRS
2025-12-27T05:11:21.3707320Z   Executed FullSystemV2#BTB
2025-12-27T05:11:21.3707729Z   Executed FullSystemV2#BTD
2025-12-27T05:11:21.3708193Z   Executed FullSystemV2#ChainlinkBTCUSD
2025-12-27T05:11:21.3708994Z   Executed FullSystemV2#ChainlinkWBTCBTC
2025-12-27T05:11:21.3709493Z   Executed FullSystemV2#ConfigGov
2025-12-27T05:11:21.3709957Z   Executed FullSystemV2#MockPyth
2025-12-27T05:11:21.3710418Z   Executed FullSystemV2#MockRedstone
2025-12-27T05:11:21.3711109Z   Executed FullSystemV2#PairBRSBTD
2025-12-27T05:11:21.3711626Z   Executing FullSystemV2#PairBTBBTD...
2025-12-27T05:11:21.3712125Z   Executing FullSystemV2#PairBTDUSDC...
2025-12-27T05:11:21.3712622Z   Executing FullSystemV2#PairWBTCUSDC...
2025-12-27T05:11:21.3713122Z   Executing FullSystemV2#TWAPOracle...
2025-12-27T05:11:21.3713587Z   Executing FullSystemV2#USDC...
2025-12-27T05:11:21.3714013Z   Executing FullSystemV2#USDT...
2025-12-27T05:11:21.3714445Z   Executing FullSystemV2#WBTC...
2025-12-27T05:11:21.3714882Z   Executing FullSystemV2#WETH...
2025-12-27T05:11:21.3715134Z 
2025-12-27T05:11:21.3737802Z [19A[0JBatch #1
2025-12-27T05:11:21.3738159Z   Executed FullSystemV2#BRS
2025-12-27T05:11:21.3738563Z   Executed FullSystemV2#BTB
2025-12-27T05:11:21.3738935Z   Executed FullSystemV2#BTD
2025-12-27T05:11:21.3739378Z   Executed FullSystemV2#ChainlinkBTCUSD
2025-12-27T05:11:21.3739881Z   Executed FullSystemV2#ChainlinkWBTCBTC
2025-12-27T05:11:21.3740352Z   Executed FullSystemV2#ConfigGov
2025-12-27T05:11:21.3740781Z   Executed FullSystemV2#MockPyth
2025-12-27T05:11:21.3741400Z   Executed FullSystemV2#MockRedstone
2025-12-27T05:11:21.3741864Z   Executed FullSystemV2#PairBRSBTD
2025-12-27T05:11:21.3742315Z   Executing FullSystemV2#PairBTBBTD...
2025-12-27T05:11:21.3742796Z   Executing FullSystemV2#PairBTDUSDC...
2025-12-27T05:11:21.3743296Z   Executing FullSystemV2#PairWBTCUSDC...
2025-12-27T05:11:21.3743774Z   Executing FullSystemV2#TWAPOracle...
2025-12-27T05:11:21.3744236Z   Executing FullSystemV2#USDC...
2025-12-27T05:11:21.3744673Z   Executing FullSystemV2#USDT...
2025-12-27T05:11:21.3745083Z   Executing FullSystemV2#WBTC...
2025-12-27T05:11:21.3745487Z   Executing FullSystemV2#WETH...
2025-12-27T05:11:21.3745734Z 
2025-12-27T05:11:21.4082025Z [19A[0JBatch #1
2025-12-27T05:11:21.4082423Z   Executed FullSystemV2#BRS
2025-12-27T05:11:21.4082767Z   Executed FullSystemV2#BTB
2025-12-27T05:11:21.4083074Z   Executed FullSystemV2#BTD
2025-12-27T05:11:21.4083481Z   Executed FullSystemV2#ChainlinkBTCUSD
2025-12-27T05:11:21.4083967Z   Executed FullSystemV2#ChainlinkWBTCBTC
2025-12-27T05:11:21.4084393Z   Executed FullSystemV2#ConfigGov
2025-12-27T05:11:21.4084727Z   Executed FullSystemV2#MockPyth
2025-12-27T05:11:21.4085088Z   Executed FullSystemV2#MockRedstone
2025-12-27T05:11:21.4085556Z   Executed FullSystemV2#PairBRSBTD
2025-12-27T05:11:21.4085988Z   Executed FullSystemV2#PairBTBBTD
2025-12-27T05:11:21.4086457Z   Executing FullSystemV2#PairBTDUSDC...
2025-12-27T05:11:21.4086962Z   Executing FullSystemV2#PairWBTCUSDC...
2025-12-27T05:11:21.4087391Z   Executing FullSystemV2#TWAPOracle...
2025-12-27T05:11:21.4087660Z   Executing FullSystemV2#USDC...
2025-12-27T05:11:21.4087903Z   Executing FullSystemV2#USDT...
2025-12-27T05:11:21.4088447Z   Executing FullSystemV2#WBTC...
2025-12-27T05:11:21.4088691Z   Executing FullSystemV2#WETH...
2025-12-27T05:11:21.4088837Z 
2025-12-27T05:11:21.4110450Z [19A[0JBatch #1
2025-12-27T05:11:21.4110729Z   Executed FullSystemV2#BRS
2025-12-27T05:11:21.4111250Z   Executed FullSystemV2#BTB
2025-12-27T05:11:21.4111642Z   Executed FullSystemV2#BTD
2025-12-27T05:11:21.4111910Z   Executed FullSystemV2#ChainlinkBTCUSD
2025-12-27T05:11:21.4112213Z   Executed FullSystemV2#ChainlinkWBTCBTC
2025-12-27T05:11:21.4112493Z   Executed FullSystemV2#ConfigGov
2025-12-27T05:11:21.4112751Z   Executed FullSystemV2#MockPyth
2025-12-27T05:11:21.4113014Z   Executed FullSystemV2#MockRedstone
2025-12-27T05:11:21.4113282Z   Executed FullSystemV2#PairBRSBTD
2025-12-27T05:11:21.4113539Z   Executed FullSystemV2#PairBTBBTD
2025-12-27T05:11:21.4114025Z   Executing FullSystemV2#PairBTDUSDC...
2025-12-27T05:11:21.4114317Z   Executing FullSystemV2#PairWBTCUSDC...
2025-12-27T05:11:21.4114596Z   Executing FullSystemV2#TWAPOracle...
2025-12-27T05:11:21.4114995Z   Executing FullSystemV2#USDC...
2025-12-27T05:11:21.4115233Z   Executing FullSystemV2#USDT...
2025-12-27T05:11:21.4115470Z   Executing FullSystemV2#WBTC...
2025-12-27T05:11:21.4115701Z   Executing FullSystemV2#WETH...
2025-12-27T05:11:21.4407722Z 
2025-12-27T05:11:21.4408102Z [19A[0JBatch #1
2025-12-27T05:11:21.4408500Z   Executed FullSystemV2#BRS
2025-12-27T05:11:21.4408824Z   Executed FullSystemV2#BTB
2025-12-27T05:11:21.4409190Z   Executed FullSystemV2#BTD
2025-12-27T05:11:21.4409588Z   Executed FullSystemV2#ChainlinkBTCUSD
2025-12-27T05:11:21.4409898Z   Executed FullSystemV2#ChainlinkWBTCBTC
2025-12-27T05:11:21.4410189Z   Executed FullSystemV2#ConfigGov
2025-12-27T05:11:21.4410603Z   Executed FullSystemV2#MockPyth
2025-12-27T05:11:21.4410861Z   Executed FullSystemV2#MockRedstone
2025-12-27T05:11:21.4411469Z   Executed FullSystemV2#PairBRSBTD
2025-12-27T05:11:21.4411945Z   Executed FullSystemV2#PairBTBBTD
2025-12-27T05:11:21.4412353Z   Executed FullSystemV2#PairBTDUSDC
2025-12-27T05:11:21.4412646Z   Executing FullSystemV2#PairWBTCUSDC...
2025-12-27T05:11:21.4412966Z   Executing FullSystemV2#TWAPOracle...
2025-12-27T05:11:21.4413474Z   Executing FullSystemV2#USDC...
2025-12-27T05:11:21.4413772Z   Executing FullSystemV2#USDT...
2025-12-27T05:11:21.4414021Z   Executing FullSystemV2#WBTC...
2025-12-27T05:11:21.4414576Z   Executing FullSystemV2#WETH...
2025-12-27T05:11:21.4414752Z 
2025-12-27T05:11:21.4435124Z [19A[0JBatch #1
2025-12-27T05:11:21.4435486Z   Executed FullSystemV2#BRS
2025-12-27T05:11:21.4435834Z   Executed FullSystemV2#BTB
2025-12-27T05:11:21.4436115Z   Executed FullSystemV2#BTD
2025-12-27T05:11:21.4436478Z   Executed FullSystemV2#ChainlinkBTCUSD
2025-12-27T05:11:21.4436775Z   Executed FullSystemV2#ChainlinkWBTCBTC
2025-12-27T05:11:21.4437047Z   Executed FullSystemV2#ConfigGov
2025-12-27T05:11:21.4437318Z   Executed FullSystemV2#MockPyth
2025-12-27T05:11:21.4437583Z   Executed FullSystemV2#MockRedstone
2025-12-27T05:11:21.4437846Z   Executed FullSystemV2#PairBRSBTD
2025-12-27T05:11:21.4438102Z   Executed FullSystemV2#PairBTBBTD
2025-12-27T05:11:21.4438355Z   Executed FullSystemV2#PairBTDUSDC
2025-12-27T05:11:21.4438636Z   Executing FullSystemV2#PairWBTCUSDC...
2025-12-27T05:11:21.4438913Z   Executing FullSystemV2#TWAPOracle...
2025-12-27T05:11:21.4439167Z   Executing FullSystemV2#USDC...
2025-12-27T05:11:21.4439408Z   Executing FullSystemV2#USDT...
2025-12-27T05:11:21.4439638Z   Executing FullSystemV2#WBTC...
2025-12-27T05:11:21.4439872Z   Executing FullSystemV2#WETH...
2025-12-27T05:11:21.4440011Z 
2025-12-27T05:11:21.4752914Z [19A[0JBatch #1
2025-12-27T05:11:21.4753220Z   Executed FullSystemV2#BRS
2025-12-27T05:11:21.4753554Z   Executed FullSystemV2#BTB
2025-12-27T05:11:21.4753950Z   Executed FullSystemV2#BTD
2025-12-27T05:11:21.4754309Z   Executed FullSystemV2#ChainlinkBTCUSD
2025-12-27T05:11:21.4754785Z   Executed FullSystemV2#ChainlinkWBTCBTC
2025-12-27T05:11:21.4755281Z   Executed FullSystemV2#ConfigGov
2025-12-27T05:11:21.4755558Z   Executed FullSystemV2#MockPyth
2025-12-27T05:11:21.4755985Z   Executed FullSystemV2#MockRedstone
2025-12-27T05:11:21.4756420Z   Executed FullSystemV2#PairBRSBTD
2025-12-27T05:11:21.4756840Z   Executed FullSystemV2#PairBTBBTD
2025-12-27T05:11:21.4757303Z   Executed FullSystemV2#PairBTDUSDC
2025-12-27T05:11:21.4757785Z   Executed FullSystemV2#PairWBTCUSDC
2025-12-27T05:11:21.4758180Z   Executing FullSystemV2#TWAPOracle...
2025-12-27T05:11:21.4758465Z   Executing FullSystemV2#USDC...
2025-12-27T05:11:21.4759033Z   Executing FullSystemV2#USDT...
2025-12-27T05:11:21.4759416Z   Executing FullSystemV2#WBTC...
2025-12-27T05:11:21.4759822Z   Executing FullSystemV2#WETH...
2025-12-27T05:11:21.4760083Z 
2025-12-27T05:11:21.4781661Z [19A[0JBatch #1
2025-12-27T05:11:21.4782039Z   Executed FullSystemV2#BRS
2025-12-27T05:11:21.4782398Z   Executed FullSystemV2#BTB
2025-12-27T05:11:21.4783042Z   Executed FullSystemV2#BTD
2025-12-27T05:11:21.4783385Z   Executed FullSystemV2#ChainlinkBTCUSD
2025-12-27T05:11:21.4783691Z   Executed FullSystemV2#ChainlinkWBTCBTC
2025-12-27T05:11:21.4784146Z   Executed FullSystemV2#ConfigGov
2025-12-27T05:11:21.4784407Z   Executed FullSystemV2#MockPyth
2025-12-27T05:11:21.4784660Z   Executed FullSystemV2#MockRedstone
2025-12-27T05:11:21.4784922Z   Executed FullSystemV2#PairBRSBTD
2025-12-27T05:11:21.4785190Z   Executed FullSystemV2#PairBTBBTD
2025-12-27T05:11:21.4785445Z   Executed FullSystemV2#PairBTDUSDC
2025-12-27T05:11:21.4785711Z   Executed FullSystemV2#PairWBTCUSDC
2025-12-27T05:11:21.4785977Z   Executing FullSystemV2#TWAPOracle...
2025-12-27T05:11:21.4786245Z   Executing FullSystemV2#USDC...
2025-12-27T05:11:21.4786486Z   Executing FullSystemV2#USDT...
2025-12-27T05:11:21.4786716Z   Executing FullSystemV2#WBTC...
2025-12-27T05:11:21.4786950Z   Executing FullSystemV2#WETH...
2025-12-27T05:11:21.4787090Z 
2025-12-27T05:11:21.5050476Z [19A[0JBatch #1
2025-12-27T05:11:21.5050734Z   Executed FullSystemV2#BRS
2025-12-27T05:11:21.5051224Z   Executed FullSystemV2#BTB
2025-12-27T05:11:21.5051455Z   Executed FullSystemV2#BTD
2025-12-27T05:11:21.5051831Z   Executed FullSystemV2#ChainlinkBTCUSD
2025-12-27T05:11:21.5052272Z   Executed FullSystemV2#ChainlinkWBTCBTC
2025-12-27T05:11:21.5052653Z   Executed FullSystemV2#ConfigGov
2025-12-27T05:11:21.5053019Z   Executed FullSystemV2#MockPyth
2025-12-27T05:11:21.5053440Z   Executed FullSystemV2#MockRedstone
2025-12-27T05:11:21.5053796Z   Executed FullSystemV2#PairBRSBTD
2025-12-27T05:11:21.5054127Z   Executed FullSystemV2#PairBTBBTD
2025-12-27T05:11:21.5054450Z   Executed FullSystemV2#PairBTDUSDC
2025-12-27T05:11:21.5054922Z   Executed FullSystemV2#PairWBTCUSDC
2025-12-27T05:11:21.5055317Z   Executed FullSystemV2#TWAPOracle
2025-12-27T05:11:21.5055811Z   Executing FullSystemV2#USDC...
2025-12-27T05:11:21.5056283Z   Executing FullSystemV2#USDT...
2025-12-27T05:11:21.5056648Z   Executing FullSystemV2#WBTC...
2025-12-27T05:11:21.5056890Z   Executing FullSystemV2#WETH...
2025-12-27T05:11:21.5057032Z 
2025-12-27T05:11:21.5090500Z [19A[0JBatch #1
2025-12-27T05:11:21.5090878Z   Executed FullSystemV2#BRS
2025-12-27T05:11:21.5091425Z   Executed FullSystemV2#BTB
2025-12-27T05:11:21.5091786Z   Executed FullSystemV2#BTD
2025-12-27T05:11:21.5092189Z   Executed FullSystemV2#ChainlinkBTCUSD
2025-12-27T05:11:21.5092488Z   Executed FullSystemV2#ChainlinkWBTCBTC
2025-12-27T05:11:21.5092758Z   Executed FullSystemV2#ConfigGov
2025-12-27T05:11:21.5093006Z   Executed FullSystemV2#MockPyth
2025-12-27T05:11:21.5093259Z   Executed FullSystemV2#MockRedstone
2025-12-27T05:11:21.5093534Z   Executed FullSystemV2#PairBRSBTD
2025-12-27T05:11:21.5093784Z   Executed FullSystemV2#PairBTBBTD
2025-12-27T05:11:21.5094036Z   Executed FullSystemV2#PairBTDUSDC
2025-12-27T05:11:21.5094299Z   Executed FullSystemV2#PairWBTCUSDC
2025-12-27T05:11:21.5094557Z   Executed FullSystemV2#TWAPOracle
2025-12-27T05:11:21.5094811Z   Executing FullSystemV2#USDC...
2025-12-27T05:11:21.5095056Z   Executing FullSystemV2#USDT...
2025-12-27T05:11:21.5095294Z   Executing FullSystemV2#WBTC...
2025-12-27T05:11:21.5095529Z   Executing FullSystemV2#WETH...
2025-12-27T05:11:21.5095673Z 
2025-12-27T05:11:21.5380487Z [19A[0JBatch #1
2025-12-27T05:11:21.5381162Z   Executed FullSystemV2#BRS
2025-12-27T05:11:21.5381922Z   Executed FullSystemV2#BTB
2025-12-27T05:11:21.5382363Z   Executed FullSystemV2#BTD
2025-12-27T05:11:21.5382838Z   Executed FullSystemV2#ChainlinkBTCUSD
2025-12-27T05:11:21.5383275Z   Executed FullSystemV2#ChainlinkWBTCBTC
2025-12-27T05:11:21.5383650Z   Executed FullSystemV2#ConfigGov
2025-12-27T05:11:21.5383925Z   Executed FullSystemV2#MockPyth
2025-12-27T05:11:21.5384350Z   Executed FullSystemV2#MockRedstone
2025-12-27T05:11:21.5384695Z   Executed FullSystemV2#PairBRSBTD
2025-12-27T05:11:21.5385175Z   Executed FullSystemV2#PairBTBBTD
2025-12-27T05:11:21.5385526Z   Executed FullSystemV2#PairBTDUSDC
2025-12-27T05:11:21.5386191Z   Executed FullSystemV2#PairWBTCUSDC
2025-12-27T05:11:21.5386723Z   Executed FullSystemV2#TWAPOracle
2025-12-27T05:11:21.5387021Z   Executed FullSystemV2#USDC
2025-12-27T05:11:21.5387268Z   Executing FullSystemV2#USDT...
2025-12-27T05:11:21.5388125Z   Executing FullSystemV2#WBTC...
2025-12-27T05:11:21.5388551Z   Executing FullSystemV2#WETH...
2025-12-27T05:11:21.5388730Z 
2025-12-27T05:11:21.5431699Z [19A[0JBatch #1
2025-12-27T05:11:21.5432011Z   Executed FullSystemV2#BRS
2025-12-27T05:11:21.5432341Z   Executed FullSystemV2#BTB
2025-12-27T05:11:21.5432735Z   Executed FullSystemV2#BTD
2025-12-27T05:11:21.5433136Z   Executed FullSystemV2#ChainlinkBTCUSD
2025-12-27T05:11:21.5433444Z   Executed FullSystemV2#ChainlinkWBTCBTC
2025-12-27T05:11:21.5433728Z   Executed FullSystemV2#ConfigGov
2025-12-27T05:11:21.5433989Z   Executed FullSystemV2#MockPyth
2025-12-27T05:11:21.5434240Z   Executed FullSystemV2#MockRedstone
2025-12-27T05:11:21.5434507Z   Executed FullSystemV2#PairBRSBTD
2025-12-27T05:11:21.5434768Z   Executed FullSystemV2#PairBTBBTD
2025-12-27T05:11:21.5435038Z   Executed FullSystemV2#PairBTDUSDC
2025-12-27T05:11:21.5435299Z   Executed FullSystemV2#PairWBTCUSDC
2025-12-27T05:11:21.5435558Z   Executed FullSystemV2#TWAPOracle
2025-12-27T05:11:21.5435792Z   Executed FullSystemV2#USDC
2025-12-27T05:11:21.5436033Z   Executing FullSystemV2#USDT...
2025-12-27T05:11:21.5436273Z   Executing FullSystemV2#WBTC...
2025-12-27T05:11:21.5436510Z   Executing FullSystemV2#WETH...
2025-12-27T05:11:21.5436655Z 
2025-12-27T05:11:21.5739034Z [19A[0JBatch #1
2025-12-27T05:11:21.5739442Z   Executed FullSystemV2#BRS
2025-12-27T05:11:21.5739848Z   Executed FullSystemV2#BTB
2025-12-27T05:11:21.5740201Z   Executed FullSystemV2#BTD
2025-12-27T05:11:21.5740637Z   Executed FullSystemV2#ChainlinkBTCUSD
2025-12-27T05:11:21.5741254Z   Executed FullSystemV2#ChainlinkWBTCBTC
2025-12-27T05:11:21.5741566Z   Executed FullSystemV2#ConfigGov
2025-12-27T05:11:21.5741970Z   Executed FullSystemV2#MockPyth
2025-12-27T05:11:21.5742277Z   Executed FullSystemV2#MockRedstone
2025-12-27T05:11:21.5742790Z   Executed FullSystemV2#PairBRSBTD
2025-12-27T05:11:21.5743144Z   Executed FullSystemV2#PairBTBBTD
2025-12-27T05:11:21.5743528Z   Executed FullSystemV2#PairBTDUSDC
2025-12-27T05:11:21.5743940Z   Executed FullSystemV2#PairWBTCUSDC
2025-12-27T05:11:21.5744435Z   Executed FullSystemV2#TWAPOracle
2025-12-27T05:11:21.5744718Z   Executed FullSystemV2#USDC
2025-12-27T05:11:21.5744943Z   Executed FullSystemV2#USDT
2025-12-27T05:11:21.5745423Z   Executing FullSystemV2#WBTC...
2025-12-27T05:11:21.5746176Z   Executing FullSystemV2#WETH...
2025-12-27T05:11:21.5746482Z 
2025-12-27T05:11:21.5780496Z [19A[0JBatch #1
2025-12-27T05:11:21.5780810Z   Executed FullSystemV2#BRS
2025-12-27T05:11:21.5781360Z   Executed FullSystemV2#BTB
2025-12-27T05:11:21.5781587Z   Executed FullSystemV2#BTD
2025-12-27T05:11:21.5781996Z   Executed FullSystemV2#ChainlinkBTCUSD
2025-12-27T05:11:21.5782393Z   Executed FullSystemV2#ChainlinkWBTCBTC
2025-12-27T05:11:21.5782677Z   Executed FullSystemV2#ConfigGov
2025-12-27T05:11:21.5782942Z   Executed FullSystemV2#MockPyth
2025-12-27T05:11:21.5783196Z   Executed FullSystemV2#MockRedstone
2025-12-27T05:11:21.5783463Z   Executed FullSystemV2#PairBRSBTD
2025-12-27T05:11:21.5783723Z   Executed FullSystemV2#PairBTBBTD
2025-12-27T05:11:21.5783995Z   Executed FullSystemV2#PairBTDUSDC
2025-12-27T05:11:21.5784262Z   Executed FullSystemV2#PairWBTCUSDC
2025-12-27T05:11:21.5784523Z   Executed FullSystemV2#TWAPOracle
2025-12-27T05:11:21.5784761Z   Executed FullSystemV2#USDC
2025-12-27T05:11:21.5784981Z   Executed FullSystemV2#USDT
2025-12-27T05:11:21.5785223Z   Executing FullSystemV2#WBTC...
2025-12-27T05:11:21.5785467Z   Executing FullSystemV2#WETH...
2025-12-27T05:11:21.5785611Z 
2025-12-27T05:11:21.6098202Z [19A[0JBatch #1
2025-12-27T05:11:21.6098548Z   Executed FullSystemV2#BRS
2025-12-27T05:11:21.6098949Z   Executed FullSystemV2#BTB
2025-12-27T05:11:21.6099275Z   Executed FullSystemV2#BTD
2025-12-27T05:11:21.6099717Z   Executed FullSystemV2#ChainlinkBTCUSD
2025-12-27T05:11:21.6100637Z   Executed FullSystemV2#ChainlinkWBTCBTC
2025-12-27T05:11:21.6101321Z   Executed FullSystemV2#ConfigGov
2025-12-27T05:11:21.6101729Z   Executed FullSystemV2#MockPyth
2025-12-27T05:11:21.6102406Z   Executed FullSystemV2#MockRedstone
2025-12-27T05:11:21.6102836Z   Executed FullSystemV2#PairBRSBTD
2025-12-27T05:11:21.6103275Z   Executed FullSystemV2#PairBTBBTD
2025-12-27T05:11:21.6103707Z   Executed FullSystemV2#PairBTDUSDC
2025-12-27T05:11:21.6104342Z   Executed FullSystemV2#PairWBTCUSDC
2025-12-27T05:11:21.6104799Z   Executed FullSystemV2#TWAPOracle
2025-12-27T05:11:21.6105172Z   Executed FullSystemV2#USDC
2025-12-27T05:11:21.6105521Z   Executed FullSystemV2#USDT
2025-12-27T05:11:21.6105900Z   Executed FullSystemV2#WBTC
2025-12-27T05:11:21.6106149Z   Executing FullSystemV2#WETH...
2025-12-27T05:11:21.6106310Z 
2025-12-27T05:11:21.6124537Z [19A[0JBatch #1
2025-12-27T05:11:21.6124886Z   Executed FullSystemV2#BRS
2025-12-27T05:11:21.6125256Z   Executed FullSystemV2#BTB
2025-12-27T05:11:21.6125620Z   Executed FullSystemV2#BTD
2025-12-27T05:11:21.6126164Z   Executed FullSystemV2#ChainlinkBTCUSD
2025-12-27T05:11:21.6126498Z   Executed FullSystemV2#ChainlinkWBTCBTC
2025-12-27T05:11:21.6126773Z   Executed FullSystemV2#ConfigGov
2025-12-27T05:11:21.6127042Z   Executed FullSystemV2#MockPyth
2025-12-27T05:11:21.6127297Z   Executed FullSystemV2#MockRedstone
2025-12-27T05:11:21.6127559Z   Executed FullSystemV2#PairBRSBTD
2025-12-27T05:11:21.6127824Z   Executed FullSystemV2#PairBTBBTD
2025-12-27T05:11:21.6128087Z   Executed FullSystemV2#PairBTDUSDC
2025-12-27T05:11:21.6128352Z   Executed FullSystemV2#PairWBTCUSDC
2025-12-27T05:11:21.6128609Z   Executed FullSystemV2#TWAPOracle
2025-12-27T05:11:21.6128845Z   Executed FullSystemV2#USDC
2025-12-27T05:11:21.6129060Z   Executed FullSystemV2#USDT
2025-12-27T05:11:21.6129269Z   Executed FullSystemV2#WBTC
2025-12-27T05:11:21.6129498Z   Executing FullSystemV2#WETH...
2025-12-27T05:11:21.6129645Z 
2025-12-27T05:11:21.6444630Z [19A[0JBatch #1
2025-12-27T05:11:21.6445050Z   Executed FullSystemV2#BRS
2025-12-27T05:11:21.6445435Z   Executed FullSystemV2#BTB
2025-12-27T05:11:21.6445810Z   Executed FullSystemV2#BTD
2025-12-27T05:11:21.6446078Z   Executed FullSystemV2#ChainlinkBTCUSD
2025-12-27T05:11:21.6446391Z   Executed FullSystemV2#ChainlinkWBTCBTC
2025-12-27T05:11:21.6446685Z   Executed FullSystemV2#ConfigGov
2025-12-27T05:11:21.6446951Z   Executed FullSystemV2#MockPyth
2025-12-27T05:11:21.6447264Z   Executed FullSystemV2#MockRedstone
2025-12-27T05:11:21.6447637Z   Executed FullSystemV2#PairBRSBTD
2025-12-27T05:11:21.6448069Z   Executed FullSystemV2#PairBTBBTD
2025-12-27T05:11:21.6448522Z   Executed FullSystemV2#PairBTDUSDC
2025-12-27T05:11:21.6448797Z   Executed FullSystemV2#PairWBTCUSDC
2025-12-27T05:11:21.6449054Z   Executed FullSystemV2#TWAPOracle
2025-12-27T05:11:21.6449300Z   Executed FullSystemV2#USDC
2025-12-27T05:11:21.6449522Z   Executed FullSystemV2#USDT
2025-12-27T05:11:21.6449734Z   Executed FullSystemV2#WBTC
2025-12-27T05:11:21.6449940Z   Executed FullSystemV2#WETH
2025-12-27T05:11:21.6450088Z 
2025-12-27T05:11:21.6453380Z [19A[0JBatch #1
2025-12-27T05:11:21.6453725Z   Executed FullSystemV2#BRS
2025-12-27T05:11:21.6454101Z   Executed FullSystemV2#BTB
2025-12-27T05:11:21.6454467Z   Executed FullSystemV2#BTD
2025-12-27T05:11:21.6454743Z   Executed FullSystemV2#ChainlinkBTCUSD
2025-12-27T05:11:21.6455043Z   Executed FullSystemV2#ChainlinkWBTCBTC
2025-12-27T05:11:21.6455319Z   Executed FullSystemV2#ConfigGov
2025-12-27T05:11:21.6455572Z   Executed FullSystemV2#MockPyth
2025-12-27T05:11:21.6455823Z   Executed FullSystemV2#MockRedstone
2025-12-27T05:11:21.6456092Z   Executed FullSystemV2#PairBRSBTD
2025-12-27T05:11:21.6456377Z   Executed FullSystemV2#PairBTBBTD
2025-12-27T05:11:21.6456646Z   Executed FullSystemV2#PairBTDUSDC
2025-12-27T05:11:21.6456921Z   Executed FullSystemV2#PairWBTCUSDC
2025-12-27T05:11:21.6457181Z   Executed FullSystemV2#TWAPOracle
2025-12-27T05:11:21.6457413Z   Executed FullSystemV2#USDC
2025-12-27T05:11:21.6457631Z   Executed FullSystemV2#USDT
2025-12-27T05:11:21.6458048Z   Executed FullSystemV2#WBTC
2025-12-27T05:11:21.6458273Z   Executed FullSystemV2#WETH
2025-12-27T05:11:21.6458412Z 
2025-12-27T05:11:21.6458482Z Batch #2
2025-12-27T05:11:21.6458833Z   Executing FullSystemV2#ConfigCore...
2025-12-27T05:11:21.6459141Z   Executing FullSystemV2#ConfigGovSetParams...
2025-12-27T05:11:21.6459444Z   Executing FullSystemV2#InitPairBRSBTD...
2025-12-27T05:11:21.6459731Z   Executing FullSystemV2#InitPairBTBBTD...
2025-12-27T05:11:21.6460014Z   Executing FullSystemV2#InitPairBTDUSDC...
2025-12-27T05:11:21.6460307Z   Executing FullSystemV2#InitPairWBTCUSDC...
2025-12-27T05:11:21.6460583Z   Executing FullSystemV2#SetPceFeed...
2025-12-27T05:11:21.6460849Z   Executing FullSystemV2#stBTB...
2025-12-27T05:11:21.6461372Z   Executing FullSystemV2#stBTD...
2025-12-27T05:11:21.6461517Z 
2025-12-27T05:11:21.6503769Z [11A[0JBatch #2
2025-12-27T05:11:21.6504264Z   Executing FullSystemV2#ConfigCore...
2025-12-27T05:11:21.6504867Z   Executing FullSystemV2#ConfigGovSetParams...
2025-12-27T05:11:21.6505489Z   Executing FullSystemV2#InitPairBRSBTD...
2025-12-27T05:11:21.6506029Z   Executing FullSystemV2#InitPairBTBBTD...
2025-12-27T05:11:21.6506556Z   Executing FullSystemV2#InitPairBTDUSDC...
2025-12-27T05:11:21.6507107Z   Executing FullSystemV2#InitPairWBTCUSDC...
2025-12-27T05:11:21.6507618Z   Executing FullSystemV2#SetPceFeed...
2025-12-27T05:11:21.6508107Z   Executing FullSystemV2#stBTB...
2025-12-27T05:11:21.6508567Z   Executing FullSystemV2#stBTD...
2025-12-27T05:11:21.6508837Z 
2025-12-27T05:11:21.6842256Z [11A[0JBatch #2
2025-12-27T05:11:21.6842720Z   Executed FullSystemV2#ConfigCore
2025-12-27T05:11:21.6843307Z   Executing FullSystemV2#ConfigGovSetParams...
2025-12-27T05:11:21.6843911Z   Executing FullSystemV2#InitPairBRSBTD...
2025-12-27T05:11:21.6844490Z   Executing FullSystemV2#InitPairBTBBTD...
2025-12-27T05:11:21.6845050Z   Executing FullSystemV2#InitPairBTDUSDC...
2025-12-27T05:11:21.6845627Z   Executing FullSystemV2#InitPairWBTCUSDC...
2025-12-27T05:11:21.6845998Z   Executing FullSystemV2#SetPceFeed...
2025-12-27T05:11:21.6846454Z   Executing FullSystemV2#stBTB...
2025-12-27T05:11:21.6846895Z   Executing FullSystemV2#stBTD...
2025-12-27T05:11:21.6847180Z 
2025-12-27T05:11:21.6856131Z [11A[0JBatch #2
2025-12-27T05:11:21.6856583Z   Executed FullSystemV2#ConfigCore
2025-12-27T05:11:21.6857129Z   Executing FullSystemV2#ConfigGovSetParams...
2025-12-27T05:11:21.6857720Z   Executing FullSystemV2#InitPairBRSBTD...
2025-12-27T05:11:21.6858297Z   Executing FullSystemV2#InitPairBTBBTD...
2025-12-27T05:11:21.6858875Z   Executing FullSystemV2#InitPairBTDUSDC...
2025-12-27T05:11:21.6859469Z   Executing FullSystemV2#InitPairWBTCUSDC...
2025-12-27T05:11:21.6859998Z   Executing FullSystemV2#SetPceFeed...
2025-12-27T05:11:21.6860491Z   Executing FullSystemV2#stBTB...
2025-12-27T05:11:21.6861153Z   Executing FullSystemV2#stBTD...
2025-12-27T05:11:21.6861461Z 
2025-12-27T05:11:21.7204582Z [11A[0JBatch #2
2025-12-27T05:11:21.7206011Z   Executed FullSystemV2#ConfigCore
2025-12-27T05:11:21.7206742Z   Executed FullSystemV2#ConfigGovSetParams
2025-12-27T05:11:21.7207240Z   Executing FullSystemV2#InitPairBRSBTD...
2025-12-27T05:11:21.7207824Z   Executing FullSystemV2#InitPairBTBBTD...
2025-12-27T05:11:21.7208218Z   Executing FullSystemV2#InitPairBTDUSDC...
2025-12-27T05:11:21.7208824Z   Executing FullSystemV2#InitPairWBTCUSDC...
2025-12-27T05:11:21.7209371Z   Executing FullSystemV2#SetPceFeed...
2025-12-27T05:11:21.7209888Z   Executing FullSystemV2#stBTB...
2025-12-27T05:11:21.7210367Z   Executing FullSystemV2#stBTD...
2025-12-27T05:11:21.7210660Z 
2025-12-27T05:11:21.7211342Z [11A[0JBatch #2
2025-12-27T05:11:21.7211766Z   Executed FullSystemV2#ConfigCore
2025-12-27T05:11:21.7212292Z   Executed FullSystemV2#ConfigGovSetParams
2025-12-27T05:11:21.7212847Z   Executing FullSystemV2#InitPairBRSBTD...
2025-12-27T05:11:21.7213379Z   Executing FullSystemV2#InitPairBTBBTD...
2025-12-27T05:11:21.7213906Z   Executing FullSystemV2#InitPairBTDUSDC...
2025-12-27T05:11:21.7214438Z   Executing FullSystemV2#InitPairWBTCUSDC...
2025-12-27T05:11:21.7215242Z   Executing FullSystemV2#SetPceFeed...
2025-12-27T05:11:21.7215742Z   Executing FullSystemV2#stBTB...
2025-12-27T05:11:21.7216194Z   Executing FullSystemV2#stBTD...
2025-12-27T05:11:21.7216656Z 
2025-12-27T05:11:21.7534457Z [11A[0JBatch #2
2025-12-27T05:11:21.7534820Z   Executed FullSystemV2#ConfigCore
2025-12-27T05:11:21.7535136Z   Executed FullSystemV2#ConfigGovSetParams
2025-12-27T05:11:21.7535443Z   Executed FullSystemV2#InitPairBRSBTD
2025-12-27T05:11:21.7535815Z   Executing FullSystemV2#InitPairBTBBTD...
2025-12-27T05:11:21.7536173Z   Executing FullSystemV2#InitPairBTDUSDC...
2025-12-27T05:11:21.7536473Z   Executing FullSystemV2#InitPairWBTCUSDC...
2025-12-27T05:11:21.7536835Z   Executing FullSystemV2#SetPceFeed...
2025-12-27T05:11:21.7537178Z   Executing FullSystemV2#stBTB...
2025-12-27T05:11:21.7537463Z   Executing FullSystemV2#stBTD...
2025-12-27T05:11:21.7537739Z 
2025-12-27T05:11:21.7538979Z [11A[0JBatch #2
2025-12-27T05:11:21.7539390Z   Executed FullSystemV2#ConfigCore
2025-12-27T05:11:21.7539844Z   Executed FullSystemV2#ConfigGovSetParams
2025-12-27T05:11:21.7540146Z   Executed FullSystemV2#InitPairBRSBTD
2025-12-27T05:11:21.7540630Z   Executing FullSystemV2#InitPairBTBBTD...
2025-12-27T05:11:21.7541173Z   Executing FullSystemV2#InitPairBTDUSDC...
2025-12-27T05:11:21.7541490Z   Executing FullSystemV2#InitPairWBTCUSDC...
2025-12-27T05:11:21.7541793Z   Executing FullSystemV2#SetPceFeed...
2025-12-27T05:11:21.7542065Z   Executing FullSystemV2#stBTB...
2025-12-27T05:11:21.7542309Z   Executing FullSystemV2#stBTD...
2025-12-27T05:11:21.7542459Z 
2025-12-27T05:11:21.7862807Z [11A[0JBatch #2
2025-12-27T05:11:21.7863245Z   Executed FullSystemV2#ConfigCore
2025-12-27T05:11:21.7863594Z   Executed FullSystemV2#ConfigGovSetParams
2025-12-27T05:11:21.7864019Z   Executed FullSystemV2#InitPairBRSBTD
2025-12-27T05:11:21.7864316Z   Executed FullSystemV2#InitPairBTBBTD
2025-12-27T05:11:21.7864616Z   Executing FullSystemV2#InitPairBTDUSDC...
2025-12-27T05:11:21.7865047Z   Executing FullSystemV2#InitPairWBTCUSDC...
2025-12-27T05:11:21.7865338Z   Executing FullSystemV2#SetPceFeed...
2025-12-27T05:11:21.7865792Z   Executing FullSystemV2#stBTB...
2025-12-27T05:11:21.7866073Z   Executing FullSystemV2#stBTD...
2025-12-27T05:11:21.7866345Z 
2025-12-27T05:11:21.7866806Z [11A[0JBatch #2
2025-12-27T05:11:21.7867178Z   Executed FullSystemV2#ConfigCore
2025-12-27T05:11:21.7867628Z   Executed FullSystemV2#ConfigGovSetParams
2025-12-27T05:11:21.7867919Z   Executed FullSystemV2#InitPairBRSBTD
2025-12-27T05:11:21.7868260Z   Executed FullSystemV2#InitPairBTBBTD
2025-12-27T05:11:21.7868668Z   Executing FullSystemV2#InitPairBTDUSDC...
2025-12-27T05:11:21.7868970Z   Executing FullSystemV2#InitPairWBTCUSDC...
2025-12-27T05:11:21.7869249Z   Executing FullSystemV2#SetPceFeed...
2025-12-27T05:11:21.7869514Z   Executing FullSystemV2#stBTB...
2025-12-27T05:11:21.7869763Z   Executing FullSystemV2#stBTD...
2025-12-27T05:11:21.7869909Z 
2025-12-27T05:11:21.8207395Z [11A[0JBatch #2
2025-12-27T05:11:21.8207902Z   Executed FullSystemV2#ConfigCore
2025-12-27T05:11:21.8208220Z   Executed FullSystemV2#ConfigGovSetParams
2025-12-27T05:11:21.8208613Z   Executed FullSystemV2#InitPairBRSBTD
2025-12-27T05:11:21.8208960Z   Executed FullSystemV2#InitPairBTBBTD
2025-12-27T05:11:21.8209240Z   Executed FullSystemV2#InitPairBTDUSDC
2025-12-27T05:11:21.8209533Z   Executing FullSystemV2#InitPairWBTCUSDC...
2025-12-27T05:11:21.8209889Z   Executing FullSystemV2#SetPceFeed...
2025-12-27T05:11:21.8210201Z   Executing FullSystemV2#stBTB...
2025-12-27T05:11:21.8210454Z   Executing FullSystemV2#stBTD...
2025-12-27T05:11:21.8210660Z 
2025-12-27T05:11:21.8212433Z [11A[0JBatch #2
2025-12-27T05:11:21.8212825Z   Executed FullSystemV2#ConfigCore
2025-12-27T05:11:21.8213295Z   Executed FullSystemV2#ConfigGovSetParams
2025-12-27T05:11:21.8213665Z   Executed FullSystemV2#InitPairBRSBTD
2025-12-27T05:11:21.8214088Z   Executed FullSystemV2#InitPairBTBBTD
2025-12-27T05:11:21.8214368Z   Executed FullSystemV2#InitPairBTDUSDC
2025-12-27T05:11:21.8214888Z   Executing FullSystemV2#InitPairWBTCUSDC...
2025-12-27T05:11:21.8215189Z   Executing FullSystemV2#SetPceFeed...
2025-12-27T05:11:21.8215455Z   Executing FullSystemV2#stBTB...
2025-12-27T05:11:21.8215894Z   Executing FullSystemV2#stBTD...
2025-12-27T05:11:21.8216046Z 
2025-12-27T05:11:21.8536119Z [11A[0JBatch #2
2025-12-27T05:11:21.8536648Z   Executed FullSystemV2#ConfigCore
2025-12-27T05:11:21.8537209Z   Executed FullSystemV2#ConfigGovSetParams
2025-12-27T05:11:21.8537737Z   Executed FullSystemV2#InitPairBRSBTD
2025-12-27T05:11:21.8538115Z   Executed FullSystemV2#InitPairBTBBTD
2025-12-27T05:11:21.8538587Z   Executed FullSystemV2#InitPairBTDUSDC
2025-12-27T05:11:21.8538949Z   Executed FullSystemV2#InitPairWBTCUSDC
2025-12-27T05:11:21.8539526Z   Executing FullSystemV2#SetPceFeed...
2025-12-27T05:11:21.8539979Z   Executing FullSystemV2#stBTB...
2025-12-27T05:11:21.8540534Z   Executing FullSystemV2#stBTD...
2025-12-27T05:11:21.8540797Z 
2025-12-27T05:11:21.8541181Z [11A[0JBatch #2
2025-12-27T05:11:21.8541554Z   Executed FullSystemV2#ConfigCore
2025-12-27T05:11:21.8541833Z   Executed FullSystemV2#ConfigGovSetParams
2025-12-27T05:11:21.8542224Z   Executed FullSystemV2#InitPairBRSBTD
2025-12-27T05:11:21.8542604Z   Executed FullSystemV2#InitPairBTBBTD
2025-12-27T05:11:21.8542876Z   Executed FullSystemV2#InitPairBTDUSDC
2025-12-27T05:11:21.8543146Z   Executed FullSystemV2#InitPairWBTCUSDC
2025-12-27T05:11:21.8543420Z   Executing FullSystemV2#SetPceFeed...
2025-12-27T05:11:21.8543678Z   Executing FullSystemV2#stBTB...
2025-12-27T05:11:21.8543924Z   Executing FullSystemV2#stBTD...
2025-12-27T05:11:21.8544066Z 
2025-12-27T05:11:21.8834914Z [11A[0JBatch #2
2025-12-27T05:11:21.8835326Z   Executed FullSystemV2#ConfigCore
2025-12-27T05:11:21.8835672Z   Executed FullSystemV2#ConfigGovSetParams
2025-12-27T05:11:21.8835984Z   Executed FullSystemV2#InitPairBRSBTD
2025-12-27T05:11:21.8836274Z   Executed FullSystemV2#InitPairBTBBTD
2025-12-27T05:11:21.8836707Z   Executed FullSystemV2#InitPairBTDUSDC
2025-12-27T05:11:21.8837058Z   Executed FullSystemV2#InitPairWBTCUSDC
2025-12-27T05:11:21.8837348Z   Executed FullSystemV2#SetPceFeed
2025-12-27T05:11:21.8837616Z   Executing FullSystemV2#stBTB...
2025-12-27T05:11:21.8837882Z   Executing FullSystemV2#stBTD...
2025-12-27T05:11:21.8838033Z 
2025-12-27T05:11:21.8878394Z [11A[0JBatch #2
2025-12-27T05:11:21.8878891Z   Executed FullSystemV2#ConfigCore
2025-12-27T05:11:21.8879498Z   Executed FullSystemV2#ConfigGovSetParams
2025-12-27T05:11:21.8879918Z   Executed FullSystemV2#InitPairBRSBTD
2025-12-27T05:11:21.8880291Z   Executed FullSystemV2#InitPairBTBBTD
2025-12-27T05:11:21.8880647Z   Executed FullSystemV2#InitPairBTDUSDC
2025-12-27T05:11:21.8881222Z   Executed FullSystemV2#InitPairWBTCUSDC
2025-12-27T05:11:21.8881507Z   Executed FullSystemV2#SetPceFeed
2025-12-27T05:11:21.8881769Z   Executing FullSystemV2#stBTB...
2025-12-27T05:11:21.8882014Z   Executing FullSystemV2#stBTD...
2025-12-27T05:11:21.8882167Z 
2025-12-27T05:11:21.9268386Z [11A[0JBatch #2
2025-12-27T05:11:21.9268901Z   Executed FullSystemV2#ConfigCore
2025-12-27T05:11:21.9269239Z   Executed FullSystemV2#ConfigGovSetParams
2025-12-27T05:11:21.9269561Z   Executed FullSystemV2#InitPairBRSBTD
2025-12-27T05:11:21.9269856Z   Executed FullSystemV2#InitPairBTBBTD
2025-12-27T05:11:21.9270246Z   Executed FullSystemV2#InitPairBTDUSDC
2025-12-27T05:11:21.9270593Z   Executed FullSystemV2#InitPairWBTCUSDC
2025-12-27T05:11:21.9271088Z   Executed FullSystemV2#SetPceFeed
2025-12-27T05:11:21.9271451Z   Executed FullSystemV2#stBTB
2025-12-27T05:11:21.9271701Z   Executing FullSystemV2#stBTD...
2025-12-27T05:11:21.9271854Z 
2025-12-27T05:11:21.9316277Z [11A[0JBatch #2
2025-12-27T05:11:21.9316672Z   Executed FullSystemV2#ConfigCore
2025-12-27T05:11:21.9317164Z   Executed FullSystemV2#ConfigGovSetParams
2025-12-27T05:11:21.9317660Z   Executed FullSystemV2#InitPairBRSBTD
2025-12-27T05:11:21.9318126Z   Executed FullSystemV2#InitPairBTBBTD
2025-12-27T05:11:21.9318593Z   Executed FullSystemV2#InitPairBTDUSDC
2025-12-27T05:11:21.9319350Z   Executed FullSystemV2#InitPairWBTCUSDC
2025-12-27T05:11:21.9319789Z   Executed FullSystemV2#SetPceFeed
2025-12-27T05:11:21.9320046Z   Executed FullSystemV2#stBTB
2025-12-27T05:11:21.9320306Z   Executing FullSystemV2#stBTD...
2025-12-27T05:11:21.9320639Z 
2025-12-27T05:11:21.9663336Z [11A[0JBatch #2
2025-12-27T05:11:21.9663807Z   Executed FullSystemV2#ConfigCore
2025-12-27T05:11:21.9664327Z   Executed FullSystemV2#ConfigGovSetParams
2025-12-27T05:11:21.9664854Z   Executed FullSystemV2#InitPairBRSBTD
2025-12-27T05:11:21.9665353Z   Executed FullSystemV2#InitPairBTBBTD
2025-12-27T05:11:21.9665862Z   Executed FullSystemV2#InitPairBTDUSDC
2025-12-27T05:11:21.9666392Z   Executed FullSystemV2#InitPairWBTCUSDC
2025-12-27T05:11:21.9666892Z   Executed FullSystemV2#SetPceFeed
2025-12-27T05:11:21.9667332Z   Executed FullSystemV2#stBTB
2025-12-27T05:11:21.9667738Z   Executed FullSystemV2#stBTD
2025-12-27T05:11:21.9668002Z 
2025-12-27T05:11:21.9670799Z [11A[0JBatch #2
2025-12-27T05:11:21.9671400Z   Executed FullSystemV2#ConfigCore
2025-12-27T05:11:21.9671996Z   Executed FullSystemV2#ConfigGovSetParams
2025-12-27T05:11:21.9672483Z   Executed FullSystemV2#InitPairBRSBTD
2025-12-27T05:11:21.9672791Z   Executed FullSystemV2#InitPairBTBBTD
2025-12-27T05:11:21.9673321Z   Executed FullSystemV2#InitPairBTDUSDC
2025-12-27T05:11:21.9673870Z   Executed FullSystemV2#InitPairWBTCUSDC
2025-12-27T05:11:21.9674378Z   Executed FullSystemV2#SetPceFeed
2025-12-27T05:11:21.9674840Z   Executed FullSystemV2#stBTB
2025-12-27T05:11:21.9675265Z   Executed FullSystemV2#stBTD
2025-12-27T05:11:21.9675418Z 
2025-12-27T05:11:21.9675491Z Batch #3
2025-12-27T05:11:21.9675831Z   Executing FullSystemV2#IdealUSDManager...
2025-12-27T05:11:21.9676388Z   Executing FullSystemV2#InterestPool...
2025-12-27T05:11:21.9676904Z   Executing FullSystemV2#Minter...
2025-12-27T05:11:21.9677394Z   Executing FullSystemV2#PriceOracle...
2025-12-27T05:11:21.9677898Z   Executing FullSystemV2#Treasury...
2025-12-27T05:11:21.9678199Z 
2025-12-27T05:11:21.9734461Z [7A[0JBatch #3
2025-12-27T05:11:21.9734892Z   Executing FullSystemV2#IdealUSDManager...
2025-12-27T05:11:21.9735365Z   Executing FullSystemV2#InterestPool...
2025-12-27T05:11:21.9735748Z   Executing FullSystemV2#Minter...
2025-12-27T05:11:21.9736173Z   Executing FullSystemV2#PriceOracle...
2025-12-27T05:11:21.9736458Z   Executing FullSystemV2#Treasury...
2025-12-27T05:11:21.9736625Z 
2025-12-27T05:11:22.0114863Z [7A[0JBatch #3
2025-12-27T05:11:22.0115323Z   Executed FullSystemV2#IdealUSDManager
2025-12-27T05:11:22.0115672Z   Executing FullSystemV2#InterestPool...
2025-12-27T05:11:22.0115969Z   Executing FullSystemV2#Minter...
2025-12-27T05:11:22.0116307Z   Executing FullSystemV2#PriceOracle...
2025-12-27T05:11:22.0116747Z   Executing FullSystemV2#Treasury...
2025-12-27T05:11:22.0116930Z 
2025-12-27T05:11:22.0158644Z [7A[0JBatch #3
2025-12-27T05:11:22.0159070Z   Executed FullSystemV2#IdealUSDManager
2025-12-27T05:11:22.0159592Z   Executing FullSystemV2#InterestPool...
2025-12-27T05:11:22.0160066Z   Executing FullSystemV2#Minter...
2025-12-27T05:11:22.0160554Z   Executing FullSystemV2#PriceOracle...
2025-12-27T05:11:22.0161200Z   Executing FullSystemV2#Treasury...
2025-12-27T05:11:22.0161479Z 
2025-12-27T05:11:22.0479043Z [7A[0JBatch #3
2025-12-27T05:11:22.0479565Z   Executed FullSystemV2#IdealUSDManager
2025-12-27T05:11:22.0480121Z   Executed FullSystemV2#InterestPool
2025-12-27T05:11:22.0480630Z   Executing FullSystemV2#Minter...
2025-12-27T05:11:22.0481536Z   Executing FullSystemV2#PriceOracle...
2025-12-27T05:11:22.0482043Z   Executing FullSystemV2#Treasury...
2025-12-27T05:11:22.0482339Z 
2025-12-27T05:11:22.0526478Z [7A[0JBatch #3
2025-12-27T05:11:22.0526948Z   Executed FullSystemV2#IdealUSDManager
2025-12-27T05:11:22.0527499Z   Executed FullSystemV2#InterestPool
2025-12-27T05:11:22.0528030Z   Executing FullSystemV2#Minter...
2025-12-27T05:11:22.0528518Z   Executing FullSystemV2#PriceOracle...
2025-12-27T05:11:22.0528996Z   Executing FullSystemV2#Treasury...
2025-12-27T05:11:22.0529288Z 
2025-12-27T05:11:22.0888863Z [7A[0JBatch #3
2025-12-27T05:11:22.0889468Z   Executed FullSystemV2#IdealUSDManager
2025-12-27T05:11:22.0890061Z   Executed FullSystemV2#InterestPool
2025-12-27T05:11:22.0890550Z   Executed FullSystemV2#Minter
2025-12-27T05:11:22.0891518Z   Executing FullSystemV2#PriceOracle...
2025-12-27T05:11:22.0892001Z   Executing FullSystemV2#Treasury...
2025-12-27T05:11:22.0892180Z 
2025-12-27T05:11:22.0935676Z [7A[0JBatch #3
2025-12-27T05:11:22.0936056Z   Executed FullSystemV2#IdealUSDManager
2025-12-27T05:11:22.0936507Z   Executed FullSystemV2#InterestPool
2025-12-27T05:11:22.0936869Z   Executed FullSystemV2#Minter
2025-12-27T05:11:22.0937297Z   Executing FullSystemV2#PriceOracle...
2025-12-27T05:11:22.0937591Z   Executing FullSystemV2#Treasury...
2025-12-27T05:11:22.0937753Z 
2025-12-27T05:11:22.1292006Z [7A[0JBatch #3
2025-12-27T05:11:22.1292473Z   Executed FullSystemV2#IdealUSDManager
2025-12-27T05:11:22.1292967Z   Executed FullSystemV2#InterestPool
2025-12-27T05:11:22.1293482Z   Executed FullSystemV2#Minter
2025-12-27T05:11:22.1293936Z   Executed FullSystemV2#PriceOracle
2025-12-27T05:11:22.1294406Z   Executing FullSystemV2#Treasury...
2025-12-27T05:11:22.1294703Z 
2025-12-27T05:11:22.1323441Z [7A[0JBatch #3
2025-12-27T05:11:22.1323788Z   Executed FullSystemV2#IdealUSDManager
2025-12-27T05:11:22.1324270Z   Executed FullSystemV2#InterestPool
2025-12-27T05:11:22.1324729Z   Executed FullSystemV2#Minter
2025-12-27T05:11:22.1325141Z   Executed FullSystemV2#PriceOracle
2025-12-27T05:11:22.1325452Z   Executing FullSystemV2#Treasury...
2025-12-27T05:11:22.1325627Z 
2025-12-27T05:11:22.1638016Z [7A[0JBatch #3
2025-12-27T05:11:22.1638444Z   Executed FullSystemV2#IdealUSDManager
2025-12-27T05:11:22.1638962Z   Executed FullSystemV2#InterestPool
2025-12-27T05:11:22.1639407Z   Executed FullSystemV2#Minter
2025-12-27T05:11:22.1640019Z   Executed FullSystemV2#PriceOracle
2025-12-27T05:11:22.1640499Z   Executed FullSystemV2#Treasury
2025-12-27T05:11:22.1640761Z 
2025-12-27T05:11:22.1646744Z [7A[0JBatch #3
2025-12-27T05:11:22.1647420Z   Executed FullSystemV2#IdealUSDManager
2025-12-27T05:11:22.1647967Z   Executed FullSystemV2#InterestPool
2025-12-27T05:11:22.1648548Z   Executed FullSystemV2#Minter
2025-12-27T05:11:22.1649055Z   Executed FullSystemV2#PriceOracle
2025-12-27T05:11:22.1649565Z   Executed FullSystemV2#Treasury
2025-12-27T05:11:22.1649858Z 
2025-12-27T05:11:22.1650001Z Batch #4
2025-12-27T05:11:22.1650513Z   Executing FullSystemV2#BTBGrantMinterRoleInterestPool...
2025-12-27T05:11:22.1651277Z   Executing FullSystemV2#BTBGrantMinterRoleMinter...
2025-12-27T05:11:22.1651689Z   Executing FullSystemV2#BTDGrantMinterRoleInterestPool...
2025-12-27T05:11:22.1652176Z   Executing FullSystemV2#BTDGrantMinterRoleMinter...
2025-12-27T05:11:22.1652878Z   Executing FullSystemV2#ConfigCore.setCoreContracts...
2025-12-27T05:11:22.1653488Z   Executing FullSystemV2#FarmingPool...
2025-12-27T05:11:22.1653798Z 
2025-12-27T05:11:22.1678774Z [8A[0JBatch #4
2025-12-27T05:11:22.1679385Z   Executing FullSystemV2#BTBGrantMinterRoleInterestPool...
2025-12-27T05:11:22.1680144Z   Executing FullSystemV2#BTBGrantMinterRoleMinter...
2025-12-27T05:11:22.1680873Z   Executing FullSystemV2#BTDGrantMinterRoleInterestPool...
2025-12-27T05:11:22.1681764Z   Executing FullSystemV2#BTDGrantMinterRoleMinter...
2025-12-27T05:11:22.1682401Z   Executing FullSystemV2#ConfigCore.setCoreContracts...
2025-12-27T05:11:22.1682988Z   Executing FullSystemV2#FarmingPool...
2025-12-27T05:11:22.1683306Z 
2025-12-27T05:11:22.2012430Z [8A[0JBatch #4
2025-12-27T05:11:22.2012850Z   Executed FullSystemV2#BTBGrantMinterRoleInterestPool
2025-12-27T05:11:22.2013266Z   Executing FullSystemV2#BTBGrantMinterRoleMinter...
2025-12-27T05:11:22.2013930Z   Executing FullSystemV2#BTDGrantMinterRoleInterestPool...
2025-12-27T05:11:22.2014602Z   Executing FullSystemV2#BTDGrantMinterRoleMinter...
2025-12-27T05:11:22.2015161Z   Executing FullSystemV2#ConfigCore.setCoreContracts...
2025-12-27T05:11:22.2015759Z   Executing FullSystemV2#FarmingPool...
2025-12-27T05:11:22.2015943Z 
2025-12-27T05:11:22.2017016Z [8A[0JBatch #4
2025-12-27T05:11:22.2017524Z   Executed FullSystemV2#BTBGrantMinterRoleInterestPool
2025-12-27T05:11:22.2017907Z   Executing FullSystemV2#BTBGrantMinterRoleMinter...
2025-12-27T05:11:22.2018484Z   Executing FullSystemV2#BTDGrantMinterRoleInterestPool...
2025-12-27T05:11:22.2018877Z   Executing FullSystemV2#BTDGrantMinterRoleMinter...
2025-12-27T05:11:22.2019242Z   Executing FullSystemV2#ConfigCore.setCoreContracts...
2025-12-27T05:11:22.2019564Z   Executing FullSystemV2#FarmingPool...
2025-12-27T05:11:22.2019733Z 
2025-12-27T05:11:22.2333151Z [8A[0JBatch #4
2025-12-27T05:11:22.2333668Z   Executed FullSystemV2#BTBGrantMinterRoleInterestPool
2025-12-27T05:11:22.2334278Z   Executed FullSystemV2#BTBGrantMinterRoleMinter
2025-12-27T05:11:22.2334680Z   Executing FullSystemV2#BTDGrantMinterRoleInterestPool...
2025-12-27T05:11:22.2335224Z   Executing FullSystemV2#BTDGrantMinterRoleMinter...
2025-12-27T05:11:22.2335852Z   Executing FullSystemV2#ConfigCore.setCoreContracts...
2025-12-27T05:11:22.2336228Z   Executing FullSystemV2#FarmingPool...
2025-12-27T05:11:22.2336621Z 
2025-12-27T05:11:22.2338836Z [8A[0JBatch #4
2025-12-27T05:11:22.2339393Z   Executed FullSystemV2#BTBGrantMinterRoleInterestPool
2025-12-27T05:11:22.2339939Z   Executed FullSystemV2#BTBGrantMinterRoleMinter
2025-12-27T05:11:22.2340324Z   Executing FullSystemV2#BTDGrantMinterRoleInterestPool...
2025-12-27T05:11:22.2340714Z   Executing FullSystemV2#BTDGrantMinterRoleMinter...
2025-12-27T05:11:22.2341324Z   Executing FullSystemV2#ConfigCore.setCoreContracts...
2025-12-27T05:11:22.2341657Z   Executing FullSystemV2#FarmingPool...
2025-12-27T05:11:22.2341837Z 
2025-12-27T05:11:22.2658045Z [8A[0JBatch #4
2025-12-27T05:11:22.2658693Z   Executed FullSystemV2#BTBGrantMinterRoleInterestPool
2025-12-27T05:11:22.2659358Z   Executed FullSystemV2#BTBGrantMinterRoleMinter
2025-12-27T05:11:22.2659860Z   Executed FullSystemV2#BTDGrantMinterRoleInterestPool
2025-12-27T05:11:22.2660331Z   Executing FullSystemV2#BTDGrantMinterRoleMinter...
2025-12-27T05:11:22.2660804Z   Executing FullSystemV2#ConfigCore.setCoreContracts...
2025-12-27T05:11:22.2661434Z   Executing FullSystemV2#FarmingPool...
2025-12-27T05:11:22.2661747Z 
2025-12-27T05:11:22.2662929Z [8A[0JBatch #4
2025-12-27T05:11:22.2663536Z   Executed FullSystemV2#BTBGrantMinterRoleInterestPool
2025-12-27T05:11:22.2664191Z   Executed FullSystemV2#BTBGrantMinterRoleMinter
2025-12-27T05:11:22.2664983Z   Executed FullSystemV2#BTDGrantMinterRoleInterestPool
2025-12-27T05:11:22.2665538Z   Executing FullSystemV2#BTDGrantMinterRoleMinter...
2025-12-27T05:11:22.2665997Z   Executing FullSystemV2#ConfigCore.setCoreContracts...
2025-12-27T05:11:22.2666396Z   Executing FullSystemV2#FarmingPool...
2025-12-27T05:11:22.2666608Z 
2025-12-27T05:11:22.3010327Z [8A[0JBatch #4
2025-12-27T05:11:22.3010755Z   Executed FullSystemV2#BTBGrantMinterRoleInterestPool
2025-12-27T05:11:22.3011865Z   Executed FullSystemV2#BTBGrantMinterRoleMinter
2025-12-27T05:11:22.3012677Z   Executed FullSystemV2#BTDGrantMinterRoleInterestPool
2025-12-27T05:11:22.3013482Z   Executed FullSystemV2#BTDGrantMinterRoleMinter
2025-12-27T05:11:22.3014074Z   Executing FullSystemV2#ConfigCore.setCoreContracts...
2025-12-27T05:11:22.3014727Z   Executing FullSystemV2#FarmingPool...
2025-12-27T05:11:22.3015129Z 
2025-12-27T05:11:22.3015418Z [8A[0JBatch #4
2025-12-27T05:11:22.3015938Z   Executed FullSystemV2#BTBGrantMinterRoleInterestPool
2025-12-27T05:11:22.3016389Z   Executed FullSystemV2#BTBGrantMinterRoleMinter
2025-12-27T05:11:22.3016835Z   Executed FullSystemV2#BTDGrantMinterRoleInterestPool
2025-12-27T05:11:22.3017249Z   Executed FullSystemV2#BTDGrantMinterRoleMinter
2025-12-27T05:11:22.3017676Z   Executing FullSystemV2#ConfigCore.setCoreContracts...
2025-12-27T05:11:22.3018075Z   Executing FullSystemV2#FarmingPool...
2025-12-27T05:11:22.3018286Z 
2025-12-27T05:11:22.3297834Z [8A[0JBatch #4
2025-12-27T05:11:22.3298347Z   Executed FullSystemV2#BTBGrantMinterRoleInterestPool
2025-12-27T05:11:22.3298961Z   Executed FullSystemV2#BTBGrantMinterRoleMinter
2025-12-27T05:11:22.3299926Z   Executed FullSystemV2#BTDGrantMinterRoleInterestPool
2025-12-27T05:11:22.3300608Z   Executed FullSystemV2#BTDGrantMinterRoleMinter
2025-12-27T05:11:22.3301668Z   Executed FullSystemV2#ConfigCore.setCoreContracts
2025-12-27T05:11:22.3302229Z   Executing FullSystemV2#FarmingPool...
2025-12-27T05:11:22.3302536Z 
2025-12-27T05:11:22.3338762Z [8A[0JBatch #4
2025-12-27T05:11:22.3339276Z   Executed FullSystemV2#BTBGrantMinterRoleInterestPool
2025-12-27T05:11:22.3339826Z   Executed FullSystemV2#BTBGrantMinterRoleMinter
2025-12-27T05:11:22.3340366Z   Executed FullSystemV2#BTDGrantMinterRoleInterestPool
2025-12-27T05:11:22.3340752Z   Executed FullSystemV2#BTDGrantMinterRoleMinter
2025-12-27T05:11:22.3341357Z   Executed FullSystemV2#ConfigCore.setCoreContracts
2025-12-27T05:11:22.3341687Z   Executing FullSystemV2#FarmingPool...
2025-12-27T05:11:22.3341862Z 
2025-12-27T05:11:22.3724385Z [8A[0JBatch #4
2025-12-27T05:11:22.3725220Z   Executed FullSystemV2#BTBGrantMinterRoleInterestPool
2025-12-27T05:11:22.3726145Z   Executed FullSystemV2#BTBGrantMinterRoleMinter
2025-12-27T05:11:22.3727125Z   Executed FullSystemV2#BTDGrantMinterRoleInterestPool
2025-12-27T05:11:22.3727851Z   Executed FullSystemV2#BTDGrantMinterRoleMinter
2025-12-27T05:11:22.3739447Z   Executed FullSystemV2#ConfigCore.setCoreContracts
2025-12-27T05:11:22.3740037Z   Executed FullSystemV2#FarmingPool
2025-12-27T05:11:22.3740235Z 
2025-12-27T05:11:22.3740499Z [8A[0JBatch #4
2025-12-27T05:11:22.3741275Z   Executed FullSystemV2#BTBGrantMinterRoleInterestPool
2025-12-27T05:11:22.3741854Z   Executed FullSystemV2#BTBGrantMinterRoleMinter
2025-12-27T05:11:22.3742225Z   Executed FullSystemV2#BTDGrantMinterRoleInterestPool
2025-12-27T05:11:22.3742575Z   Executed FullSystemV2#BTDGrantMinterRoleMinter
2025-12-27T05:11:22.3742920Z   Executed FullSystemV2#ConfigCore.setCoreContracts
2025-12-27T05:11:22.3743231Z   Executed FullSystemV2#FarmingPool
2025-12-27T05:11:22.3743495Z 
2025-12-27T05:11:22.3743634Z Batch #5
2025-12-27T05:11:22.3744037Z   Executing FullSystemV2#StakingRouter...
2025-12-27T05:11:22.3744668Z   Executing FullSystemV2#TransferBRSToFarmingPool...
2025-12-27T05:11:22.3745069Z 
2025-12-27T05:11:22.3783005Z [4A[0JBatch #5
2025-12-27T05:11:22.3783387Z   Executing FullSystemV2#StakingRouter...
2025-12-27T05:11:22.3783976Z   Executing FullSystemV2#TransferBRSToFarmingPool...
2025-12-27T05:11:22.3784331Z 
2025-12-27T05:11:22.4112466Z [4A[0JBatch #5
2025-12-27T05:11:22.4113783Z   Executed FullSystemV2#StakingRouter
2025-12-27T05:11:22.4114402Z   Executing FullSystemV2#TransferBRSToFarmingPool...
2025-12-27T05:11:22.4114781Z 
2025-12-27T05:11:22.4126737Z [4A[0JBatch #5
2025-12-27T05:11:22.4127382Z   Executed FullSystemV2#StakingRouter
2025-12-27T05:11:22.4128844Z   Executing FullSystemV2#TransferBRSToFarmingPool...
2025-12-27T05:11:22.4129583Z 
2025-12-27T05:11:22.4478803Z [4A[0JBatch #5
2025-12-27T05:11:22.4479281Z   Executed FullSystemV2#StakingRouter
2025-12-27T05:11:22.4479641Z   Executed FullSystemV2#TransferBRSToFarmingPool
2025-12-27T05:11:22.4479886Z 
2025-12-27T05:11:22.4480008Z [4A[0JBatch #5
2025-12-27T05:11:22.4480240Z   Executed FullSystemV2#StakingRouter
2025-12-27T05:11:22.4480545Z   Executed FullSystemV2#TransferBRSToFarmingPool
2025-12-27T05:11:22.4480751Z 
2025-12-27T05:11:22.4480821Z Batch #6
2025-12-27T05:11:22.4481402Z   Executing FullSystemV2#ConfigCore.setPeripheralContracts...
2025-12-27T05:11:22.4481664Z 
2025-12-27T05:11:22.4510476Z [3A[0JBatch #6
2025-12-27T05:11:22.4511210Z   Executing FullSystemV2#ConfigCore.setPeripheralContracts...
2025-12-27T05:11:22.4511571Z 
2025-12-27T05:11:22.4823065Z [3A[0JBatch #6
2025-12-27T05:11:22.4823653Z   Executed FullSystemV2#ConfigCore.setPeripheralContracts
2025-12-27T05:11:22.4824058Z 
2025-12-27T05:11:22.4829794Z [3A[0JBatch #6
2025-12-27T05:11:22.4830366Z   Executed FullSystemV2#ConfigCore.setPeripheralContracts
2025-12-27T05:11:22.4830784Z 
2025-12-27T05:11:22.4832980Z [ FullSystemV2 ] successfully deployed 🚀
2025-12-27T05:11:22.4833314Z 
2025-12-27T05:11:22.4833773Z Deployed Addresses
2025-12-27T05:11:22.4833973Z 
2025-12-27T05:11:22.4834349Z FullSystemV2#BRS - 0x5FbDB2315678afecb367f032d93F642f64180aa3
2025-12-27T05:11:22.4835063Z FullSystemV2#BTB - 0xe7f1725E7734CE288F8367e1Bb143E90bb3F0512
2025-12-27T05:11:22.4835997Z FullSystemV2#BTD - 0x9fE46736679d2D9a65F0992F2272dE9f3c7fa6e0
2025-12-27T05:11:22.4836768Z FullSystemV2#ChainlinkBTCUSD - 0xCf7Ed3AccA5a467e9e704C703E8D87F634fB0Fc9
2025-12-27T05:11:22.4837683Z FullSystemV2#ChainlinkWBTCBTC - 0xDc64a140Aa3E981100a9becA4E685f962f0cF6C9
2025-12-27T05:11:22.4838473Z FullSystemV2#ConfigGov - 0x5FC8d32690cc91D4c39d9d3abcBD16989F875707
2025-12-27T05:11:22.4839170Z FullSystemV2#MockPyth - 0x0165878A594ca255338adfa4d48449f69242Eb8F
2025-12-27T05:11:22.4839971Z FullSystemV2#MockRedstone - 0xa513E6E4b8f2a923D98304ec87F64353C4D5C853
2025-12-27T05:11:22.4840794Z FullSystemV2#PairBRSBTD - 0x2279B7A0a67DB372996a5FaB50D91eAA73d2eBe6
2025-12-27T05:11:22.4841878Z FullSystemV2#PairBTBBTD - 0x8A791620dd6260079BF849Dc5567aDC3F2FdC318
2025-12-27T05:11:22.4842703Z FullSystemV2#PairBTDUSDC - 0x610178dA211FEF7D417bC0e6FeD39F05609AD788
2025-12-27T05:11:22.4843530Z FullSystemV2#PairWBTCUSDC - 0xB7f8BC63BbcaD18155201308C8f3540b07f84F5e
2025-12-27T05:11:22.4844370Z FullSystemV2#TWAPOracle - 0xA51c1fc2f0D1a1b8494Ed1FE312d7C3a78Ed91C0
2025-12-27T05:11:22.4845146Z FullSystemV2#USDC - 0x0DCd1Bf9A1b36cE34237eEaFef220932846BCD82
2025-12-27T05:11:22.4845883Z FullSystemV2#USDT - 0x9A676e781A523b5d0C0e43731313A708CB607508
2025-12-27T05:11:22.4846601Z FullSystemV2#WBTC - 0x0B306BF915C4d645ff596e518fAf3F9669b97016
2025-12-27T05:11:22.4847332Z FullSystemV2#WETH - 0x959922bE3CAee4b8Cd9a407cc3ac1C251C2007B1
2025-12-27T05:11:22.4848107Z FullSystemV2#ConfigCore - 0x9A9f2CCfdE556A7E9Ff0848998Aa4a0CFD8863AE
2025-12-27T05:11:22.4848889Z FullSystemV2#stBTB - 0xa85233C63b9Ee964Add6F2cffe00Fd84eb32338f
2025-12-27T05:11:22.4849628Z FullSystemV2#stBTD - 0x4A679253410272dd5232B3Ff7cF5dbB88f295319
2025-12-27T05:11:22.4850437Z FullSystemV2#IdealUSDManager - 0x7a2088a1bFc9d81c55368AE168C2C02570cB814F
2025-12-27T05:11:22.4851477Z FullSystemV2#InterestPool - 0x09635F643e140090A9A8Dcd712eD6285858ceBef
2025-12-27T05:11:22.4852261Z FullSystemV2#Minter - 0xc5a5C42992dECbae36851359345FE25997F5C42d
2025-12-27T05:11:22.4853067Z FullSystemV2#PriceOracle - 0x67d269191c92Caf3cD7723F116c85e6E9bf55933
2025-12-27T05:11:22.4853872Z FullSystemV2#Treasury - 0xE6E340D132b5f46d1e472DebcD681B2aBc16e57E
2025-12-27T05:11:22.4854691Z FullSystemV2#FarmingPool - 0x851356ae760d987E095750cCeb3bC6014560891C
2025-12-27T05:11:22.4855544Z FullSystemV2#StakingRouter - 0xf5059a5D33d5853360D16C683c16e67980206f36
2025-12-27T05:11:22.5634966Z Initializing system...
2025-12-27T05:11:23.0505390Z Loading Hardhat config...
2025-12-27T05:11:23.0512148Z [dotenv@17.2.3] injecting env (0) from .env -- tip: ⚙️  specify custom .env file path with { path: '/custom/path/.env' }
2025-12-27T05:11:39.3115643Z 
2025-12-27T05:11:39.3122625Z Warning: SPDX license identifier not provided in source file. Before publishing, consider adding a comment containing "SPDX-License-Identifier: <SPDX-License>" to each source file. Use "SPDX-License-Identifier: UNLICENSED" for non-open-source code. Please see https://spdx.org for more information.
2025-12-27T05:11:39.3125101Z --> ./node_modules/@uniswap/v2-core/contracts/interfaces/IUniswapV2Pair.sol
2025-12-27T05:11:39.3125478Z 
2025-12-27T05:11:39.3125999Z Warning: Unused function parameter. Remove or comment out the variable name to silence this warning.
2025-12-27T05:11:39.3126637Z   --> ./contracts/InterestPool.sol:90:9:
2025-12-27T05:11:39.3126953Z    |
2025-12-27T05:11:39.3127212Z 90 |         address _rateOracle
2025-12-27T05:11:39.3127569Z    |         ^^^^^^^^^^^^^^^^^^^
2025-12-27T05:11:39.3127841Z 
2025-12-27T05:11:39.3128620Z Warning: Unused function parameter. Remove or comment out the variable name to silence this warning.
2025-12-27T05:11:39.3129350Z   --> ./contracts/local/MockPriceOracle.sol:89:23:
2025-12-27T05:11:39.3129686Z    |
2025-12-27T05:11:39.3130468Z 89 |     function getPrice(address token) external view override returns (uint256) {
2025-12-27T05:11:39.3131410Z    |                       ^^^^^^^^^^^^^
2025-12-27T05:11:39.3131687Z 
2025-12-27T05:11:39.3132652Z Warning: Unused function parameter. Remove or comment out the variable name to silence this warning.
2025-12-27T05:11:39.3133547Z   --> ./contracts/local/UniswapV2Pair.sol:81:52:
2025-12-27T05:11:39.3134013Z    |
2025-12-27T05:11:39.3134806Z 81 |     function _update(uint balance0, uint balance1, uint112 _reserve0, uint112 _reserve1) private {
2025-12-27T05:11:39.3135693Z    |                                                    ^^^^^^^^^^^^^^^^^
2025-12-27T05:11:39.3136051Z 
2025-12-27T05:11:39.3136814Z Warning: Unused function parameter. Remove or comment out the variable name to silence this warning.
2025-12-27T05:11:39.3137791Z   --> ./contracts/local/UniswapV2Pair.sol:81:71:
2025-12-27T05:11:39.3138111Z    |
2025-12-27T05:11:39.3138561Z 81 |     function _update(uint balance0, uint balance1, uint112 _reserve0, uint112 _reserve1) private {
2025-12-27T05:11:39.3139030Z    |                                                                       ^^^^^^^^^^^^^^^^^
2025-12-27T05:11:39.3139218Z 
2025-12-27T05:11:39.3139442Z Warning: Function state mutability can be restricted to pure
2025-12-27T05:11:39.3139798Z   --> ./contracts/local/MockPriceOracle.sol:89:5:
2025-12-27T05:11:39.3140052Z    |
2025-12-27T05:11:39.3140411Z 89 |     function getPrice(address token) external view override returns (uint256) {
2025-12-27T05:11:39.3141090Z    |     ^ (Relevant source part starts here and spans across multiple lines).
2025-12-27T05:11:39.3141444Z 
2025-12-27T05:11:39.3141461Z 
2025-12-27T05:11:39.3686181Z 
2025-12-27T05:11:41.1912719Z => configure roles...
2025-12-27T05:11:41.1917689Z    -> Grant BTD MINTER to owner
2025-12-27T05:11:41.2184101Z    -> Grant BTB MINTER to owner
2025-12-27T05:11:41.2354900Z    -> Grant BTD MINTER to Minter
2025-12-27T05:11:41.2487325Z    -> Grant BTB MINTER to Minter
2025-12-27T05:11:41.2914259Z => set oracle prices...
2025-12-27T05:11:41.3640674Z => add LP liquidity and mint LP...
2025-12-27T05:11:41.4149089Z    ✓ WBTC/USDC LP minted: 30937
2025-12-27T05:11:41.4600767Z    ✓ BTD/USDC LP minted: 999999999000
2025-12-27T05:11:41.5034020Z    ✓ BTB/BTD LP minted: 999999999999999000
2025-12-27T05:11:41.5457138Z    ✓ BRS/BTD LP minted: 9999999999999000
2025-12-27T05:11:41.5457700Z => init stBTD/stBTB vaults...
2025-12-27T05:11:41.6162596Z => configure FarmingPool pools...
2025-12-27T05:11:41.6357160Z => seed staking for pools...
2025-12-27T05:11:41.6835188Z    ⚠️  pool 0 (BRS/BTD LP) stake skipped/failed: The contract function "deposit" reverted with the following reason:
2025-12-27T05:11:41.6835701Z Internal error
2025-12-27T05:11:41.6835823Z 
2025-12-27T05:11:41.6835899Z Contract Call:
2025-12-27T05:11:41.6836173Z   address:   0x851356ae760d987E095750cCeb3bC6014560891C
2025-12-27T05:11:41.6836523Z   function:  deposit(uint256 pid, uint256 amount)
2025-12-27T05:11:41.6836851Z   args:             (0, 99999999999990)
2025-12-27T05:11:41.6837162Z   sender:    0xf39fd6e51aad88f6f4ce6ab8827279cfffb92266
2025-12-27T05:11:41.6837371Z 
2025-12-27T05:11:41.6837545Z Docs: https://viem.sh/docs/contract/writeContract
2025-12-27T05:11:41.6837843Z Version: viem@2.43.3
2025-12-27T05:11:41.7151529Z    ✓ pool 1 (BTD/USDC LP) staked 9999999990
2025-12-27T05:11:41.7508646Z    ✓ pool 2 (BTB/BTD LP) staked 9999999999999990
2025-12-27T05:11:41.7778308Z    ✓ pool 3 (USDC) staked 1000000
2025-12-27T05:11:41.8119812Z    ✓ pool 4 (USDT) staked 1000000
2025-12-27T05:11:41.8435992Z    ✓ pool 5 (WBTC) staked 500
2025-12-27T05:11:41.8698254Z    ✓ pool 6 (WETH) staked 200000000000000
2025-12-27T05:11:41.9017150Z    ✓ pool 7 (stBTD) staked 1000000000000000000
2025-12-27T05:11:41.9328828Z    ✓ pool 8 (stBTB) staked 1000000000000000000
2025-12-27T05:11:41.9613410Z    ✓ pool 9 (BRS) staked 900000000000000000
2025-12-27T05:11:41.9613911Z => BRS rewards already in FarmingPool (from Ignition deployment)
2025-12-27T05:11:41.9614657Z => distribute test tokens to 4 specified addresses...
2025-12-27T05:11:42.0060149Z    ✓ 0x8F78bE5c6b41C2d7634d25C7db22b26409671ca9: 1000 WBTC, 100M USDC, 100M USDT, 1000 ETH
2025-12-27T05:11:42.0491993Z    ✓ 0xb53f41e806ab204b2525bd8b43909d47b32a04ac: 1000 WBTC, 100M USDC, 100M USDT, 1000 ETH
2025-12-27T05:11:42.0928211Z    ✓ 0x9b7cd6e80158361a513673b43ed6decc42a70eba: 1000 WBTC, 100M USDC, 100M USDT, 1000 ETH
2025-12-27T05:11:42.1369585Z    ✓ 0xc593617408c1de3561bec95cdbc316b3cb823c8d: 1000 WBTC, 100M USDC, 100M USDT, 1000 ETH
2025-12-27T05:11:42.1370297Z ✅ init done
2025-12-27T05:11:42.1879098Z ##[group]Run DEPLOYMENT_DIR="bitres/ignition/deployments/chain-31337"
2025-12-27T05:11:42.1879585Z [36;1mDEPLOYMENT_DIR="bitres/ignition/deployments/chain-31337"[0m
2025-12-27T05:11:42.1879929Z [36;1mif [ -d "$DEPLOYMENT_DIR" ]; then[0m
2025-12-27T05:11:42.1880204Z [36;1m  mkdir -p interface/src/config[0m
2025-12-27T05:11:42.1880766Z [36;1m  cp "$DEPLOYMENT_DIR/deployed_addresses.json" interface/src/config/contracts.json 2>/dev/null || echo "No deployed_addresses.json"[0m
2025-12-27T05:11:42.1882493Z [36;1mfi[0m
2025-12-27T05:11:42.1915111Z shell: /usr/bin/bash -e {0}
2025-12-27T05:11:42.1915335Z env:
2025-12-27T05:11:42.1915516Z   CI: true
2025-12-27T05:11:42.1915676Z   TEST_SUITE: full
2025-12-27T05:11:42.1915851Z   WALLET_PROVIDER: okx
2025-12-27T05:11:42.1916038Z ##[endgroup]
2025-12-27T05:11:42.2018995Z ##[group]Run npm run dev -- --host 0.0.0.0 --port 3000 > /tmp/interface-dev.log 2>&1 &
2025-12-27T05:11:42.2019510Z [36;1mnpm run dev -- --host 0.0.0.0 --port 3000 > /tmp/interface-dev.log 2>&1 &[0m
2025-12-27T05:11:42.2019866Z [36;1mecho $! > /tmp/interface-dev.pid[0m
2025-12-27T05:11:42.2020155Z [36;1mnpx wait-on http://127.0.0.1:3000[0m
2025-12-27T05:11:42.2049941Z shell: /usr/bin/bash -e {0}
2025-12-27T05:11:42.2050162Z env:
2025-12-27T05:11:42.2050317Z   CI: true
2025-12-27T05:11:42.2050473Z   TEST_SUITE: full
2025-12-27T05:11:42.2050653Z   WALLET_PROVIDER: okx
2025-12-27T05:11:42.2050839Z ##[endgroup]
2025-12-27T05:11:43.8949435Z ##[group]Run set -e
2025-12-27T05:11:43.8949830Z [36;1mset -e[0m
2025-12-27T05:11:43.8950204Z [36;1mxvfb-run -a node e2e/diagnose-okx.cjs[0m
2025-12-27T05:11:43.8994295Z shell: /usr/bin/bash -e {0}
2025-12-27T05:11:43.8994674Z env:
2025-12-27T05:11:43.8994961Z   CI: true
2025-12-27T05:11:43.8995252Z   TEST_SUITE: full
2025-12-27T05:11:43.8995570Z   WALLET_PROVIDER: okx
2025-12-27T05:11:43.8995909Z ##[endgroup]
2025-12-27T05:11:45.0492208Z [diagnose] downloading OKX CRX...
2025-12-27T05:11:45.9661589Z [diagnose] CRX size: 68573318
2025-12-27T05:11:48.0676721Z [diagnose] manifest_version: 3
2025-12-27T05:11:48.0677574Z [diagnose] name: __MSG_wallet_intro_product_name__
2025-12-27T05:12:00.7995643Z [diagnose] service workers: [
2025-12-27T05:12:00.7997041Z   'chrome-extension://kfhjmjabkpchhfoajnhbjeblnhafbcjf/scripts/background/background.js'
2025-12-27T05:12:00.8003343Z ]
2025-12-27T05:12:00.8003765Z [diagnose] pages: [ 'about:blank' ]
2025-12-27T05:12:00.8006235Z [diagnose] extension ids from URLs: [ 'kfhjmjabkpchhfoajnhbjeblnhafbcjf' ]
2025-12-27T05:12:00.8007362Z [diagnose] Preferences not found: /tmp/okx-diagnose-y6j8mT/okx-profile/Default/Preferences
2025-12-27T05:12:00.9590328Z ##[group]Run xvfb-run -a npx playwright test e2e/synpress-pool.spec.ts e2e/synpress-navigation.spec.ts e2e/synpress-custom.spec.ts e2e/synpress-smoke.spec.ts --workers=1
2025-12-27T05:12:00.9591803Z [36;1mxvfb-run -a npx playwright test e2e/synpress-pool.spec.ts e2e/synpress-navigation.spec.ts e2e/synpress-custom.spec.ts e2e/synpress-smoke.spec.ts --workers=1[0m
2025-12-27T05:12:00.9624833Z shell: /usr/bin/bash -e {0}
2025-12-27T05:12:00.9625056Z env:
2025-12-27T05:12:00.9625208Z   CI: true
2025-12-27T05:12:00.9625369Z   TEST_SUITE: full
2025-12-27T05:12:00.9625551Z   WALLET_PROVIDER: okx
2025-12-27T05:12:00.9625741Z ##[endgroup]
2025-12-27T05:12:03.2811355Z 
2025-12-27T05:12:03.2811884Z Running 55 tests using 1 worker
2025-12-27T05:12:34.8807222Z °°Page Home/Mint loaded: true
2025-12-27T05:12:38.2915115Z Page Stake loaded: true
2025-12-27T05:12:41.6820014Z Page Swap loaded: true
2025-12-27T05:12:45.0625499Z Page Pool loaded: true
2025-12-27T05:12:48.4660102Z Page Farm loaded: true
2025-12-27T05:12:51.8840524Z Page Asset loaded: true
2025-12-27T05:12:55.2936786Z Page Explorer loaded: true
2025-12-27T05:12:58.7108646Z Page About loaded: true
2025-12-27T05:13:02.2126619Z Page Whitepaper loaded: true
2025-12-27T05:13:05.6185198Z Page FAQ loaded: true
2025-12-27T05:13:40.2569436Z ·Wallet connected on Home/Mint: true
2025-12-27T05:13:43.5821296Z Wallet connected on Stake: true
2025-12-27T05:13:46.9527417Z Wallet connected on Swap: true
2025-12-27T05:13:50.2875846Z Wallet connected on Pool: true
2025-12-27T05:13:53.6128143Z Wallet connected on Farm: true
2025-12-27T05:13:56.9302998Z Wallet connected on Asset: true
2025-12-27T05:14:00.2623554Z Wallet connected on Explorer: true
2025-12-27T05:14:03.5986322Z Wallet connected on About: true
2025-12-27T05:14:06.9228381Z Wallet connected on Whitepaper: true
2025-12-27T05:14:10.2276048Z Wallet connected on FAQ: true
2025-12-27T05:26:44.1392934Z ········F·················Found 3 social media links
2025-12-27T05:27:16.0158021Z ·Found 0 block explorer links
2025-12-27T05:31:51.2218219Z ·········Pool BTD-WBTC visible: [33mfalse[39m
2025-12-27T05:31:51.2238388Z Pool BTB-WBTC visible: [33mfalse[39m
2025-12-27T05:31:51.2258974Z Pool BTD-BTB visible: [33mfalse[39m
2025-12-27T05:40:27.9003864Z ··············F·
2025-12-27T05:40:27.9011938Z 
2025-12-27T05:40:27.9020761Z   1) e2e/synpress-navigation.spec.ts:158:3 › Logo Navigation › should navigate to home when clicking logo 
2025-12-27T05:40:27.9021798Z 
2025-12-27T05:40:27.9022175Z     TimeoutError: locator.waitFor: Timeout 30000ms exceeded.
2025-12-27T05:40:27.9022756Z     Call log:
2025-12-27T05:40:27.9023676Z     [2m  - waiting for getByRole('button', { name: /start your web3 journey/i }) to be visible[22m
2025-12-27T05:40:27.9024278Z 
2025-12-27T05:40:27.9024288Z 
2025-12-27T05:40:27.9024529Z        at e2e/utils/okx-fixtures.ts:193
2025-12-27T05:40:27.9024852Z 
2025-12-27T05:40:27.9024989Z       191 |
2025-12-27T05:40:27.9025729Z       192 |   const startButton = page.getByRole('button', { name: /start your web3 journey/i })
2025-12-27T05:40:27.9026686Z     > 193 |   await startButton.waitFor({ timeout: OKX_ONBOARDING_TIMEOUT })
2025-12-27T05:40:27.9027337Z           |                     ^
2025-12-27T05:40:27.9027817Z       194 |   await startButton.click()
2025-12-27T05:40:27.9028338Z       195 |   await page.waitForTimeout(2000)
2025-12-27T05:40:27.9028790Z       196 |
2025-12-27T05:40:27.9029513Z         at onboardOkx (/home/runner/work/interface/interface/interface/e2e/utils/okx-fixtures.ts:193:21)
2025-12-27T05:40:27.9030760Z         at Object.context (/home/runner/work/interface/interface/interface/e2e/utils/okx-fixtures.ts:234:18)
2025-12-27T05:40:27.9031660Z 
2025-12-27T05:40:27.9032541Z   2) e2e/synpress-pool.spec.ts:458:3 › Pool Tab Navigation › should switch between Add and Remove within a pool 
2025-12-27T05:40:27.9033221Z 
2025-12-27T05:40:27.9033678Z     Error: page.waitForTimeout: Target page, context or browser has been closed
2025-12-27T05:40:27.9034209Z 
2025-12-27T05:40:27.9034843Z       459 |     await navigateTo(page, '/pool')
2025-12-27T05:40:27.9035478Z       460 |     await connectWallet(page, metamask)
2025-12-27T05:40:27.9036089Z     > 461 |     await page.waitForTimeout(WAIT.MEDIUM)
2025-12-27T05:40:27.9036572Z           |                ^
2025-12-27T05:40:27.9036946Z       462 |
2025-12-27T05:40:27.9037323Z       463 |     // Select first pool
2025-12-27T05:40:27.9038003Z       464 |     const poolSelector = page.locator('text=/BTD.*WBTC/i').first()
2025-12-27T05:40:27.9038992Z         at /home/runner/work/interface/interface/interface/e2e/synpress-pool.spec.ts:461:16
2025-12-27T05:40:27.9039583Z 
2025-12-27T05:40:27.9040165Z     Error Context: test-results/e2e-synpress-pool-Pool-Tab-38cbb-dd-and-Remove-within-a-pool/error-context.md
2025-12-27T05:40:27.9040820Z 
2025-12-27T05:40:27.9041235Z   Slow test file: e2e/synpress-pool.spec.ts (9.3m)
2025-12-27T05:40:27.9041797Z   Consider running tests from slow files in parallel. See: https://playwright.dev/docs/test-parallel
2025-12-27T05:40:27.9042479Z   2 failed
2025-12-27T05:40:27.9043055Z     e2e/synpress-navigation.spec.ts:158:3 › Logo Navigation › should navigate to home when clicking logo 
2025-12-27T05:40:27.9043830Z     e2e/synpress-pool.spec.ts:458:3 › Pool Tab Navigation › should switch between Add and Remove within a pool 
2025-12-27T05:40:27.9044255Z   2 skipped
2025-12-27T05:40:27.9044521Z   51 passed (28.4m)
2025-12-27T05:40:27.9363215Z ##[error]Process completed with exit code 1.
2025-12-27T05:40:27.9410443Z ##[group]Run echo "==== /tmp/interface-dev.log (tail) ===="
2025-12-27T05:40:27.9410840Z [36;1mecho "==== /tmp/interface-dev.log (tail) ===="[0m
2025-12-27T05:40:27.9411435Z [36;1mtail -200 /tmp/interface-dev.log || true[0m
2025-12-27T05:40:27.9411720Z [36;1mecho "==== /tmp/hardhat.log (tail) ===="[0m
2025-12-27T05:40:27.9411991Z [36;1mtail -200 /tmp/hardhat.log || true[0m
2025-12-27T05:40:27.9412281Z [36;1mecho "==== /tmp/ignition-deploy.log (tail) ===="[0m
2025-12-27T05:40:27.9412592Z [36;1mtail -200 /tmp/ignition-deploy.log || true[0m
2025-12-27T05:40:27.9412934Z [36;1mecho "==== /tmp/init-full-system.log (tail) ===="[0m
2025-12-27T05:40:27.9413247Z [36;1mtail -200 /tmp/init-full-system.log || true[0m
2025-12-27T05:40:27.9499363Z shell: /usr/bin/bash -e {0}
2025-12-27T05:40:27.9499590Z env:
2025-12-27T05:40:27.9499742Z   CI: true
2025-12-27T05:40:27.9499903Z   TEST_SUITE: full
2025-12-27T05:40:27.9500083Z   WALLET_PROVIDER: okx
2025-12-27T05:40:27.9500306Z ##[endgroup]
2025-12-27T05:40:27.9550459Z ==== /tmp/interface-dev.log (tail) ====
2025-12-27T05:40:27.9598595Z 
2025-12-27T05:40:27.9598872Z > brs-interface@1.0.0 dev
2025-12-27T05:40:27.9599434Z > vite --host 0.0.0.0 --port 3000
2025-12-27T05:40:27.9599694Z 
2025-12-27T05:40:27.9599701Z 
2025-12-27T05:40:27.9600208Z   [32m[1mVITE[22m v7.3.0[39m  [2mready in [0m[1m244[22m[2m[0m ms[22m
2025-12-27T05:40:27.9600718Z 
2025-12-27T05:40:27.9601522Z   [32m➜[39m  [1mLocal[22m:   [36mhttp://localhost:[1m3000[22m/[39m
2025-12-27T05:40:27.9602226Z   [32m➜[39m  [1mNetwork[22m: [36mhttp://10.1.0.212:[1m3000[22m/[39m
2025-12-27T05:40:27.9603278Z [2m5:12:05 AM[22m [36m[1m[vite][22m[39m [90m[2m(client)[22m[39m [32mpage reload [39m[2m.cache-okx/okx/domain-warning.html[22m
2025-12-27T05:40:27.9604425Z [2m5:12:05 AM[22m [36m[1m[vite][22m[39m [90m[2m(client)[22m[39m [32mpage reload [39m[2m.cache-okx/okx/fullscreen.html[22m
2025-12-27T05:40:27.9605509Z [2m5:12:05 AM[22m [36m[1m[vite][22m[39m [90m[2m(client)[22m[39m [32mpage reload [39m[2m.cache-okx/okx/home.html[22m
2025-12-27T05:40:27.9606616Z [2m5:12:05 AM[22m [36m[1m[vite][22m[39m [90m[2m(client)[22m[39m [32mpage reload [39m[2m.cache-okx/okx/notification.html[22m
2025-12-27T05:40:27.9607722Z [2m5:12:05 AM[22m [36m[1m[vite][22m[39m [90m[2m(client)[22m[39m [32mpage reload [39m[2m.cache-okx/okx/offscreen.html[22m
2025-12-27T05:40:27.9608822Z [2m5:12:05 AM[22m [36m[1m[vite][22m[39m [90m[2m(client)[22m[39m [32mpage reload [39m[2m.cache-okx/okx/popup-init.html[22m
2025-12-27T05:40:27.9610255Z [2m5:12:05 AM[22m [36m[1m[vite][22m[39m [90m[2m(client)[22m[39m [32mpage reload [39m[2m.cache-okx/okx/popup.html[22m
2025-12-27T05:40:27.9611583Z [2m5:12:05 AM[22m [36m[1m[vite][22m[39m [90m[2m(client)[22m[39m [32mpage reload [39m[2m.cache-okx/okx/sandbox.html[22m
2025-12-27T05:40:27.9612746Z [2m5:12:07 AM[22m [36m[1m[vite][22m[39m [90m[2m(client)[22m[39m [32mpage reload [39m[2m.cache-okx/okx/secure-iframe.html[22m
2025-12-27T05:40:27.9613701Z [2m5:12:07 AM[22m [36m[1m[vite][22m[39m [90m[2m(client)[22m[39m [32mpage reload [39m[2m.cache-okx/okx/ses-sandbox.html[22m
2025-12-27T05:40:27.9614647Z [2m5:12:07 AM[22m [36m[1m[vite][22m[39m [90m[2m(client)[22m[39m [32mpage reload [39m[2m.cache-okx/okx/ses.html[22m
2025-12-27T05:40:27.9615582Z [2m5:12:07 AM[22m [36m[1m[vite][22m[39m [90m[2m(client)[22m[39m [32mpage reload [39m[2m.cache-okx/okx/sidepanel-init.html[22m
2025-12-27T05:40:27.9616739Z [2m5:12:07 AM[22m [36m[1m[vite][22m[39m [90m[2m(client)[22m[39m [32mpage reload [39m[2m.cache-okx/okx/sidepanel.html[22m
2025-12-27T05:40:27.9617741Z [2m5:12:07 AM[22m [36m[1m[vite][22m[39m [90m[2m(client)[22m[39m [32mpage reload [39m[2m.cache-okx/okx/trezor-usb-permissions.html[22m
2025-12-27T05:40:27.9618313Z ==== /tmp/hardhat.log (tail) ====
2025-12-27T05:40:27.9618803Z   Contract call:       PriceOracle#getBRSPrice
2025-12-27T05:40:27.9619198Z   From:                0xf39fd6e51aad88f6f4ce6ab8827279cfffb92266
2025-12-27T05:40:27.9619767Z   To:                  0x67d269191c92caf3cd7723f116c85e6e9bf55933
2025-12-27T05:40:27.9620092Z 
2025-12-27T05:40:27.9620293Z [32meth_call[0m
2025-12-27T05:40:27.9620695Z   Contract call:       PriceOracle#getBTDPrice
2025-12-27T05:40:27.9621270Z   From:                0xf39fd6e51aad88f6f4ce6ab8827279cfffb92266
2025-12-27T05:40:27.9621882Z   To:                  0x67d269191c92caf3cd7723f116c85e6e9bf55933
2025-12-27T05:40:27.9622217Z 
2025-12-27T05:40:27.9622356Z [32meth_call[0m
2025-12-27T05:40:27.9622587Z   Contract call:       ConfigGov#mintFeeBP
2025-12-27T05:40:27.9622909Z   From:                0xf39fd6e51aad88f6f4ce6ab8827279cfffb92266
2025-12-27T05:40:27.9623248Z   To:                  0x5fc8d32690cc91d4c39d9d3abcbd16989f875707
2025-12-27T05:40:27.9623441Z 
2025-12-27T05:40:27.9623544Z [32meth_call[0m
2025-12-27T05:40:27.9623773Z   Contract call:       ConfigGov#redeemFeeBP
2025-12-27T05:40:27.9624094Z   From:                0xf39fd6e51aad88f6f4ce6ab8827279cfffb92266
2025-12-27T05:40:27.9624421Z   To:                  0x5fc8d32690cc91d4c39d9d3abcbd16989f875707
2025-12-27T05:40:27.9624615Z 
2025-12-27T05:40:27.9624717Z [32meth_call[0m
2025-12-27T05:40:27.9624963Z   Contract call:       FarmingPool#totalAllocPoint
2025-12-27T05:40:27.9625310Z   From:                0xf39fd6e51aad88f6f4ce6ab8827279cfffb92266
2025-12-27T05:40:27.9625641Z   To:                  0x851356ae760d987e095750cceb3bc6014560891c
2025-12-27T05:40:27.9625832Z 
2025-12-27T05:40:27.9625935Z [32meth_call[0m
2025-12-27T05:40:27.9626181Z   Contract call:       UniswapV2Pair#getReserves
2025-12-27T05:40:27.9626515Z   From:                0xf39fd6e51aad88f6f4ce6ab8827279cfffb92266
2025-12-27T05:40:27.9626846Z   To:                  0x2279b7a0a67db372996a5fab50d91eaa73d2ebe6
2025-12-27T05:40:27.9627032Z 
2025-12-27T05:40:27.9627137Z [32meth_call[0m
2025-12-27T05:40:27.9627371Z   Contract call:       UniswapV2Pair#totalSupply
2025-12-27T05:40:27.9627703Z   From:                0xf39fd6e51aad88f6f4ce6ab8827279cfffb92266
2025-12-27T05:40:27.9628036Z   To:                  0x2279b7a0a67db372996a5fab50d91eaa73d2ebe6
2025-12-27T05:40:27.9628221Z 
2025-12-27T05:40:27.9628327Z [32meth_call[0m
2025-12-27T05:40:27.9628543Z   Contract call:       UniswapV2Pair#token0
2025-12-27T05:40:27.9628864Z   From:                0xf39fd6e51aad88f6f4ce6ab8827279cfffb92266
2025-12-27T05:40:27.9629192Z   To:                  0x2279b7a0a67db372996a5fab50d91eaa73d2ebe6
2025-12-27T05:40:27.9629384Z 
2025-12-27T05:40:27.9629531Z [32meth_call[0m
2025-12-27T05:40:27.9629918Z   Contract call:       UniswapV2Pair#token1
2025-12-27T05:40:27.9630463Z   From:                0xf39fd6e51aad88f6f4ce6ab8827279cfffb92266
2025-12-27T05:40:27.9630806Z   To:                  0x2279b7a0a67db372996a5fab50d91eaa73d2ebe6
2025-12-27T05:40:27.9631190Z 
2025-12-27T05:40:27.9631315Z [32meth_call[0m
2025-12-27T05:40:27.9631573Z   Contract call:       UniswapV2Pair#getReserves
2025-12-27T05:40:27.9631917Z   From:                0xf39fd6e51aad88f6f4ce6ab8827279cfffb92266
2025-12-27T05:40:27.9632249Z   To:                  0x610178da211fef7d417bc0e6fed39f05609ad788
2025-12-27T05:40:27.9632441Z 
2025-12-27T05:40:27.9632614Z [32meth_call[0m
2025-12-27T05:40:27.9633231Z   Contract call:       UniswapV2Pair#totalSupply
2025-12-27T05:40:27.9633821Z   From:                0xf39fd6e51aad88f6f4ce6ab8827279cfffb92266
2025-12-27T05:40:27.9634375Z   To:                  0x610178da211fef7d417bc0e6fed39f05609ad788
2025-12-27T05:40:27.9634743Z 
2025-12-27T05:40:27.9634882Z [32meth_call[0m
2025-12-27T05:40:27.9635105Z   Contract call:       UniswapV2Pair#token0
2025-12-27T05:40:27.9635427Z   From:                0xf39fd6e51aad88f6f4ce6ab8827279cfffb92266
2025-12-27T05:40:27.9635763Z   To:                  0x610178da211fef7d417bc0e6fed39f05609ad788
2025-12-27T05:40:27.9635948Z 
2025-12-27T05:40:27.9636056Z [32meth_call[0m
2025-12-27T05:40:27.9636398Z   Contract call:       UniswapV2Pair#token1
2025-12-27T05:40:27.9636735Z   From:                0xf39fd6e51aad88f6f4ce6ab8827279cfffb92266
2025-12-27T05:40:27.9637076Z   To:                  0x610178da211fef7d417bc0e6fed39f05609ad788
2025-12-27T05:40:27.9637263Z 
2025-12-27T05:40:27.9637375Z [32meth_call[0m
2025-12-27T05:40:27.9637610Z   Contract call:       UniswapV2Pair#getReserves
2025-12-27T05:40:27.9637941Z   From:                0xf39fd6e51aad88f6f4ce6ab8827279cfffb92266
2025-12-27T05:40:27.9638272Z   To:                  0x8a791620dd6260079bf849dc5567adc3f2fdc318
2025-12-27T05:40:27.9638475Z 
2025-12-27T05:40:27.9638577Z [32meth_call[0m
2025-12-27T05:40:27.9638813Z   Contract call:       UniswapV2Pair#totalSupply
2025-12-27T05:40:27.9639149Z   From:                0xf39fd6e51aad88f6f4ce6ab8827279cfffb92266
2025-12-27T05:40:27.9639479Z   To:                  0x8a791620dd6260079bf849dc5567adc3f2fdc318
2025-12-27T05:40:27.9639669Z 
2025-12-27T05:40:27.9639769Z [32meth_call[0m
2025-12-27T05:40:27.9639989Z   Contract call:       UniswapV2Pair#token1
2025-12-27T05:40:27.9640307Z   From:                0xf39fd6e51aad88f6f4ce6ab8827279cfffb92266
2025-12-27T05:40:27.9640638Z   To:                  0x8a791620dd6260079bf849dc5567adc3f2fdc318
2025-12-27T05:40:27.9640822Z 
2025-12-27T05:40:27.9641114Z [32meth_call[0m
2025-12-27T05:40:27.9641423Z   Contract call:       UniswapV2Pair#token0
2025-12-27T05:40:27.9641747Z   From:                0xf39fd6e51aad88f6f4ce6ab8827279cfffb92266
2025-12-27T05:40:27.9642081Z   To:                  0x8a791620dd6260079bf849dc5567adc3f2fdc318
2025-12-27T05:40:27.9642269Z 
2025-12-27T05:40:27.9642389Z [32meth_call[0m
2025-12-27T05:40:27.9642604Z   Contract call:       FarmingPool#poolInfo
2025-12-27T05:40:27.9642924Z   From:                0xf39fd6e51aad88f6f4ce6ab8827279cfffb92266
2025-12-27T05:40:27.9643255Z   To:                  0x851356ae760d987e095750cceb3bc6014560891c
2025-12-27T05:40:27.9643439Z 
2025-12-27T05:40:27.9643547Z [32meth_call[0m
2025-12-27T05:40:27.9643769Z   Contract call:       FarmingPool#poolInfo
2025-12-27T05:40:27.9644097Z   From:                0xf39fd6e51aad88f6f4ce6ab8827279cfffb92266
2025-12-27T05:40:27.9644428Z   To:                  0x851356ae760d987e095750cceb3bc6014560891c
2025-12-27T05:40:27.9644610Z 
2025-12-27T05:40:27.9644718Z [32meth_call[0m
2025-12-27T05:40:27.9644936Z   Contract call:       FarmingPool#poolInfo
2025-12-27T05:40:27.9645247Z   From:                0xf39fd6e51aad88f6f4ce6ab8827279cfffb92266
2025-12-27T05:40:27.9645578Z   To:                  0x851356ae760d987e095750cceb3bc6014560891c
2025-12-27T05:40:27.9645768Z 
2025-12-27T05:40:27.9645868Z [32meth_call[0m
2025-12-27T05:40:27.9646085Z   Contract call:       FarmingPool#poolInfo
2025-12-27T05:40:27.9646399Z   From:                0xf39fd6e51aad88f6f4ce6ab8827279cfffb92266
2025-12-27T05:40:27.9646722Z   To:                  0x851356ae760d987e095750cceb3bc6014560891c
2025-12-27T05:40:27.9646908Z 
2025-12-27T05:40:27.9647008Z [32meth_call[0m
2025-12-27T05:40:27.9647228Z   Contract call:       FarmingPool#poolInfo
2025-12-27T05:40:27.9647549Z   From:                0xf39fd6e51aad88f6f4ce6ab8827279cfffb92266
2025-12-27T05:40:27.9647890Z   To:                  0x851356ae760d987e095750cceb3bc6014560891c
2025-12-27T05:40:27.9648078Z 
2025-12-27T05:40:27.9648193Z [32meth_call[0m
2025-12-27T05:40:27.9648418Z   Contract call:       FarmingPool#poolInfo
2025-12-27T05:40:27.9648738Z   From:                0xf39fd6e51aad88f6f4ce6ab8827279cfffb92266
2025-12-27T05:40:27.9649068Z   To:                  0x851356ae760d987e095750cceb3bc6014560891c
2025-12-27T05:40:27.9649393Z 
2025-12-27T05:40:27.9649507Z [32meth_call[0m
2025-12-27T05:40:27.9649724Z   Contract call:       FarmingPool#poolInfo
2025-12-27T05:40:27.9650045Z   From:                0xf39fd6e51aad88f6f4ce6ab8827279cfffb92266
2025-12-27T05:40:27.9650377Z   To:                  0x851356ae760d987e095750cceb3bc6014560891c
2025-12-27T05:40:27.9650560Z 
2025-12-27T05:40:27.9650668Z [32meth_call[0m
2025-12-27T05:40:27.9651240Z   Contract call:       FarmingPool#poolInfo
2025-12-27T05:40:27.9651652Z   From:                0xf39fd6e51aad88f6f4ce6ab8827279cfffb92266
2025-12-27T05:40:27.9652010Z   To:                  0x851356ae760d987e095750cceb3bc6014560891c
2025-12-27T05:40:27.9652199Z 
2025-12-27T05:40:27.9652331Z [32meth_call[0m
2025-12-27T05:40:27.9652565Z   Contract call:       FarmingPool#poolInfo
2025-12-27T05:40:27.9652890Z   From:                0xf39fd6e51aad88f6f4ce6ab8827279cfffb92266
2025-12-27T05:40:27.9653220Z   To:                  0x851356ae760d987e095750cceb3bc6014560891c
2025-12-27T05:40:27.9653411Z 
2025-12-27T05:40:27.9653513Z [32meth_call[0m
2025-12-27T05:40:27.9653743Z   Contract call:       FarmingPool#poolInfo
2025-12-27T05:40:27.9654058Z   From:                0xf39fd6e51aad88f6f4ce6ab8827279cfffb92266
2025-12-27T05:40:27.9654377Z   To:                  0x851356ae760d987e095750cceb3bc6014560891c
2025-12-27T05:40:27.9654565Z 
2025-12-27T05:40:27.9654666Z [32meth_call[0m
2025-12-27T05:40:27.9654937Z   Contract call:       FarmingPool#currentRewardPerSecond
2025-12-27T05:40:27.9655301Z   From:                0xf39fd6e51aad88f6f4ce6ab8827279cfffb92266
2025-12-27T05:40:27.9655625Z   To:                  0x851356ae760d987e095750cceb3bc6014560891c
2025-12-27T05:40:27.9655804Z 
2025-12-27T05:40:27.9655904Z [32meth_call[0m
2025-12-27T05:40:27.9656109Z   Contract call:       BRS#symbol
2025-12-27T05:40:27.9656396Z   From:                0xf39fd6e51aad88f6f4ce6ab8827279cfffb92266
2025-12-27T05:40:27.9656726Z   To:                  0x5fbdb2315678afecb367f032d93f642f64180aa3
2025-12-27T05:40:27.9656913Z 
2025-12-27T05:40:27.9657020Z [32meth_call[0m
2025-12-27T05:40:27.9657219Z   Contract call:       BRS#decimals
2025-12-27T05:40:27.9657515Z   From:                0xf39fd6e51aad88f6f4ce6ab8827279cfffb92266
2025-12-27T05:40:27.9657841Z   To:                  0x5fbdb2315678afecb367f032d93f642f64180aa3
2025-12-27T05:40:27.9658023Z 
2025-12-27T05:40:27.9658128Z [32meth_call[0m
2025-12-27T05:40:27.9658320Z   Contract call:       BTD#symbol
2025-12-27T05:40:27.9658616Z   From:                0xf39fd6e51aad88f6f4ce6ab8827279cfffb92266
2025-12-27T05:40:27.9658940Z   To:                  0x9fe46736679d2d9a65f0992f2272de9f3c7fa6e0
2025-12-27T05:40:27.9659121Z 
2025-12-27T05:40:27.9659226Z [32meth_call[0m
2025-12-27T05:40:27.9659427Z   Contract call:       BTD#decimals
2025-12-27T05:40:27.9659717Z   From:                0xf39fd6e51aad88f6f4ce6ab8827279cfffb92266
2025-12-27T05:40:27.9660040Z   To:                  0x9fe46736679d2d9a65f0992f2272de9f3c7fa6e0
2025-12-27T05:40:27.9660225Z 
2025-12-27T05:40:27.9660330Z [32meth_call[0m
2025-12-27T05:40:27.9660528Z   Contract call:       BTD#symbol
2025-12-27T05:40:27.9660815Z   From:                0xf39fd6e51aad88f6f4ce6ab8827279cfffb92266
2025-12-27T05:40:27.9661364Z   To:                  0x9fe46736679d2d9a65f0992f2272de9f3c7fa6e0
2025-12-27T05:40:27.9661551Z 
2025-12-27T05:40:27.9661660Z [32meth_call[0m
2025-12-27T05:40:27.9661858Z   Contract call:       BTD#decimals
2025-12-27T05:40:27.9662153Z   From:                0xf39fd6e51aad88f6f4ce6ab8827279cfffb92266
2025-12-27T05:40:27.9662476Z   To:                  0x9fe46736679d2d9a65f0992f2272de9f3c7fa6e0
2025-12-27T05:40:27.9662655Z 
2025-12-27T05:40:27.9662754Z [32meth_call[0m
2025-12-27T05:40:27.9662960Z   Contract call:       MockUSDC#symbol
2025-12-27T05:40:27.9663265Z   From:                0xf39fd6e51aad88f6f4ce6ab8827279cfffb92266
2025-12-27T05:40:27.9663612Z   To:                  0x0dcd1bf9a1b36ce34237eeafef220932846bcd82
2025-12-27T05:40:27.9663803Z 
2025-12-27T05:40:27.9663903Z [32meth_call[0m
2025-12-27T05:40:27.9664254Z   Contract call:       MockUSDC#decimals
2025-12-27T05:40:27.9664570Z   From:                0xf39fd6e51aad88f6f4ce6ab8827279cfffb92266
2025-12-27T05:40:27.9664905Z   To:                  0x0dcd1bf9a1b36ce34237eeafef220932846bcd82
2025-12-27T05:40:27.9665090Z 
2025-12-27T05:40:27.9665202Z [32meth_call[0m
2025-12-27T05:40:27.9665399Z   Contract call:       BTB#symbol
2025-12-27T05:40:27.9665801Z   From:                0xf39fd6e51aad88f6f4ce6ab8827279cfffb92266
2025-12-27T05:40:27.9666134Z   To:                  0xe7f1725e7734ce288f8367e1bb143e90bb3f0512
2025-12-27T05:40:27.9666316Z 
2025-12-27T05:40:27.9666425Z [32meth_call[0m
2025-12-27T05:40:27.9666623Z   Contract call:       BTD#symbol
2025-12-27T05:40:27.9666904Z   From:                0xf39fd6e51aad88f6f4ce6ab8827279cfffb92266
2025-12-27T05:40:27.9667225Z   To:                  0x9fe46736679d2d9a65f0992f2272de9f3c7fa6e0
2025-12-27T05:40:27.9667409Z 
2025-12-27T05:40:27.9667511Z [32meth_call[0m
2025-12-27T05:40:27.9667719Z   Contract call:       BTB#decimals
2025-12-27T05:40:27.9668013Z   From:                0xf39fd6e51aad88f6f4ce6ab8827279cfffb92266
2025-12-27T05:40:27.9668339Z   To:                  0xe7f1725e7734ce288f8367e1bb143e90bb3f0512
2025-12-27T05:40:27.9668525Z 
2025-12-27T05:40:27.9668626Z [32meth_call[0m
2025-12-27T05:40:27.9668826Z   Contract call:       BTD#decimals
2025-12-27T05:40:27.9669120Z   From:                0xf39fd6e51aad88f6f4ce6ab8827279cfffb92266
2025-12-27T05:40:27.9669439Z   To:                  0x9fe46736679d2d9a65f0992f2272de9f3c7fa6e0
2025-12-27T05:40:27.9669629Z 
2025-12-27T05:40:27.9669764Z [32meth_getBlockByNumber[0m
2025-12-27T05:40:27.9670045Z ==== /tmp/ignition-deploy.log (tail) ====
2025-12-27T05:40:27.9670365Z [7A[0JBatch #3
2025-12-27T05:40:27.9670592Z   Executed FullSystemV2#IdealUSDManager
2025-12-27T05:40:27.9670872Z   Executed FullSystemV2#InterestPool
2025-12-27T05:40:27.9671261Z   Executed FullSystemV2#Minter
2025-12-27T05:40:27.9671513Z   Executed FullSystemV2#PriceOracle
2025-12-27T05:40:27.9671783Z   Executing FullSystemV2#Treasury...
2025-12-27T05:40:27.9671939Z 
2025-12-27T05:40:27.9672036Z [7A[0JBatch #3
2025-12-27T05:40:27.9672253Z   Executed FullSystemV2#IdealUSDManager
2025-12-27T05:40:27.9672522Z   Executed FullSystemV2#InterestPool
2025-12-27T05:40:27.9672772Z   Executed FullSystemV2#Minter
2025-12-27T05:40:27.9673014Z   Executed FullSystemV2#PriceOracle
2025-12-27T05:40:27.9673266Z   Executed FullSystemV2#Treasury
2025-12-27T05:40:27.9673418Z 
2025-12-27T05:40:27.9673508Z [7A[0JBatch #3
2025-12-27T05:40:27.9673718Z   Executed FullSystemV2#IdealUSDManager
2025-12-27T05:40:27.9673985Z   Executed FullSystemV2#InterestPool
2025-12-27T05:40:27.9674230Z   Executed FullSystemV2#Minter
2025-12-27T05:40:27.9674467Z   Executed FullSystemV2#PriceOracle
2025-12-27T05:40:27.9674716Z   Executed FullSystemV2#Treasury
2025-12-27T05:40:27.9674859Z 
2025-12-27T05:40:27.9674935Z Batch #4
2025-12-27T05:40:27.9675204Z   Executing FullSystemV2#BTBGrantMinterRoleInterestPool...
2025-12-27T05:40:27.9675585Z   Executing FullSystemV2#BTBGrantMinterRoleMinter...
2025-12-27T05:40:27.9675963Z   Executing FullSystemV2#BTDGrantMinterRoleInterestPool...
2025-12-27T05:40:27.9676338Z   Executing FullSystemV2#BTDGrantMinterRoleMinter...
2025-12-27T05:40:27.9676707Z   Executing FullSystemV2#ConfigCore.setCoreContracts...
2025-12-27T05:40:27.9677026Z   Executing FullSystemV2#FarmingPool...
2025-12-27T05:40:27.9677201Z 
2025-12-27T05:40:27.9677299Z [8A[0JBatch #4
2025-12-27T05:40:27.9677573Z   Executing FullSystemV2#BTBGrantMinterRoleInterestPool...
2025-12-27T05:40:27.9677943Z   Executing FullSystemV2#BTBGrantMinterRoleMinter...
2025-12-27T05:40:27.9678314Z   Executing FullSystemV2#BTDGrantMinterRoleInterestPool...
2025-12-27T05:40:27.9678681Z   Executing FullSystemV2#BTDGrantMinterRoleMinter...
2025-12-27T05:40:27.9679037Z   Executing FullSystemV2#ConfigCore.setCoreContracts...
2025-12-27T05:40:27.9679356Z   Executing FullSystemV2#FarmingPool...
2025-12-27T05:40:27.9679522Z 
2025-12-27T05:40:27.9679747Z [8A[0JBatch #4
2025-12-27T05:40:27.9680047Z   Executed FullSystemV2#BTBGrantMinterRoleInterestPool
2025-12-27T05:40:27.9680414Z   Executing FullSystemV2#BTBGrantMinterRoleMinter...
2025-12-27T05:40:27.9680798Z   Executing FullSystemV2#BTDGrantMinterRoleInterestPool...
2025-12-27T05:40:27.9681281Z   Executing FullSystemV2#BTDGrantMinterRoleMinter...
2025-12-27T05:40:27.9681642Z   Executing FullSystemV2#ConfigCore.setCoreContracts...
2025-12-27T05:40:27.9682070Z   Executing FullSystemV2#FarmingPool...
2025-12-27T05:40:27.9682251Z 
2025-12-27T05:40:27.9682350Z [8A[0JBatch #4
2025-12-27T05:40:27.9682618Z   Executed FullSystemV2#BTBGrantMinterRoleInterestPool
2025-12-27T05:40:27.9682971Z   Executing FullSystemV2#BTBGrantMinterRoleMinter...
2025-12-27T05:40:27.9683339Z   Executing FullSystemV2#BTDGrantMinterRoleInterestPool...
2025-12-27T05:40:27.9683702Z   Executing FullSystemV2#BTDGrantMinterRoleMinter...
2025-12-27T05:40:27.9684055Z   Executing FullSystemV2#ConfigCore.setCoreContracts...
2025-12-27T05:40:27.9684378Z   Executing FullSystemV2#FarmingPool...
2025-12-27T05:40:27.9684543Z 
2025-12-27T05:40:27.9684644Z [8A[0JBatch #4
2025-12-27T05:40:27.9684897Z   Executed FullSystemV2#BTBGrantMinterRoleInterestPool
2025-12-27T05:40:27.9685236Z   Executed FullSystemV2#BTBGrantMinterRoleMinter
2025-12-27T05:40:27.9685604Z   Executing FullSystemV2#BTDGrantMinterRoleInterestPool...
2025-12-27T05:40:27.9685980Z   Executing FullSystemV2#BTDGrantMinterRoleMinter...
2025-12-27T05:40:27.9686335Z   Executing FullSystemV2#ConfigCore.setCoreContracts...
2025-12-27T05:40:27.9686646Z   Executing FullSystemV2#FarmingPool...
2025-12-27T05:40:27.9686817Z 
2025-12-27T05:40:27.9686908Z [8A[0JBatch #4
2025-12-27T05:40:27.9687182Z   Executed FullSystemV2#BTBGrantMinterRoleInterestPool
2025-12-27T05:40:27.9687519Z   Executed FullSystemV2#BTBGrantMinterRoleMinter
2025-12-27T05:40:27.9687884Z   Executing FullSystemV2#BTDGrantMinterRoleInterestPool...
2025-12-27T05:40:27.9688246Z   Executing FullSystemV2#BTDGrantMinterRoleMinter...
2025-12-27T05:40:27.9688615Z   Executing FullSystemV2#ConfigCore.setCoreContracts...
2025-12-27T05:40:27.9688932Z   Executing FullSystemV2#FarmingPool...
2025-12-27T05:40:27.9689094Z 
2025-12-27T05:40:27.9689190Z [8A[0JBatch #4
2025-12-27T05:40:27.9689436Z   Executed FullSystemV2#BTBGrantMinterRoleInterestPool
2025-12-27T05:40:27.9689774Z   Executed FullSystemV2#BTBGrantMinterRoleMinter
2025-12-27T05:40:27.9690118Z   Executed FullSystemV2#BTDGrantMinterRoleInterestPool
2025-12-27T05:40:27.9690466Z   Executing FullSystemV2#BTDGrantMinterRoleMinter...
2025-12-27T05:40:27.9690817Z   Executing FullSystemV2#ConfigCore.setCoreContracts...
2025-12-27T05:40:27.9691363Z   Executing FullSystemV2#FarmingPool...
2025-12-27T05:40:27.9691538Z 
2025-12-27T05:40:27.9691640Z [8A[0JBatch #4
2025-12-27T05:40:27.9691897Z   Executed FullSystemV2#BTBGrantMinterRoleInterestPool
2025-12-27T05:40:27.9692234Z   Executed FullSystemV2#BTBGrantMinterRoleMinter
2025-12-27T05:40:27.9692572Z   Executed FullSystemV2#BTDGrantMinterRoleInterestPool
2025-12-27T05:40:27.9692921Z   Executing FullSystemV2#BTDGrantMinterRoleMinter...
2025-12-27T05:40:27.9693274Z   Executing FullSystemV2#ConfigCore.setCoreContracts...
2025-12-27T05:40:27.9693589Z   Executing FullSystemV2#FarmingPool...
2025-12-27T05:40:27.9693755Z 
2025-12-27T05:40:27.9693851Z [8A[0JBatch #4
2025-12-27T05:40:27.9694098Z   Executed FullSystemV2#BTBGrantMinterRoleInterestPool
2025-12-27T05:40:27.9694436Z   Executed FullSystemV2#BTBGrantMinterRoleMinter
2025-12-27T05:40:27.9694776Z   Executed FullSystemV2#BTDGrantMinterRoleInterestPool
2025-12-27T05:40:27.9695115Z   Executed FullSystemV2#BTDGrantMinterRoleMinter
2025-12-27T05:40:27.9695461Z   Executing FullSystemV2#ConfigCore.setCoreContracts...
2025-12-27T05:40:27.9695775Z   Executing FullSystemV2#FarmingPool...
2025-12-27T05:40:27.9695940Z 
2025-12-27T05:40:27.9696030Z [8A[0JBatch #4
2025-12-27T05:40:27.9696278Z   Executed FullSystemV2#BTBGrantMinterRoleInterestPool
2025-12-27T05:40:27.9696612Z   Executed FullSystemV2#BTBGrantMinterRoleMinter
2025-12-27T05:40:27.9697084Z   Executed FullSystemV2#BTDGrantMinterRoleInterestPool
2025-12-27T05:40:27.9697423Z   Executed FullSystemV2#BTDGrantMinterRoleMinter
2025-12-27T05:40:27.9697768Z   Executing FullSystemV2#ConfigCore.setCoreContracts...
2025-12-27T05:40:27.9698086Z   Executing FullSystemV2#FarmingPool...
2025-12-27T05:40:27.9698249Z 
2025-12-27T05:40:27.9698349Z [8A[0JBatch #4
2025-12-27T05:40:27.9698697Z   Executed FullSystemV2#BTBGrantMinterRoleInterestPool
2025-12-27T05:40:27.9699045Z   Executed FullSystemV2#BTBGrantMinterRoleMinter
2025-12-27T05:40:27.9699385Z   Executed FullSystemV2#BTDGrantMinterRoleInterestPool
2025-12-27T05:40:27.9699724Z   Executed FullSystemV2#BTDGrantMinterRoleMinter
2025-12-27T05:40:27.9700056Z   Executed FullSystemV2#ConfigCore.setCoreContracts
2025-12-27T05:40:27.9700364Z   Executing FullSystemV2#FarmingPool...
2025-12-27T05:40:27.9700534Z 
2025-12-27T05:40:27.9700626Z [8A[0JBatch #4
2025-12-27T05:40:27.9700877Z   Executed FullSystemV2#BTBGrantMinterRoleInterestPool
2025-12-27T05:40:27.9701451Z   Executed FullSystemV2#BTBGrantMinterRoleMinter
2025-12-27T05:40:27.9701789Z   Executed FullSystemV2#BTDGrantMinterRoleInterestPool
2025-12-27T05:40:27.9702126Z   Executed FullSystemV2#BTDGrantMinterRoleMinter
2025-12-27T05:40:27.9702455Z   Executed FullSystemV2#ConfigCore.setCoreContracts
2025-12-27T05:40:27.9702761Z   Executing FullSystemV2#FarmingPool...
2025-12-27T05:40:27.9702922Z 
2025-12-27T05:40:27.9703029Z [8A[0JBatch #4
2025-12-27T05:40:27.9703283Z   Executed FullSystemV2#BTBGrantMinterRoleInterestPool
2025-12-27T05:40:27.9703621Z   Executed FullSystemV2#BTBGrantMinterRoleMinter
2025-12-27T05:40:27.9703962Z   Executed FullSystemV2#BTDGrantMinterRoleInterestPool
2025-12-27T05:40:27.9704298Z   Executed FullSystemV2#BTDGrantMinterRoleMinter
2025-12-27T05:40:27.9704627Z   Executed FullSystemV2#ConfigCore.setCoreContracts
2025-12-27T05:40:27.9704925Z   Executed FullSystemV2#FarmingPool
2025-12-27T05:40:27.9705089Z 
2025-12-27T05:40:27.9705186Z [8A[0JBatch #4
2025-12-27T05:40:27.9705442Z   Executed FullSystemV2#BTBGrantMinterRoleInterestPool
2025-12-27T05:40:27.9705781Z   Executed FullSystemV2#BTBGrantMinterRoleMinter
2025-12-27T05:40:27.9706111Z   Executed FullSystemV2#BTDGrantMinterRoleInterestPool
2025-12-27T05:40:27.9706444Z   Executed FullSystemV2#BTDGrantMinterRoleMinter
2025-12-27T05:40:27.9706769Z   Executed FullSystemV2#ConfigCore.setCoreContracts
2025-12-27T05:40:27.9707071Z   Executed FullSystemV2#FarmingPool
2025-12-27T05:40:27.9707224Z 
2025-12-27T05:40:27.9707298Z Batch #5
2025-12-27T05:40:27.9707501Z   Executing FullSystemV2#StakingRouter...
2025-12-27T05:40:27.9707826Z   Executing FullSystemV2#TransferBRSToFarmingPool...
2025-12-27T05:40:27.9708034Z 
2025-12-27T05:40:27.9708125Z [4A[0JBatch #5
2025-12-27T05:40:27.9708339Z   Executing FullSystemV2#StakingRouter...
2025-12-27T05:40:27.9708647Z   Executing FullSystemV2#TransferBRSToFarmingPool...
2025-12-27T05:40:27.9708851Z 
2025-12-27T05:40:27.9708940Z [4A[0JBatch #5
2025-12-27T05:40:27.9709156Z   Executed FullSystemV2#StakingRouter
2025-12-27T05:40:27.9709463Z   Executing FullSystemV2#TransferBRSToFarmingPool...
2025-12-27T05:40:27.9709659Z 
2025-12-27T05:40:27.9709755Z [4A[0JBatch #5
2025-12-27T05:40:27.9709955Z   Executed FullSystemV2#StakingRouter
2025-12-27T05:40:27.9710261Z   Executing FullSystemV2#TransferBRSToFarmingPool...
2025-12-27T05:40:27.9710470Z 
2025-12-27T05:40:27.9710563Z [4A[0JBatch #5
2025-12-27T05:40:27.9710782Z   Executed FullSystemV2#StakingRouter
2025-12-27T05:40:27.9711187Z   Executed FullSystemV2#TransferBRSToFarmingPool
2025-12-27T05:40:27.9711384Z 
2025-12-27T05:40:27.9711476Z [4A[0JBatch #5
2025-12-27T05:40:27.9711682Z   Executed FullSystemV2#StakingRouter
2025-12-27T05:40:27.9711972Z   Executed FullSystemV2#TransferBRSToFarmingPool
2025-12-27T05:40:27.9712159Z 
2025-12-27T05:40:27.9712232Z Batch #6
2025-12-27T05:40:27.9712506Z   Executing FullSystemV2#ConfigCore.setPeripheralContracts...
2025-12-27T05:40:27.9712753Z 
2025-12-27T05:40:27.9712979Z [3A[0JBatch #6
2025-12-27T05:40:27.9713275Z   Executing FullSystemV2#ConfigCore.setPeripheralContracts...
2025-12-27T05:40:27.9713513Z 
2025-12-27T05:40:27.9713607Z [3A[0JBatch #6
2025-12-27T05:40:27.9713882Z   Executed FullSystemV2#ConfigCore.setPeripheralContracts
2025-12-27T05:40:27.9714102Z 
2025-12-27T05:40:27.9714192Z [3A[0JBatch #6
2025-12-27T05:40:27.9714456Z   Executed FullSystemV2#ConfigCore.setPeripheralContracts
2025-12-27T05:40:27.9714678Z 
2025-12-27T05:40:27.9714983Z [ FullSystemV2 ] successfully deployed 🚀
2025-12-27T05:40:27.9715161Z 
2025-12-27T05:40:27.9715255Z Deployed Addresses
2025-12-27T05:40:27.9715366Z 
2025-12-27T05:40:27.9715581Z FullSystemV2#BRS - 0x5FbDB2315678afecb367f032d93F642f64180aa3
2025-12-27T05:40:27.9716009Z FullSystemV2#BTB - 0xe7f1725E7734CE288F8367e1Bb143E90bb3F0512
2025-12-27T05:40:27.9716432Z FullSystemV2#BTD - 0x9fE46736679d2D9a65F0992F2272dE9f3c7fa6e0
2025-12-27T05:40:27.9716918Z FullSystemV2#ChainlinkBTCUSD - 0xCf7Ed3AccA5a467e9e704C703E8D87F634fB0Fc9
2025-12-27T05:40:27.9717472Z FullSystemV2#ChainlinkWBTCBTC - 0xDc64a140Aa3E981100a9becA4E685f962f0cF6C9
2025-12-27T05:40:27.9717985Z FullSystemV2#ConfigGov - 0x5FC8d32690cc91D4c39d9d3abcBD16989F875707
2025-12-27T05:40:27.9718456Z FullSystemV2#MockPyth - 0x0165878A594ca255338adfa4d48449f69242Eb8F
2025-12-27T05:40:27.9718944Z FullSystemV2#MockRedstone - 0xa513E6E4b8f2a923D98304ec87F64353C4D5C853
2025-12-27T05:40:27.9719443Z FullSystemV2#PairBRSBTD - 0x2279B7A0a67DB372996a5FaB50D91eAA73d2eBe6
2025-12-27T05:40:27.9719923Z FullSystemV2#PairBTBBTD - 0x8A791620dd6260079BF849Dc5567aDC3F2FdC318
2025-12-27T05:40:27.9720396Z FullSystemV2#PairBTDUSDC - 0x610178dA211FEF7D417bC0e6FeD39F05609AD788
2025-12-27T05:40:27.9721027Z FullSystemV2#PairWBTCUSDC - 0xB7f8BC63BbcaD18155201308C8f3540b07f84F5e
2025-12-27T05:40:27.9721599Z FullSystemV2#TWAPOracle - 0xA51c1fc2f0D1a1b8494Ed1FE312d7C3a78Ed91C0
2025-12-27T05:40:27.9722061Z FullSystemV2#USDC - 0x0DCd1Bf9A1b36cE34237eEaFef220932846BCD82
2025-12-27T05:40:27.9722498Z FullSystemV2#USDT - 0x9A676e781A523b5d0C0e43731313A708CB607508
2025-12-27T05:40:27.9722927Z FullSystemV2#WBTC - 0x0B306BF915C4d645ff596e518fAf3F9669b97016
2025-12-27T05:40:27.9723357Z FullSystemV2#WETH - 0x959922bE3CAee4b8Cd9a407cc3ac1C251C2007B1
2025-12-27T05:40:27.9723818Z FullSystemV2#ConfigCore - 0x9A9f2CCfdE556A7E9Ff0848998Aa4a0CFD8863AE
2025-12-27T05:40:27.9724280Z FullSystemV2#stBTB - 0xa85233C63b9Ee964Add6F2cffe00Fd84eb32338f
2025-12-27T05:40:27.9724718Z FullSystemV2#stBTD - 0x4A679253410272dd5232B3Ff7cF5dbB88f295319
2025-12-27T05:40:27.9725203Z FullSystemV2#IdealUSDManager - 0x7a2088a1bFc9d81c55368AE168C2C02570cB814F
2025-12-27T05:40:27.9725714Z FullSystemV2#InterestPool - 0x09635F643e140090A9A8Dcd712eD6285858ceBef
2025-12-27T05:40:27.9726184Z FullSystemV2#Minter - 0xc5a5C42992dECbae36851359345FE25997F5C42d
2025-12-27T05:40:27.9726660Z FullSystemV2#PriceOracle - 0x67d269191c92Caf3cD7723F116c85e6E9bf55933
2025-12-27T05:40:27.9727134Z FullSystemV2#Treasury - 0xE6E340D132b5f46d1e472DebcD681B2aBc16e57E
2025-12-27T05:40:27.9727627Z FullSystemV2#FarmingPool - 0x851356ae760d987E095750cCeb3bC6014560891C
2025-12-27T05:40:27.9728135Z FullSystemV2#StakingRouter - 0xf5059a5D33d5853360D16C683c16e67980206f36
2025-12-27T05:40:27.9728540Z ==== /tmp/init-full-system.log (tail) ====
2025-12-27T05:40:27.9728821Z Loading Hardhat config...
2025-12-27T05:40:27.9729477Z [dotenv@17.2.3] injecting env (0) from .env -- tip: ⚙️  specify custom .env file path with { path: '/custom/path/.env' }
2025-12-27T05:40:27.9729855Z 
2025-12-27T05:40:27.9731250Z Warning: SPDX license identifier not provided in source file. Before publishing, consider adding a comment containing "SPDX-License-Identifier: <SPDX-License>" to each source file. Use "SPDX-License-Identifier: UNLICENSED" for non-open-source code. Please see https://spdx.org for more information.
2025-12-27T05:40:27.9732516Z --> ./node_modules/@uniswap/v2-core/contracts/interfaces/IUniswapV2Pair.sol
2025-12-27T05:40:27.9732796Z 
2025-12-27T05:40:27.9733161Z Warning: Unused function parameter. Remove or comment out the variable name to silence this warning.
2025-12-27T05:40:27.9733791Z   --> ./contracts/InterestPool.sol:90:9:
2025-12-27T05:40:27.9734035Z    |
2025-12-27T05:40:27.9734242Z 90 |         address _rateOracle
2025-12-27T05:40:27.9734487Z    |         ^^^^^^^^^^^^^^^^^^^
2025-12-27T05:40:27.9734623Z 
2025-12-27T05:40:27.9734981Z Warning: Unused function parameter. Remove or comment out the variable name to silence this warning.
2025-12-27T05:40:27.9735608Z   --> ./contracts/local/MockPriceOracle.sol:89:23:
2025-12-27T05:40:27.9735873Z    |
2025-12-27T05:40:27.9736242Z 89 |     function getPrice(address token) external view override returns (uint256) {
2025-12-27T05:40:27.9736622Z    |                       ^^^^^^^^^^^^^
2025-12-27T05:40:27.9747546Z 
2025-12-27T05:40:27.9748000Z Warning: Unused function parameter. Remove or comment out the variable name to silence this warning.
2025-12-27T05:40:27.9748562Z   --> ./contracts/local/UniswapV2Pair.sol:81:52:
2025-12-27T05:40:27.9748834Z    |
2025-12-27T05:40:27.9749299Z 81 |     function _update(uint balance0, uint balance1, uint112 _reserve0, uint112 _reserve1) private {
2025-12-27T05:40:27.9749773Z    |                                                    ^^^^^^^^^^^^^^^^^
2025-12-27T05:40:27.9749957Z 
2025-12-27T05:40:27.9750331Z Warning: Unused function parameter. Remove or comment out the variable name to silence this warning.
2025-12-27T05:40:27.9750817Z   --> ./contracts/local/UniswapV2Pair.sol:81:71:
2025-12-27T05:40:27.9751328Z    |
2025-12-27T05:40:27.9751777Z 81 |     function _update(uint balance0, uint balance1, uint112 _reserve0, uint112 _reserve1) private {
2025-12-27T05:40:27.9752254Z    |                                                                       ^^^^^^^^^^^^^^^^^
2025-12-27T05:40:27.9752443Z 
2025-12-27T05:40:27.9752663Z Warning: Function state mutability can be restricted to pure
2025-12-27T05:40:27.9753031Z   --> ./contracts/local/MockPriceOracle.sol:89:5:
2025-12-27T05:40:27.9753287Z    |
2025-12-27T05:40:27.9753652Z 89 |     function getPrice(address token) external view override returns (uint256) {
2025-12-27T05:40:27.9754168Z    |     ^ (Relevant source part starts here and spans across multiple lines).
2025-12-27T05:40:27.9754428Z 
2025-12-27T05:40:27.9754434Z 
2025-12-27T05:40:27.9754439Z 
2025-12-27T05:40:27.9754536Z => configure roles...
2025-12-27T05:40:27.9754763Z    -> Grant BTD MINTER to owner
2025-12-27T05:40:27.9755015Z    -> Grant BTB MINTER to owner
2025-12-27T05:40:27.9755258Z    -> Grant BTD MINTER to Minter
2025-12-27T05:40:27.9755500Z    -> Grant BTB MINTER to Minter
2025-12-27T05:40:27.9755725Z => set oracle prices...
2025-12-27T05:40:27.9755971Z => add LP liquidity and mint LP...
2025-12-27T05:40:27.9756327Z    ✓ WBTC/USDC LP minted: 30937
2025-12-27T05:40:27.9756625Z    ✓ BTD/USDC LP minted: 999999999000
2025-12-27T05:40:27.9756937Z    ✓ BTB/BTD LP minted: 999999999999999000
2025-12-27T05:40:27.9757240Z    ✓ BRS/BTD LP minted: 9999999999999000
2025-12-27T05:40:27.9757502Z => init stBTD/stBTB vaults...
2025-12-27T05:40:27.9757785Z => configure FarmingPool pools...
2025-12-27T05:40:27.9758038Z => seed staking for pools...
2025-12-27T05:40:27.9758615Z    ⚠️  pool 0 (BRS/BTD LP) stake skipped/failed: The contract function "deposit" reverted with the following reason:
2025-12-27T05:40:27.9759069Z Internal error
2025-12-27T05:40:27.9759184Z 
2025-12-27T05:40:27.9759255Z Contract Call:
2025-12-27T05:40:27.9759512Z   address:   0x851356ae760d987E095750cCeb3bC6014560891C
2025-12-27T05:40:27.9759871Z   function:  deposit(uint256 pid, uint256 amount)
2025-12-27T05:40:27.9760172Z   args:             (0, 99999999999990)
2025-12-27T05:40:27.9760479Z   sender:    0xf39fd6e51aad88f6f4ce6ab8827279cfffb92266
2025-12-27T05:40:27.9760681Z 
2025-12-27T05:40:27.9760866Z Docs: https://viem.sh/docs/contract/writeContract
2025-12-27T05:40:27.9761292Z Version: viem@2.43.3
2025-12-27T05:40:27.9761574Z    ✓ pool 1 (BTD/USDC LP) staked 9999999990
2025-12-27T05:40:27.9761913Z    ✓ pool 2 (BTB/BTD LP) staked 9999999999999990
2025-12-27T05:40:27.9762424Z    ✓ pool 3 (USDC) staked 1000000
2025-12-27T05:40:27.9762710Z    ✓ pool 4 (USDT) staked 1000000
2025-12-27T05:40:27.9762960Z    ✓ pool 5 (WBTC) staked 500
2025-12-27T05:40:27.9763244Z    ✓ pool 6 (WETH) staked 200000000000000
2025-12-27T05:40:27.9763568Z    ✓ pool 7 (stBTD) staked 1000000000000000000
2025-12-27T05:40:27.9763895Z    ✓ pool 8 (stBTB) staked 1000000000000000000
2025-12-27T05:40:27.9764207Z    ✓ pool 9 (BRS) staked 900000000000000000
2025-12-27T05:40:27.9764705Z => BRS rewards already in FarmingPool (from Ignition deployment)
2025-12-27T05:40:27.9765128Z => distribute test tokens to 4 specified addresses...
2025-12-27T05:40:27.9765691Z    ✓ 0x8F78bE5c6b41C2d7634d25C7db22b26409671ca9: 1000 WBTC, 100M USDC, 100M USDT, 1000 ETH
2025-12-27T05:40:27.9766350Z    ✓ 0xb53f41e806ab204b2525bd8b43909d47b32a04ac: 1000 WBTC, 100M USDC, 100M USDT, 1000 ETH
2025-12-27T05:40:27.9767017Z    ✓ 0x9b7cd6e80158361a513673b43ed6decc42a70eba: 1000 WBTC, 100M USDC, 100M USDT, 1000 ETH
2025-12-27T05:40:27.9767671Z    ✓ 0xc593617408c1de3561bec95cdbc316b3cb823c8d: 1000 WBTC, 100M USDC, 100M USDT, 1000 ETH
2025-12-27T05:40:27.9768071Z ✅ init done
2025-12-27T05:40:27.9805641Z ##[group]Run actions/upload-artifact@v4
2025-12-27T05:40:27.9805905Z with:
2025-12-27T05:40:27.9806088Z   name: e2e-results-pool-nav
2025-12-27T05:40:27.9806700Z   path: interface/test-results/
interface/playwright-report/
/tmp/interface-dev.log
/tmp/hardhat.log
/tmp/ignition-deploy.log
/tmp/init-full-system.log

2025-12-27T05:40:27.9807313Z   retention-days: 7
2025-12-27T05:40:27.9807504Z   if-no-files-found: warn
2025-12-27T05:40:27.9807711Z   compression-level: 6
2025-12-27T05:40:27.9807895Z   overwrite: false
2025-12-27T05:40:27.9808081Z   include-hidden-files: false
2025-12-27T05:40:27.9808285Z env:
2025-12-27T05:40:27.9808429Z   CI: true
2025-12-27T05:40:27.9808586Z   TEST_SUITE: full
2025-12-27T05:40:27.9808761Z   WALLET_PROVIDER: okx
2025-12-27T05:40:27.9808945Z ##[endgroup]
2025-12-27T05:40:28.2332873Z Multiple search paths detected. Calculating the least common ancestor of all paths
2025-12-27T05:40:28.2337471Z The least common ancestor is /. This will be the root directory of the artifact
2025-12-27T05:40:28.2338322Z With the provided path, there will be 58 files uploaded
2025-12-27T05:40:28.2339708Z Artifact name is valid!
2025-12-27T05:40:28.2341693Z Root directory input is valid!
2025-12-27T05:40:28.4844431Z Beginning upload of artifact content to blob storage
2025-12-27T05:40:29.6769905Z Uploaded bytes 4090736
2025-12-27T05:40:29.7658456Z Finished uploading artifact content to blob storage!
2025-12-27T05:40:29.7661669Z SHA256 digest of uploaded artifact zip is 65339010bed6dec2d3d245b56c0112bcd02c90fdbd70164d7a2468ec925e7da1
2025-12-27T05:40:29.7663047Z Finalizing artifact upload
2025-12-27T05:40:29.8864416Z Artifact e2e-results-pool-nav.zip successfully finalized. Artifact ID 4974181456
2025-12-27T05:40:29.8865553Z Artifact e2e-results-pool-nav has been successfully uploaded! Final size is 4090736 bytes. Artifact ID is 4974181456
2025-12-27T05:40:29.8871600Z Artifact download URL: https://github.com/bitres-labs/interface/actions/runs/20534701912/artifacts/4974181456
2025-12-27T05:40:29.8989003Z ##[group]Run if [ -f /tmp/interface-dev.pid ]; then
2025-12-27T05:40:29.8989383Z [36;1mif [ -f /tmp/interface-dev.pid ]; then[0m
2025-12-27T05:40:29.8989705Z [36;1m  kill "$(cat /tmp/interface-dev.pid)" || true[0m
2025-12-27T05:40:29.8989974Z [36;1mfi[0m
2025-12-27T05:40:29.9022451Z shell: /usr/bin/bash -e {0}
2025-12-27T05:40:29.9022672Z env:
2025-12-27T05:40:29.9022827Z   CI: true
2025-12-27T05:40:29.9022994Z   TEST_SUITE: full
2025-12-27T05:40:29.9023180Z   WALLET_PROVIDER: okx
2025-12-27T05:40:29.9023374Z ##[endgroup]
2025-12-27T05:40:29.9150184Z Post job cleanup.
2025-12-27T05:40:30.0088830Z [command]/usr/bin/git version
2025-12-27T05:40:30.0123862Z git version 2.52.0
2025-12-27T05:40:30.0166976Z Temporarily overriding HOME='/home/runner/work/_temp/cdee12e4-2491-4584-8545-d949dfaa40a9' before making global git config changes
2025-12-27T05:40:30.0168711Z Adding repository directory to the temporary git global config as a safe directory
2025-12-27T05:40:30.0173669Z [command]/usr/bin/git config --global --add safe.directory /home/runner/work/interface/interface/bitres
2025-12-27T05:40:30.0207860Z [command]/usr/bin/git config --local --name-only --get-regexp core\.sshCommand
2025-12-27T05:40:30.0239771Z [command]/usr/bin/git submodule foreach --recursive sh -c "git config --local --name-only --get-regexp 'core\.sshCommand' && git config --local --unset-all 'core.sshCommand' || :"
2025-12-27T05:40:30.0458932Z Entering 'lib/forge-std'
2025-12-27T05:40:30.0519891Z [command]/usr/bin/git config --local --name-only --get-regexp http\.https\:\/\/github\.com\/\.extraheader
2025-12-27T05:40:30.0540668Z http.https://github.com/.extraheader
2025-12-27T05:40:30.0553399Z [command]/usr/bin/git config --local --unset-all http.https://github.com/.extraheader
2025-12-27T05:40:30.0582624Z [command]/usr/bin/git submodule foreach --recursive sh -c "git config --local --name-only --get-regexp 'http\.https\:\/\/github\.com\/\.extraheader' && git config --local --unset-all 'http.https://github.com/.extraheader' || :"
2025-12-27T05:40:30.0787483Z Entering 'lib/forge-std'
2025-12-27T05:40:30.0811047Z http.https://github.com/.extraheader
2025-12-27T05:40:30.0858547Z [command]/usr/bin/git config --local --name-only --get-regexp ^includeIf\.gitdir:
2025-12-27T05:40:30.0889136Z [command]/usr/bin/git submodule foreach --recursive git config --local --show-origin --name-only --get-regexp remote.origin.url
2025-12-27T05:40:30.1101986Z Entering 'lib/forge-std'
2025-12-27T05:40:30.1120407Z file:/home/runner/work/interface/interface/bitres/.git/modules/lib/forge-std/config	remote.origin.url
2025-12-27T05:40:30.1156092Z [command]/usr/bin/git config --file /home/runner/work/interface/interface/bitres/.git/modules/lib/forge-std/config --name-only --get-regexp ^includeIf\.gitdir:
2025-12-27T05:40:30.1309726Z Post job cleanup.
2025-12-27T05:40:30.2243568Z [command]/usr/bin/git version
2025-12-27T05:40:30.2279428Z git version 2.52.0
2025-12-27T05:40:30.2321783Z Temporarily overriding HOME='/home/runner/work/_temp/0bbe5fee-4261-4c21-8f7f-706fa2ec5fb7' before making global git config changes
2025-12-27T05:40:30.2322749Z Adding repository directory to the temporary git global config as a safe directory
2025-12-27T05:40:30.2327235Z [command]/usr/bin/git config --global --add safe.directory /home/runner/work/interface/interface/interface
2025-12-27T05:40:30.2367299Z [command]/usr/bin/git config --local --name-only --get-regexp core\.sshCommand
2025-12-27T05:40:30.2399046Z [command]/usr/bin/git submodule foreach --recursive sh -c "git config --local --name-only --get-regexp 'core\.sshCommand' && git config --local --unset-all 'core.sshCommand' || :"
2025-12-27T05:40:30.2628554Z [command]/usr/bin/git config --local --name-only --get-regexp http\.https\:\/\/github\.com\/\.extraheader
2025-12-27T05:40:30.2651263Z http.https://github.com/.extraheader
2025-12-27T05:40:30.2667114Z [command]/usr/bin/git config --local --unset-all http.https://github.com/.extraheader
2025-12-27T05:40:30.2705403Z [command]/usr/bin/git submodule foreach --recursive sh -c "git config --local --name-only --get-regexp 'http\.https\:\/\/github\.com\/\.extraheader' && git config --local --unset-all 'http.https://github.com/.extraheader' || :"
2025-12-27T05:40:30.2938461Z [command]/usr/bin/git config --local --name-only --get-regexp ^includeIf\.gitdir:
2025-12-27T05:40:30.2974252Z [command]/usr/bin/git submodule foreach --recursive git config --local --show-origin --name-only --get-regexp remote.origin.url
2025-12-27T05:40:30.3297151Z Cleaning up orphan processes
2025-12-27T05:40:30.3623388Z Terminate orphan process: pid (5176) (npm exec hardhat node --hostname 0.0.0.0)
2025-12-27T05:40:30.3657188Z Terminate orphan process: pid (5189) (sh)
2025-12-27T05:40:30.3682880Z Terminate orphan process: pid (5190) (node)
2025-12-27T05:40:30.3716406Z Terminate orphan process: pid (5202) (esbuild)
2025-12-27T05:40:30.3749373Z Terminate orphan process: pid (5377) (node)
2025-12-27T05:40:30.3781917Z Terminate orphan process: pid (5384) (esbuild)
